Component: ARM Compiler 5.06 update 5 (build 528) Tool: armlink [4d35e2]

==============================================================================

Section Cross References

    main.o(i.assert_nrf_callback) refers to app_error.o(i.app_error_handler) for app_error_handler
    main.o(i.ble_evt_handler) refers to nrf_log_frontend.o(i.nrf_log_frontend_std_0) for nrf_log_frontend_std_0
    main.o(i.ble_evt_handler) refers to bsp.o(i.bsp_indication_set) for bsp_indication_set
    main.o(i.ble_evt_handler) refers to app_error.o(i.app_error_handler_bare) for app_error_handler_bare
    main.o(i.ble_evt_handler) refers to nrf_log_frontend.o(i.nrf_log_frontend_std_6) for nrf_log_frontend_std_6
    main.o(i.ble_evt_handler) refers to ble_nus_c.o(i.ble_nus_c_handles_assign) for ble_nus_c_handles_assign
    main.o(i.ble_evt_handler) refers to ble_db_discovery.o(i.ble_db_discovery_start) for ble_db_discovery_start
    main.o(i.ble_evt_handler) refers to main.o(i.scan_start) for scan_start
    main.o(i.ble_evt_handler) refers to nrf_log_frontend.o(log_dynamic_data) for m_nrf_log_app_logs_data_dynamic
    main.o(i.ble_evt_handler) refers to main.o(.constdata) for .constdata
    main.o(i.ble_evt_handler) refers to main.o(.bss) for .bss
    main.o(i.ble_evt_handler) refers to main.o(.data) for .data
    main.o(i.ble_nus_c_evt_handler) refers to nrf_log_frontend.o(i.nrf_log_frontend_std_0) for nrf_log_frontend_std_0
    main.o(i.ble_nus_c_evt_handler) refers to main.o(i.scan_start) for scan_start
    main.o(i.ble_nus_c_evt_handler) refers to ble_nus_c.o(i.ble_nus_c_handles_assign) for ble_nus_c_handles_assign
    main.o(i.ble_nus_c_evt_handler) refers to app_error.o(i.app_error_handler_bare) for app_error_handler_bare
    main.o(i.ble_nus_c_evt_handler) refers to ble_nus_c.o(i.ble_nus_c_tx_notif_enable) for ble_nus_c_tx_notif_enable
    main.o(i.ble_nus_c_evt_handler) refers to printf1.o(i.__0printf$1) for __2printf
    main.o(i.ble_nus_c_evt_handler) refers to nrf_log_frontend.o(log_dynamic_data) for m_nrf_log_app_logs_data_dynamic
    main.o(i.bsp_event_handler) refers to nrf_pwr_mgmt.o(i.nrf_pwr_mgmt_shutdown) for nrf_pwr_mgmt_shutdown
    main.o(i.bsp_event_handler) refers to app_error.o(i.app_error_handler_bare) for app_error_handler_bare
    main.o(i.bsp_event_handler) refers to main.o(.bss) for .bss
    main.o(i.db_disc_handler) refers to ble_nus_c.o(i.ble_nus_c_on_db_disc_evt) for ble_nus_c_on_db_disc_evt
    main.o(i.db_disc_handler) refers to main.o(.bss) for .bss
    main.o(i.gatt_evt_handler) refers to nrf_log_frontend.o(i.nrf_log_frontend_std_0) for nrf_log_frontend_std_0
    main.o(i.gatt_evt_handler) refers to nrf_log_frontend.o(i.nrf_log_frontend_std_2) for nrf_log_frontend_std_2
    main.o(i.gatt_evt_handler) refers to nrf_log_frontend.o(log_dynamic_data) for m_nrf_log_app_logs_data_dynamic
    main.o(i.gatt_evt_handler) refers to main.o(.data) for .data
    main.o(i.gatt_init) refers to nrf_ble_gatt.o(i.nrf_ble_gatt_init) for nrf_ble_gatt_init
    main.o(i.gatt_init) refers to app_error.o(i.app_error_handler_bare) for app_error_handler_bare
    main.o(i.gatt_init) refers to nrf_ble_gatt.o(i.nrf_ble_gatt_att_mtu_central_set) for nrf_ble_gatt_att_mtu_central_set
    main.o(i.gatt_init) refers to main.o(i.gatt_evt_handler) for gatt_evt_handler
    main.o(i.gatt_init) refers to main.o(.bss) for .bss
    main.o(i.main) refers to nrf_log_frontend.o(i.nrf_log_init) for nrf_log_init
    main.o(i.main) refers to app_error.o(i.app_error_handler_bare) for app_error_handler_bare
    main.o(i.main) refers to nrf_log_default_backends.o(i.nrf_log_default_backends_init) for nrf_log_default_backends_init
    main.o(i.main) refers to app_timer.o(i.app_timer_init) for app_timer_init
    main.o(i.main) refers to nrf_pwr_mgmt.o(i.nrf_pwr_mgmt_init) for nrf_pwr_mgmt_init
    main.o(i.main) refers to memcpya.o(.text) for __aeabi_memcpy4
    main.o(i.main) refers to app_uart_fifo.o(i.app_uart_init) for app_uart_init
    main.o(i.main) refers to bsp.o(i.bsp_init) for bsp_init
    main.o(i.main) refers to bsp_btn_ble.o(i.bsp_btn_ble_init) for bsp_btn_ble_init
    main.o(i.main) refers to ble_db_discovery.o(i.ble_db_discovery_init) for ble_db_discovery_init
    main.o(i.main) refers to nrf_sdh.o(i.nrf_sdh_enable_request) for nrf_sdh_enable_request
    main.o(i.main) refers to nrf_sdh_ble.o(i.nrf_sdh_ble_default_cfg_set) for nrf_sdh_ble_default_cfg_set
    main.o(i.main) refers to nrf_sdh_ble.o(i.nrf_sdh_ble_enable) for nrf_sdh_ble_enable
    main.o(i.main) refers to main.o(i.gatt_init) for gatt_init
    main.o(i.main) refers to ble_nus_c.o(i.ble_nus_c_init) for ble_nus_c_init
    main.o(i.main) refers to printf1.o(i.__0printf$1) for __2printf
    main.o(i.main) refers to nrf_log_frontend.o(i.nrf_log_frontend_std_0) for nrf_log_frontend_std_0
    main.o(i.main) refers to main.o(i.scan_start) for scan_start
    main.o(i.main) refers to nrf_log_frontend.o(i.nrf_log_frontend_dequeue) for nrf_log_frontend_dequeue
[...]
    log_const_data                           0x000273b4   Section        8  nrf_sdh.o(log_const_data)
    __tagsym$$used                           0x000273b4   Number         0  nrf_sdh.o(log_const_data)
    log_const_data                           0x000273bc   Section        8  nrf_sdh_ble.o(log_const_data)
    __tagsym$$used                           0x000273bc   Number         0  nrf_sdh_ble.o(log_const_data)
    log_const_data                           0x000273c4   Section        8  nrf_sdh_soc.o(log_const_data)
    __tagsym$$used                           0x000273c4   Number         0  nrf_sdh_soc.o(log_const_data)
    pwr_mgmt_data1                           0x000273cc   Section        4  main.o(pwr_mgmt_data1)
    __tagsym$$used                           0x000273cc   Number         0  main.o(pwr_mgmt_data1)
    shutdown_handler_handler_function        0x000273cc   Data           4  main.o(pwr_mgmt_data1)
    sdh_ble_observers1                       0x000273d0   Section       16  main.o(sdh_ble_observers1)
    __tagsym$$used                           0x000273d0   Number         0  main.o(sdh_ble_observers1)
    m_gatt_obs                               0x000273d0   Data           8  main.o(sdh_ble_observers1)
    __tagsym$$used                           0x000273d8   Number         0  main.o(sdh_ble_observers1)
    m_db_disc_obs                            0x000273d8   Data           8  main.o(sdh_ble_observers1)
    sdh_ble_observers1                       0x000273e0   Section        8  bsp_btn_ble.o(sdh_ble_observers1)
    __tagsym$$used                           0x000273e0   Number         0  bsp_btn_ble.o(sdh_ble_observers1)
    m_ble_observer                           0x000273e0   Data           8  bsp_btn_ble.o(sdh_ble_observers1)
    sdh_ble_observers2                       0x000273e8   Section        8  main.o(sdh_ble_observers2)
    __tagsym$$used                           0x000273e8   Number         0  main.o(sdh_ble_observers2)
    m_ble_nus_c_obs                          0x000273e8   Data           8  main.o(sdh_ble_observers2)
    sdh_ble_observers3                       0x000273f0   Section        8  main.o(sdh_ble_observers3)
    __tagsym$$used                           0x000273f0   Number         0  main.o(sdh_ble_observers3)
    m_ble_observer                           0x000273f0   Data           8  main.o(sdh_ble_observers3)
    sdh_soc_observers0                       0x000273f8   Section        8  nrf_drv_clock.o(sdh_soc_observers0)
    __tagsym$$used                           0x000273f8   Number         0  nrf_drv_clock.o(sdh_soc_observers0)
    m_soc_evt_observer                       0x000273f8   Data           8  nrf_drv_clock.o(sdh_soc_observers0)
    sdh_stack_observers0                     0x00027400   Section        8  nrf_sdh_ble.o(sdh_stack_observers0)
    __tagsym$$used                           0x00027400   Number         0  nrf_sdh_ble.o(sdh_stack_observers0)
    m_nrf_sdh_ble_evts_poll                  0x00027400   Data           8  nrf_sdh_ble.o(sdh_stack_observers0)
    sdh_stack_observers0                     0x00027408   Section        8  nrf_sdh_soc.o(sdh_stack_observers0)
    __tagsym$$used                           0x00027408   Number         0  nrf_sdh_soc.o(sdh_stack_observers0)
    m_nrf_sdh_soc_evts_poll                  0x00027408   Data           8  nrf_sdh_soc.o(sdh_stack_observers0)
    sdh_state_observers0                     0x00027410   Section        8  nrf_drv_clock.o(sdh_state_observers0)
    __tagsym$$used                           0x00027410   Number         0  nrf_drv_clock.o(sdh_state_observers0)
    m_sd_state_observer                      0x00027410   Data           8  nrf_drv_clock.o(sdh_state_observers0)
    .data                                    0x20002978   Section      720  main.o(.data)
    m_ble_nus_max_data_len                   0x20002978   Data           2  main.o(.data)
    index                                    0x2000297a   Data           2  main.o(.data)
    m_db_disc                                0x2000297c   Data         716  main.o(.data)
    .data                                    0x20002c48   Section       16  bsp.o(.data)
    current_long_push_pin_no                 0x20002c48   Data           1  bsp.o(.data)
    m_indication_type                        0x20002c4c   Data           4  bsp.o(.data)
    m_registered_callback                    0x20002c50   Data           4  bsp.o(.data)
    release_event_at_push                    0x20002c54   Data           4  bsp.o(.data)
    .data                                    0x20002c58   Section        8  bsp_btn_ble.o(.data)
    m_error_handler                          0x20002c58   Data           4  bsp_btn_ble.o(.data)
    m_num_connections                        0x20002c5c   Data           4  bsp_btn_ble.o(.data)
    .data                                    0x20002c60   Section       16  ble_db_discovery.o(.data)
    m_initialized                            0x20002c60   Data           1  ble_db_discovery.o(.data)
    m_evt_handler                            0x20002c64   Data           4  ble_db_discovery.o(.data)
    m_pending_usr_evt_index                  0x20002c68   Data           4  ble_db_discovery.o(.data)
    m_num_of_handlers_reg                    0x20002c6c   Data           4  ble_db_discovery.o(.data)
    .data                                    0x20002c70   Section       20  app_timer.o(.data)
    m_ticks_elapsed_q_read_ind               0x20002c70   Data           1  app_timer.o(.data)
    m_ticks_elapsed_q_write_ind              0x20002c71   Data           1  app_timer.o(.data)
    m_rtc1_running                           0x20002c72   Data           1  app_timer.o(.data)
    m_rtc1_reset                             0x20002c73   Data           1  app_timer.o(.data)
    mp_timer_id_head                         0x20002c74   Data           4  app_timer.o(.data)
    m_ticks_latest                           0x20002c78   Data           4  app_timer.o(.data)
    m_ticks_elapsed                          0x20002c7c   Data           8  app_timer.o(.data)
    .data                                    0x20002c84   Section       16  app_uart_fifo.o(.data)
    tx_buffer                                0x20002c84   Data           1  app_uart_fifo.o(.data)
    rx_buffer                                0x20002c85   Data           1  app_uart_fifo.o(.data)
    m_rx_ovf                                 0x20002c86   Data           1  app_uart_fifo.o(.data)
    m_event_handler                          0x20002c88   Data           4  app_uart_fifo.o(.data)
    app_uart_inst                            0x20002c8c   Data           8  app_uart_fifo.o(.data)
    .data                                    0x20002c94   Section        8  nrf_pwr_mgmt.o(.data)
    m_pwr_mgmt_evt                           0x20002c94   Data           1  nrf_pwr_mgmt.o(.data)
    m_shutdown_started                       0x20002c95   Data           1  nrf_pwr_mgmt.o(.data)
    m_sysoff_mtx                             0x20002c98   Data           4  nrf_pwr_mgmt.o(.data)
    .data                                    0x20002c9c   Section        4  retarget.o(.data)
    .data                                    0x20002ca0   Section       12  nrf_log_default_backends.o(.data)
    rtt_log_backend                          0x20002ca0   Data          12  nrf_log_default_backends.o(.data)
    .data                                    0x20002cac   Section        8  nrf_log_frontend.o(.data)
    mempool_nrf_balloc_pool_stack            0x20002cac   Data           8  nrf_log_frontend.o(.data)
    .data                                    0x20002cb4   Section        8  nrf_log_frontend.o(.data)
    mempool_nrf_balloc_cb                    0x20002cb4   Data           8  nrf_log_frontend.o(.data)
    .data                                    0x20002cbc   Section       56  nrf_log_str_formatter.o(.data)
    severity_names                           0x20002cbc   Data          20  nrf_log_str_formatter.o(.data)
    m_colors                                 0x20002cd0   Data          36  nrf_log_str_formatter.o(.data)
    .data                                    0x20002cf4   Section        3  nrf_sdh.o(.data)
    m_nrf_sdh_enabled                        0x20002cf4   Data           1  nrf_sdh.o(.data)
    m_nrf_sdh_suspended                      0x20002cf5   Data           1  nrf_sdh.o(.data)
    m_nrf_sdh_continue                       0x20002cf6   Data           1  nrf_sdh.o(.data)
    .data                                    0x20002cf8   Section        4  system_nrf52840.o(.data)
    __tagsym$$used                           0x20002cf8   Number         0  system_nrf52840.o(.data)
    log_dynamic_data                         0x20002cfc   Section       12  ble_db_discovery.o(log_dynamic_data)
    __tagsym$$used                           0x20002cfc   Number         0  ble_db_discovery.o(log_dynamic_data)
    log_dynamic_data                         0x20002d08   Section       12  nrf_ble_gatt.o(log_dynamic_data)
    __tagsym$$used                           0x20002d08   Number         0  nrf_ble_gatt.o(log_dynamic_data)
    log_dynamic_data                         0x20002d14   Section       12  ble_nus_c.o(log_dynamic_data)
    __tagsym$$used                           0x20002d14   Number         0  ble_nus_c.o(log_dynamic_data)
    log_dynamic_data                         0x20002d20   Section       12  nrf_drv_clock.o(log_dynamic_data)
    __tagsym$$used                           0x20002d20   Number         0  nrf_drv_clock.o(log_dynamic_data)
    log_dynamic_data                         0x20002d2c   Section       12  nrf_drv_gpiote.o(log_dynamic_data)
    __tagsym$$used                           0x20002d2c   Number         0  nrf_drv_gpiote.o(log_dynamic_data)
    log_dynamic_data                         0x20002d38   Section       12  nrf_drv_uart.o(log_dynamic_data)
    __tagsym$$used                           0x20002d38   Number         0  nrf_drv_uart.o(log_dynamic_data)
    log_dynamic_data                         0x20002d44   Section       12  nrf_balloc.o(log_dynamic_data)
    __tagsym$$used                           0x20002d44   Number         0  nrf_balloc.o(log_dynamic_data)
    log_dynamic_data                         0x20002d50   Section       12  nrf_pwr_mgmt.o(log_dynamic_data)
    __tagsym$$used                           0x20002d50   Number         0  nrf_pwr_mgmt.o(log_dynamic_data)
    log_dynamic_data                         0x20002d5c   Section       12  nrf_log_frontend.o(log_dynamic_data)
    __tagsym$$used                           0x20002d5c   Number         0  nrf_log_frontend.o(log_dynamic_data)
    log_dynamic_data                         0x20002d68   Section       12  nrf_sdh.o(log_dynamic_data)
    __tagsym$$used                           0x20002d68   Number         0  nrf_sdh.o(log_dynamic_data)
    log_dynamic_data                         0x20002d74   Section       12  nrf_sdh_ble.o(log_dynamic_data)
    __tagsym$$used                           0x20002d74   Number         0  nrf_sdh_ble.o(log_dynamic_data)
    log_dynamic_data                         0x20002d80   Section       12  nrf_sdh_soc.o(log_dynamic_data)
    __tagsym$$used                           0x20002d80   Number         0  nrf_sdh_soc.o(log_dynamic_data)
    .bss                                     0x20002d8c   Section      792  main.o(.bss)
    data_array                               0x20002d8c   Data         244  main.o(.bss)
    rx_buf                                   0x20002e80   Data         256  main.o(.bss)
    tx_buf                                   0x20002f80   Data         256  main.o(.bss)
    m_ble_nus_c                              0x20003080   Data          16  main.o(.bss)
    m_gatt                                   0x20003090   Data          20  main.o(.bss)
    .bss                                     0x200030a4   Section       32  bsp.o(.bss)
    m_leds_timer_id_data                     0x200030a4   Data          32  bsp.o(.bss)
    .bss                                     0x200030c4   Section       32  bsp.o(.bss)
    m_alert_timer_id_data                    0x200030c4   Data          32  bsp.o(.bss)
    .bss                                     0x200030e4   Section       12  bsp.o(.bss)
    m_events_list                            0x200030e4   Data          12  bsp.o(.bss)
    .bss                                     0x200030f0   Section       32  bsp.o(.bss)
    m_button_timer_id_data                   0x200030f0   Data          32  bsp.o(.bss)
    .bss                                     0x20003110   Section      792  ble_db_discovery.o(.bss)
    m_registered_handlers                    0x20003110   Data          24  ble_db_discovery.o(.bss)
    m_pending_user_evts                      0x20003128   Data         768  ble_db_discovery.o(.bss)
    .bss                                     0x20003428   Section       20  nrf_drv_clock.o(.bss)
    m_clock_cb                               0x20003428   Data          20  nrf_drv_clock.o(.bss)
    .bss                                     0x2000343c   Section      104  nrf_drv_gpiote.o(.bss)
    m_cb                                     0x2000343c   Data         104  nrf_drv_gpiote.o(.bss)
    .bss                                     0x200034a4   Section       32  nrf_drv_uart.o(.bss)
    m_cb                                     0x200034a4   Data          32  nrf_drv_uart.o(.bss)
    .bss                                     0x200034c4   Section      268  app_timer.o(.bss)
    m_op_queue                               0x200034c4   Data         268  app_timer.o(.bss)
    .bss                                     0x200035d0   Section       32  app_uart_fifo.o(.bss)
    m_rx_fifo                                0x200035d0   Data          16  app_uart_fifo.o(.bss)
    m_tx_fifo                                0x200035e0   Data          16  app_uart_fifo.o(.bss)
    .bss                                     0x200035f0   Section       12  app_util_platform.o(.bss)
    .bss                                     0x200035fc   Section       12  nrf_pwr_mgmt.o(.bss)
    m_handlers_iter                          0x200035fc   Data          12  nrf_pwr_mgmt.o(.bss)
    .bss                                     0x20003608   Section       64  nrf_log_backend_rtt.o(.bss)
    m_string_buff                            0x20003608   Data          64  nrf_log_backend_rtt.o(.bss)
    .bss                                     0x20003648   Section      192  nrf_log_frontend.o(.bss)
    mempool_nrf_balloc_pool_mem              0x20003648   Data         192  nrf_log_frontend.o(.bss)
    .bss                                     0x20003708   Section     1056  nrf_log_frontend.o(.bss)
    m_log_data                               0x20003708   Data        1056  nrf_log_frontend.o(.bss)
    .bss                                     0x20003b28   Section      648  segger_rtt.o(.bss)
    _acUpBuffer                              0x20003ba0   Data         512  segger_rtt.o(.bss)
    _acDownBuffer                            0x20003da0   Data          16  segger_rtt.o(.bss)
    STACK                                    0x20003db0   Section     8192  arm_startup_nrf52840.o(STACK)

    Global Symbols

    Symbol Name                              Value     Ov Type        Size  Object(Section)

    BuildAttributes$$THM_ISAv4$E$P$D$K$B$S$7EM$VFPi3$EXTD16$VFPS$VFMA$PE$A:L22UL41UL21$X:L11$S22US41US21$IEEE1$IW$USESV6$~STKCKD$USESV7$~SHL$OSPACE$ROPI$EBA8$MICROLIB$REQ8$PRES8$EABIv2 0x00000000   Number         0  anon$$obj.o ABSOLUTE
    __ARM_use_no_argv                        0x00000000   Number         0  main.o ABSOLUTE
    _printf_a                                0x00000000   Number         0  stubs.o ABSOLUTE
    _printf_c                                0x00000000   Number         0  stubs.o ABSOLUTE
    _printf_charcount                        0x00000000   Number         0  stubs.o ABSOLUTE
    _printf_d                                0x00000000   Number         0  stubs.o ABSOLUTE
    _printf_e                                0x00000000   Number         0  stubs.o ABSOLUTE
    _printf_f                                0x00000000   Number         0  stubs.o ABSOLUTE
    _printf_flags                            0x00000000   Number         0  stubs.o ABSOLUTE
    _printf_fp_dec                           0x00000000   Number         0  stubs.o ABSOLUTE
    _printf_fp_hex                           0x00000000   Number         0  stubs.o ABSOLUTE
    _printf_g                                0x00000000   Number         0  stubs.o ABSOLUTE
    _printf_i                                0x00000000   Number         0  stubs.o ABSOLUTE
    _printf_int_dec                          0x00000000   Number         0  stubs.o ABSOLUTE
    _printf_l                                0x00000000   Number         0  stubs.o ABSOLUTE
    _printf_lc                               0x00000000   Number         0  stubs.o ABSOLUTE
    _printf_ll                               0x00000000   Number         0  stubs.o ABSOLUTE
    _printf_lld                              0x00000000   Number         0  stubs.o ABSOLUTE
    _printf_lli                              0x00000000   Number         0  stubs.o ABSOLUTE
    _printf_llo                              0x00000000   Number         0  stubs.o ABSOLUTE
    _printf_llu                              0x00000000   Number         0  stubs.o ABSOLUTE
    _printf_llx                              0x00000000   Number         0  stubs.o ABSOLUTE
    _printf_longlong_dec                     0x00000000   Number         0  stubs.o ABSOLUTE
    _printf_longlong_hex                     0x00000000   Number         0  stubs.o ABSOLUTE
    _printf_longlong_oct                     0x00000000   Number         0  stubs.o ABSOLUTE
    _printf_ls                               0x00000000   Number         0  stubs.o ABSOLUTE
    _printf_mbtowc                           0x00000000   Number         0  stubs.o ABSOLUTE
    _printf_n                                0x00000000   Number         0  stubs.o ABSOLUTE
    _printf_o                                0x00000000   Number         0  stubs.o ABSOLUTE
    _printf_p                                0x00000000   Number         0  stubs.o ABSOLUTE
    _printf_percent                          0x00000000   Number         0  stubs.o ABSOLUTE
    _printf_pre_padding                      0x00000000   Number         0  stubs.o ABSOLUTE
    _printf_return_value                     0x00000000   Number         0  stubs.o ABSOLUTE
    _printf_s                                0x00000000   Number         0  stubs.o ABSOLUTE
    _printf_sizespec                         0x00000000   Number         0  stubs.o ABSOLUTE
    _printf_str                              0x00000000   Number         0  stubs.o ABSOLUTE
    _printf_truncate_signed                  0x00000000   Number         0  stubs.o ABSOLUTE
    _printf_truncate_unsigned                0x00000000   Number         0  stubs.o ABSOLUTE
    _printf_u                                0x00000000   Number         0  stubs.o ABSOLUTE
    _printf_wc                               0x00000000   Number         0  stubs.o ABSOLUTE
    _printf_wctomb                           0x00000000   Number         0  stubs.o ABSOLUTE
    _printf_widthprec                        0x00000000   Number         0  stubs.o ABSOLUTE
    _printf_x                                0x00000000   Number         0  stubs.o ABSOLUTE
    __cpp_initialize__aeabi_                  - Undefined Weak Reference
    __cxa_finalize                            - Undefined Weak Reference
    _clock_init                               - Undefined Weak Reference
    _microlib_exit                            - Undefined Weak Reference
    pwr_mgmt_data0$$Base                      - Undefined Reference
    pwr_mgmt_data0$$Limit                     - Undefined Reference
    pwr_mgmt_data2$$Base                      - Undefined Reference
    pwr_mgmt_data2$$Limit                     - Undefined Reference
    sdh_ble_observers0$$Base                  - Undefined Reference
    sdh_ble_observers0$$Limit                 - Undefined Reference
    sdh_req_observers0$$Base                  - Undefined Reference
    sdh_req_observers0$$Limit                 - Undefined Reference
    sdh_req_observers1$$Base                  - Undefined Reference
    sdh_req_observers1$$Limit                 - Undefined Reference
    sdh_soc_observers1$$Base                  - Undefined Reference
    sdh_soc_observers1$$Limit                 - Undefined Reference
    sdh_stack_observers1$$Base                - Undefined Reference
    sdh_stack_observers1$$Limit               - Undefined Reference
    sdh_state_observers1$$Base                - Undefined Reference
    sdh_state_observers1$$Limit               - Undefined Reference
    __Vectors_Size                           0x00000200   Number         0  arm_startup_nrf52840.o ABSOLUTE
    __Vectors                                0x00022000   Data           4  arm_startup_nrf52840.o(RESET)
    __Vectors_End                            0x00022200   Data           0  arm_startup_nrf52840.o(RESET)
    __main                                   0x00022201   Thumb Code     0  entry.o(.ARM.Collect$$$$00000000)
    _main_stk                                0x00022201   Thumb Code     0  entry2.o(.ARM.Collect$$$$00000001)
    _main_scatterload                        0x00022205   Thumb Code     0  entry5.o(.ARM.Collect$$$$00000004)
    __main_after_scatterload                 0x00022209   Thumb Code     0  entry5.o(.ARM.Collect$$$$00000004)
    _main_clock                              0x00022209   Thumb Code     0  entry7b.o(.ARM.Collect$$$$00000008)
    _main_cpp_init                           0x00022209   Thumb Code     0  entry8b.o(.ARM.Collect$$$$0000000A)
    _main_init                               0x00022209   Thumb Code     0  entry9a.o(.ARM.Collect$$$$0000000B)
    __rt_final_cpp                           0x00022211   Thumb Code     0  entry10a.o(.ARM.Collect$$$$0000000D)
    __rt_final_exit                          0x00022211   Thumb Code     0  entry11a.o(.ARM.Collect$$$$0000000F)
    __asm___12_nrf_memobj_c_9bb9f865__nrf_atomic_internal_mov 0x00022215   Thumb Code    24  nrf_memobj.o(.emb_text)
    __asm___12_nrf_memobj_c_9bb9f865__nrf_atomic_internal_orr 0x0002222d   Thumb Code    26  nrf_memobj.o(.emb_text)
    __asm___12_nrf_memobj_c_9bb9f865__nrf_atomic_internal_and 0x00022247   Thumb Code    26  nrf_memobj.o(.emb_text)
    __asm___12_nrf_memobj_c_9bb9f865__nrf_atomic_internal_eor 0x00022261   Thumb Code    26  nrf_memobj.o(.emb_text)
    __asm___12_nrf_memobj_c_9bb9f865__nrf_atomic_internal_add 0x0002227b   Thumb Code    26  nrf_memobj.o(.emb_text)
    __asm___12_nrf_memobj_c_9bb9f865__nrf_atomic_internal_sub 0x00022295   Thumb Code    26  nrf_memobj.o(.emb_text)
    __asm___14_nrf_pwr_mgmt_c_f22138a6__nrf_atomic_internal_mov 0x000222b1   Thumb Code    24  nrf_pwr_mgmt.o(.emb_text)
    __asm___14_nrf_pwr_mgmt_c_f22138a6__nrf_atomic_internal_orr 0x000222c9   Thumb Code    26  nrf_pwr_mgmt.o(.emb_text)
    __asm___14_nrf_pwr_mgmt_c_f22138a6__nrf_atomic_internal_and 0x000222e3   Thumb Code    26  nrf_pwr_mgmt.o(.emb_text)
    __asm___14_nrf_pwr_mgmt_c_f22138a6__nrf_atomic_internal_eor 0x000222fd   Thumb Code    26  nrf_pwr_mgmt.o(.emb_text)
    __asm___14_nrf_pwr_mgmt_c_f22138a6__nrf_atomic_internal_add 0x00022317   Thumb Code    26  nrf_pwr_mgmt.o(.emb_text)
    __asm___14_nrf_pwr_mgmt_c_f22138a6__nrf_atomic_internal_sub 0x00022331   Thumb Code    26  nrf_pwr_mgmt.o(.emb_text)
    __asm___18_nrf_log_frontend_c_bc460776__nrf_atomic_internal_mov 0x0002234d   Thumb Code    24  nrf_log_frontend.o(.emb_text)
    __asm___18_nrf_log_frontend_c_bc460776__nrf_atomic_internal_orr 0x00022365   Thumb Code    26  nrf_log_frontend.o(.emb_text)
    __asm___18_nrf_log_frontend_c_bc460776__nrf_atomic_internal_and 0x0002237f   Thumb Code    26  nrf_log_frontend.o(.emb_text)
    __asm___18_nrf_log_frontend_c_bc460776__nrf_atomic_internal_eor 0x00022399   Thumb Code    26  nrf_log_frontend.o(.emb_text)
    __asm___18_nrf_log_frontend_c_bc460776__nrf_atomic_internal_add 0x000223b3   Thumb Code    26  nrf_log_frontend.o(.emb_text)
    __asm___18_nrf_log_frontend_c_bc460776__nrf_atomic_internal_sub 0x000223cd   Thumb Code    26  nrf_log_frontend.o(.emb_text)
    Reset_Handler                            0x000223e9   Thumb Code     8  arm_startup_nrf52840.o(.text)
    NMI_Handler                              0x000223f1   Thumb Code     2  arm_startup_nrf52840.o(.text)
    HardFault_Handler                        0x000223f3   Thumb Code     2  arm_startup_nrf52840.o(.text)
    MemoryManagement_Handler                 0x000223f5   Thumb Code     2  arm_startup_nrf52840.o(.text)
    BusFault_Handler                         0x000223f7   Thumb Code     2  arm_startup_nrf52840.o(.text)
    UsageFault_Handler                       0x000223f9   Thumb Code     2  arm_startup_nrf52840.o(.text)
    SVC_Handler                              0x000223fb   Thumb Code     2  arm_startup_nrf52840.o(.text)
    DebugMon_Handler                         0x000223fd   Thumb Code     2  arm_startup_nrf52840.o(.text)
    PendSV_Handler                           0x000223ff   Thumb Code     2  arm_startup_nrf52840.o(.text)
    SysTick_Handler                          0x00022401   Thumb Code     2  arm_startup_nrf52840.o(.text)
    CCM_AAR_IRQHandler                       0x00022403   Thumb Code     0  arm_startup_nrf52840.o(.text)
    COMP_LPCOMP_IRQHandler                   0x00022403   Thumb Code     0  arm_startup_nrf52840.o(.text)
    CRYPTOCELL_IRQHandler                    0x00022403   Thumb Code     0  arm_startup_nrf52840.o(.text)
    ECB_IRQHandler                           0x00022403   Thumb Code     0  arm_startup_nrf52840.o(.text)
    FPU_IRQHandler                           0x00022403   Thumb Code     0  arm_startup_nrf52840.o(.text)
    I2S_IRQHandler                           0x00022403   Thumb Code     0  arm_startup_nrf52840.o(.text)
    MWU_IRQHandler                           0x00022403   Thumb Code     0  arm_startup_nrf52840.o(.text)
    NFCT_IRQHandler                          0x00022403   Thumb Code     0  arm_startup_nrf52840.o(.text)
    PDM_IRQHandler                           0x00022403   Thumb Code     0  arm_startup_nrf52840.o(.text)
    PWM0_IRQHandler                          0x00022403   Thumb Code     0  arm_startup_nrf52840.o(.text)
    PWM1_IRQHandler                          0x00022403   Thumb Code     0  arm_startup_nrf52840.o(.text)
    PWM2_IRQHandler                          0x00022403   Thumb Code     0  arm_startup_nrf52840.o(.text)
    PWM3_IRQHandler                          0x00022403   Thumb Code     0  arm_startup_nrf52840.o(.text)
    QDEC_IRQHandler                          0x00022403   Thumb Code     0  arm_startup_nrf52840.o(.text)
    QSPI_IRQHandler                          0x00022403   Thumb Code     0  arm_startup_nrf52840.o(.text)
    RADIO_IRQHandler                         0x00022403   Thumb Code     0  arm_startup_nrf52840.o(.text)
    RNG_IRQHandler                           0x00022403   Thumb Code     0  arm_startup_nrf52840.o(.text)
    RTC0_IRQHandler                          0x00022403   Thumb Code     0  arm_startup_nrf52840.o(.text)
    RTC2_IRQHandler                          0x00022403   Thumb Code     0  arm_startup_nrf52840.o(.text)
    SAADC_IRQHandler                         0x00022403   Thumb Code     0  arm_startup_nrf52840.o(.text)
    SPIM0_SPIS0_TWIM0_TWIS0_SPI0_TWI0_IRQHandler 0x00022403   Thumb Code     0  arm_startup_nrf52840.o(.text)
    SPIM1_SPIS1_TWIM1_TWIS1_SPI1_TWI1_IRQHandler 0x00022403   Thumb Code     0  arm_startup_nrf52840.o(.text)
    SPIM2_SPIS2_SPI2_IRQHandler              0x00022403   Thumb Code     0  arm_startup_nrf52840.o(.text)
    SPIM3_IRQHandler                         0x00022403   Thumb Code     0  arm_startup_nrf52840.o(.text)
    SWI1_EGU1_IRQHandler                     0x00022403   Thumb Code     0  arm_startup_nrf52840.o(.text)
    SWI3_EGU3_IRQHandler                     0x00022403   Thumb Code     0  arm_startup_nrf52840.o(.text)
    SWI4_EGU4_IRQHandler                     0x00022403   Thumb Code     0  arm_startup_nrf52840.o(.text)
    SWI5_EGU5_IRQHandler                     0x00022403   Thumb Code     0  arm_startup_nrf52840.o(.text)
    TEMP_IRQHandler                          0x00022403   Thumb Code     0  arm_startup_nrf52840.o(.text)
    TIMER0_IRQHandler                        0x00022403   Thumb Code     0  arm_startup_nrf52840.o(.text)
    TIMER1_IRQHandler                        0x00022403   Thumb Code     0  arm_startup_nrf52840.o(.text)
    TIMER2_IRQHandler                        0x00022403   Thumb Code     0  arm_startup_nrf52840.o(.text)
    TIMER3_IRQHandler                        0x00022403   Thumb Code     0  arm_startup_nrf52840.o(.text)
    TIMER4_IRQHandler                        0x00022403   Thumb Code     0  arm_startup_nrf52840.o(.text)
    UARTE1_IRQHandler                        0x00022403   Thumb Code     0  arm_startup_nrf52840.o(.text)
    USBD_IRQHandler                          0x00022403   Thumb Code     0  arm_startup_nrf52840.o(.text)
    WDT_IRQHandler                           0x00022403   Thumb Code     0  arm_startup_nrf52840.o(.text)
    __rt_ctype_table                         0x0002240d   Thumb Code     4  ctype_o.o(.text)
    __aeabi_memcpy                           0x00022415   Thumb Code    36  memcpya.o(.text)
    __aeabi_memcpy4                          0x00022415   Thumb Code     0  memcpya.o(.text)
    __aeabi_memcpy8                          0x00022415   Thumb Code     0  memcpya.o(.text)
    __aeabi_memset                           0x00022439   Thumb Code    14  memseta.o(.text)
    __aeabi_memset4                          0x00022439   Thumb Code     0  memseta.o(.text)
    __aeabi_memset8                          0x00022439   Thumb Code     0  memseta.o(.text)
    __aeabi_memclr                           0x00022447   Thumb Code     4  memseta.o(.text)
    __aeabi_memclr4                          0x00022447   Thumb Code     0  memseta.o(.text)
    __aeabi_memclr8                          0x00022447   Thumb Code     0  memseta.o(.text)
    _memset$wrapper                          0x0002244b   Thumb Code    18  memseta.o(.text)
    strlen                                   0x0002245d   Thumb Code    14  strlen.o(.text)
    strcpy                                   0x0002246b   Thumb Code    18  strcpy.o(.text)
    __aeabi_uidiv                            0x0002247d   Thumb Code     0  uidiv.o(.text)
    __aeabi_uidivmod                         0x0002247d   Thumb Code    44  uidiv.o(.text)
    __scatterload                            0x000224a9   Thumb Code    28  init.o(.text)
    __scatterload_rt2                        0x000224a9   Thumb Code     0  init.o(.text)
    __decompress                             0x000224cd   Thumb Code     0  __dczerorl2.o(.text)
    __decompress1                            0x000224cd   Thumb Code    86  __dczerorl2.o(.text)
    GPIOTE_IRQHandler                        0x00022525   Thumb Code   444  nrf_drv_gpiote.o(i.GPIOTE_IRQHandler)
    POWER_CLOCK_IRQHandler                   0x0002274d   Thumb Code    84  nrf_drv_clock.o(i.POWER_CLOCK_IRQHandler)
    RTC1_IRQHandler                          0x000227a5   Thumb Code    32  app_timer.o(i.RTC1_IRQHandler)
    SEGGER_RTT_Init                          0x000227c9   Thumb Code     4  segger_rtt.o(i.SEGGER_RTT_Init)
    SEGGER_RTT_WriteNoLock                   0x000227cd   Thumb Code    86  segger_rtt.o(i.SEGGER_RTT_WriteNoLock)
    SWI0_EGU0_IRQHandler                     0x00022829   Thumb Code     4  app_timer.o(i.SWI0_EGU0_IRQHandler)
    SWI2_EGU2_IRQHandler                     0x0002282d   Thumb Code     4  nrf_sdh.o(i.SWI2_EGU2_IRQHandler)
    SystemInit                               0x00022831   Thumb Code   416  system_nrf52840.o(i.SystemInit)
    UARTE0_UART0_IRQHandler                  0x00022a0d   Thumb Code    20  nrf_drv_uart.o(i.UARTE0_UART0_IRQHandler)
    __0printf$1                              0x00022b45   Thumb Code    22  printf1.o(i.__0printf$1)
    __1printf$1                              0x00022b45   Thumb Code     0  printf1.o(i.__0printf$1)
    __2printf                                0x00022b45   Thumb Code     0  printf1.o(i.__0printf$1)
    __scatterload_copy                       0x00022b65   Thumb Code    14  handlers.o(i.__scatterload_copy)
    __scatterload_null                       0x00022b73   Thumb Code     2  handlers.o(i.__scatterload_null)
    __scatterload_zeroinit                   0x00022b75   Thumb Code    14  handlers.o(i.__scatterload_zeroinit)
    app_error_fault_handler                  0x00022d39   Thumb Code    80  app_error_weak.o(i.app_error_fault_handler)
    app_error_handler_bare                   0x00022db1   Thumb Code    22  app_error.o(i.app_error_handler_bare)
    app_fifo_get                             0x00022dc7   Thumb Code    22  app_fifo.o(i.app_fifo_get)
    app_fifo_init                            0x00022ddd   Thumb Code    32  app_fifo.o(i.app_fifo_init)
    app_fifo_put                             0x00022dfd   Thumb Code    26  app_fifo.o(i.app_fifo_put)
    app_timer_create                         0x00022e19   Thumb Code    32  app_timer.o(i.app_timer_create)
    app_timer_init                           0x00022e3d   Thumb Code    70  app_timer.o(i.app_timer_init)
    app_timer_start                          0x00022e91   Thumb Code   128  app_timer.o(i.app_timer_start)
    app_timer_stop                           0x00022f19   Thumb Code    26  app_timer.o(i.app_timer_stop)
    app_uart_get                             0x00022f39   Thumb Code    42  app_uart_fifo.o(i.app_uart_get)
    app_uart_init                            0x00022f6d   Thumb Code   164  app_uart_fifo.o(i.app_uart_init)
    app_uart_put                             0x00023021   Thumb Code    52  app_uart_fifo.o(i.app_uart_put)
    app_util_critical_region_enter           0x0002305d   Thumb Code    64  app_util_platform.o(i.app_util_critical_region_enter)
    app_util_critical_region_exit            0x000230a5   Thumb Code    46  app_util_platform.o(i.app_util_critical_region_exit)
    ble_db_discovery_evt_register            0x00023181   Thumb Code    56  ble_db_discovery.o(i.ble_db_discovery_evt_register)
    ble_db_discovery_init                    0x000231c1   Thumb Code    24  ble_db_discovery.o(i.ble_db_discovery_init)
    ble_db_discovery_on_ble_evt              0x000231dd   Thumb Code   138  ble_db_discovery.o(i.ble_db_discovery_on_ble_evt)
    ble_db_discovery_start                   0x0002326d   Thumb Code    34  ble_db_discovery.o(i.ble_db_discovery_start)
    ble_nus_c_handles_assign                 0x00023591   Thumb Code    26  ble_nus_c.o(i.ble_nus_c_handles_assign)
    ble_nus_c_init                           0x000235ad   Thumb Code    72  ble_nus_c.o(i.ble_nus_c_init)
    ble_nus_c_on_ble_evt                     0x000235f9   Thumb Code   108  ble_nus_c.o(i.ble_nus_c_on_ble_evt)
    ble_nus_c_on_db_disc_evt                 0x00023665   Thumb Code   128  ble_nus_c.o(i.ble_nus_c_on_db_disc_evt)
    ble_nus_c_string_send                    0x000236e5   Thumb Code    82  ble_nus_c.o(i.ble_nus_c_string_send)
    ble_nus_c_tx_notif_enable                0x00023771   Thumb Code    66  ble_nus_c.o(i.ble_nus_c_tx_notif_enable)
    bsp_board_button_idx_to_pin              0x000237b9   Thumb Code     6  boards.o(i.bsp_board_button_idx_to_pin)
    bsp_board_button_state_get               0x000237c5   Thumb Code    36  boards.o(i.bsp_board_button_state_get)
    bsp_board_led_invert                     0x000237ed   Thumb Code    40  boards.o(i.bsp_board_led_invert)
    bsp_board_pin_to_button_idx              0x00023819   Thumb Code    30  boards.o(i.bsp_board_pin_to_button_idx)
    bsp_btn_ble_init                         0x0002383d   Thumb Code    52  bsp_btn_ble.o(i.bsp_btn_ble_init)
    bsp_btn_ble_sleep_mode_prepare           0x00023875   Thumb Code    30  bsp_btn_ble.o(i.bsp_btn_ble_sleep_mode_prepare)
    bsp_button_is_pressed                    0x00023925   Thumb Code     4  bsp.o(i.bsp_button_is_pressed)
    bsp_event_handler                        0x00023929   Thumb Code    36  main.o(i.bsp_event_handler)
    bsp_event_to_button_action_assign        0x00023951   Thumb Code    64  bsp.o(i.bsp_event_to_button_action_assign)
    bsp_indication_set                       0x00023995   Thumb Code     4  bsp.o(i.bsp_indication_set)
    bsp_init                                 0x00023999   Thumb Code    40  bsp.o(i.bsp_init)
    bsp_wakeup_button_enable                 0x000239d1   Thumb Code    16  bsp.o(i.bsp_wakeup_button_enable)
    buffer_is_empty                          0x00023a59   Thumb Code    16  nrf_log_frontend.o(i.buffer_is_empty)
    fputc                                    0x00023dbb   Thumb Code    14  retarget.o(i.fputc)
    gatt_evt_handler                         0x00023dc9   Thumb Code    60  main.o(i.gatt_evt_handler)
    gatt_init                                0x00023e51   Thumb Code    38  main.o(i.gatt_init)
    main                                     0x000241bd   Thumb Code   226  main.o(i.main)
    nrf_balloc_alloc                         0x000243c7   Thumb Code    68  nrf_balloc.o(i.nrf_balloc_alloc)
    nrf_balloc_free                          0x0002440b   Thumb Code    48  nrf_balloc.o(i.nrf_balloc_free)
    nrf_balloc_init                          0x0002443b   Thumb Code    48  nrf_balloc.o(i.nrf_balloc_init)
    nrf_ble_gatt_att_mtu_central_set         0x0002447b   Thumb Code    24  nrf_ble_gatt.o(i.nrf_ble_gatt_att_mtu_central_set)
    nrf_ble_gatt_init                        0x00024493   Thumb Code    34  nrf_ble_gatt.o(i.nrf_ble_gatt_init)
    nrf_ble_gatt_on_ble_evt                  0x000244b5   Thumb Code   312  nrf_ble_gatt.o(i.nrf_ble_gatt_on_ble_evt)
    nrf_drv_clock_init                       0x000246a9   Thumb Code    64  nrf_drv_clock.o(i.nrf_drv_clock_init)
    nrf_drv_clock_lfclk_release              0x000246f1   Thumb Code    40  nrf_drv_clock.o(i.nrf_drv_clock_lfclk_release)
    nrf_drv_common_irq_enable                0x0002471d   Thumb Code    56  nrf_drv_common.o(i.nrf_drv_common_irq_enable)
    nrf_drv_uart_init                        0x0002476d   Thumb Code    98  nrf_drv_uart.o(i.nrf_drv_uart_init)
    nrf_drv_uart_rx                          0x000247d5   Thumb Code   170  nrf_drv_uart.o(i.nrf_drv_uart_rx)
    nrf_drv_uart_rx_enable                   0x00024885   Thumb Code    42  nrf_drv_uart.o(i.nrf_drv_uart_rx_enable)
    nrf_drv_uart_tx                          0x00024a0d   Thumb Code   262  nrf_drv_uart.o(i.nrf_drv_uart_tx)
    nrf_drv_uart_tx_in_progress              0x00024b19   Thumb Code    18  nrf_drv_uart.o(i.nrf_drv_uart_tx_in_progress)
    nrf_fprintf                              0x00024b31   Thumb Code    26  nrf_fprintf.o(i.nrf_fprintf)
    nrf_fprintf_buffer_flush                 0x00024b4b   Thumb Code    24  nrf_fprintf.o(i.nrf_fprintf_buffer_flush)
    nrf_fprintf_fmt                          0x00024b63   Thumb Code   474  nrf_fprintf_format.o(i.nrf_fprintf_fmt)
    nrf_log_backend_add                      0x00024eb1   Thumb Code    74  nrf_log_frontend.o(i.nrf_log_backend_add)
    nrf_log_backend_rtt_init                 0x00024f03   Thumb Code     4  nrf_log_backend_rtt.o(i.nrf_log_backend_rtt_init)
    nrf_log_backend_serial_put               0x00024f21   Thumb Code   210  nrf_log_backend_serial.o(i.nrf_log_backend_serial_put)
    nrf_log_color_id_get                     0x00024ff5   Thumb Code    34  nrf_log_frontend.o(i.nrf_log_color_id_get)
    nrf_log_default_backends_init            0x0002501d   Thumb Code    22  nrf_log_default_backends.o(i.nrf_log_default_backends_init)
    nrf_log_frontend_dequeue                 0x00025039   Thumb Code   462  nrf_log_frontend.o(i.nrf_log_frontend_dequeue)
    nrf_log_frontend_std_0                   0x00025211   Thumb Code     8  nrf_log_frontend.o(i.nrf_log_frontend_std_0)
    nrf_log_frontend_std_1                   0x00025219   Thumb Code    14  nrf_log_frontend.o(i.nrf_log_frontend_std_1)
    nrf_log_frontend_std_2                   0x00025227   Thumb Code    16  nrf_log_frontend.o(i.nrf_log_frontend_std_2)
    nrf_log_frontend_std_6                   0x00025237   Thumb Code    28  nrf_log_frontend.o(i.nrf_log_frontend_std_6)
    nrf_log_hexdump_entry_process            0x00025255   Thumb Code   146  nrf_log_str_formatter.o(i.nrf_log_hexdump_entry_process)
    nrf_log_init                             0x00025301   Thumb Code    70  nrf_log_frontend.o(i.nrf_log_init)
    nrf_log_module_cnt_get                   0x0002535d   Thumb Code    10  nrf_log_frontend.o(i.nrf_log_module_cnt_get)
    nrf_log_module_name_get                  0x00025371   Thumb Code    24  nrf_log_frontend.o(i.nrf_log_module_name_get)
    nrf_log_panic                            0x0002538d   Thumb Code    34  nrf_log_frontend.o(i.nrf_log_panic)
    nrf_log_std_entry_process                0x000253b5   Thumb Code   182  nrf_log_str_formatter.o(i.nrf_log_std_entry_process)
    nrf_memobj_alloc                         0x0002546b   Thumb Code    96  nrf_memobj.o(i.nrf_memobj_alloc)
    nrf_memobj_free                          0x000254cb   Thumb Code    50  nrf_memobj.o(i.nrf_memobj_free)
    nrf_memobj_get                           0x000254fd   Thumb Code    14  nrf_memobj.o(i.nrf_memobj_get)
    nrf_memobj_pool_init                     0x0002550b   Thumb Code     4  nrf_memobj.o(i.nrf_memobj_pool_init)
    nrf_memobj_put                           0x0002550f   Thumb Code    34  nrf_memobj.o(i.nrf_memobj_put)
    nrf_memobj_read                          0x00025531   Thumb Code    12  nrf_memobj.o(i.nrf_memobj_read)
    nrf_memobj_write                         0x0002553d   Thumb Code    12  nrf_memobj.o(i.nrf_memobj_write)
    nrf_pwr_mgmt_init                        0x00025549   Thumb Code    28  nrf_pwr_mgmt.o(i.nrf_pwr_mgmt_init)
    nrf_pwr_mgmt_run                         0x00025571   Thumb Code    64  nrf_pwr_mgmt.o(i.nrf_pwr_mgmt_run)
    nrf_pwr_mgmt_shutdown                    0x000255b5   Thumb Code    58  nrf_pwr_mgmt.o(i.nrf_pwr_mgmt_shutdown)
    nrf_sdh_ble_app_ram_start_get            0x000255f5   Thumb Code    16  nrf_sdh_ble.o(i.nrf_sdh_ble_app_ram_start_get)
    nrf_sdh_ble_default_cfg_set              0x00025609   Thumb Code   312  nrf_sdh_ble.o(i.nrf_sdh_ble_default_cfg_set)
    nrf_sdh_ble_enable                       0x0002575d   Thumb Code    96  nrf_sdh_ble.o(i.nrf_sdh_ble_enable)
    nrf_sdh_enable_request                   0x00025885   Thumb Code    68  nrf_sdh.o(i.nrf_sdh_enable_request)
    nrf_sdh_evts_poll                        0x000258d5   Thumb Code    32  nrf_sdh.o(i.nrf_sdh_evts_poll)
    nrf_sdh_is_enabled                       0x000258f9   Thumb Code     6  nrf_sdh.o(i.nrf_sdh_is_enabled)
    nrf_section_iter_init                    0x00025941   Thumb Code    10  nrf_section_iter.o(i.nrf_section_iter_init)
    nrf_section_iter_next                    0x0002596f   Thumb Code    32  nrf_section_iter.o(i.nrf_section_iter_next)
    nrf_strerror_find                        0x00025991   Thumb Code    52  nrf_strerror.o(i.nrf_strerror_find)
    nrf_strerror_get                         0x000259c9   Thumb Code    14  nrf_strerror.o(i.nrf_strerror_get)
    uart_event_handle                        0x00026435   Thumb Code   114  main.o(i.uart_event_handle)
    nrf_log_backend_rtt_api                  0x00026b20   Data          12  nrf_log_backend_rtt.o(.constdata)
    m_ram_start                              0x00026bb8   Data           4  nrf_sdh_ble.o(.constdata)
    __ctype_table                            0x00026be4   Data         129  ctype_o.o(.constdata)
    Region$$Table$$Base                      0x0002734c   Number         0  anon$$obj.o(Region$$Table)
    Region$$Table$$Limit                     0x0002736c   Number         0  anon$$obj.o(Region$$Table)
    log_const_data$$Base                     0x0002736c   Number         0  ble_db_discovery.o(log_const_data)
    m_nrf_log_ble_db_disc_logs_data_const    0x0002736c   Data           8  ble_db_discovery.o(log_const_data)
    m_nrf_log_ble_gatt_logs_data_const       0x00027374   Data           8  nrf_ble_gatt.o(log_const_data)
    m_nrf_log_ble_nus_logs_data_const        0x0002737c   Data           8  ble_nus_c.o(log_const_data)
    m_nrf_log_clock_logs_data_const          0x00027384   Data           8  nrf_drv_clock.o(log_const_data)
    m_nrf_log_gpiote_logs_data_const         0x0002738c   Data           8  nrf_drv_gpiote.o(log_const_data)
    m_nrf_log_uart_logs_data_const           0x00027394   Data           8  nrf_drv_uart.o(log_const_data)
    m_nrf_log_balloc_logs_data_const         0x0002739c   Data           8  nrf_balloc.o(log_const_data)
    m_nrf_log_pwr_mgmt_logs_data_const       0x000273a4   Data           8  nrf_pwr_mgmt.o(log_const_data)
    m_nrf_log_app_logs_data_const            0x000273ac   Data           8  nrf_log_frontend.o(log_const_data)
    m_nrf_log_nrf_sdh_logs_data_const        0x000273b4   Data           8  nrf_sdh.o(log_const_data)
    m_nrf_log_nrf_sdh_ble_logs_data_const    0x000273bc   Data           8  nrf_sdh_ble.o(log_const_data)
    m_nrf_log_nrf_sdh_soc_logs_data_const    0x000273c4   Data           8  nrf_sdh_soc.o(log_const_data)
    log_const_data$$Limit                    0x000273cc   Number         0  nrf_sdh_soc.o(log_const_data)
    pwr_mgmt_data1$$Base                     0x000273cc   Number         0  main.o(pwr_mgmt_data1)
    pwr_mgmt_data1$$Limit                    0x000273d0   Number         0  main.o(pwr_mgmt_data1)
    sdh_ble_observers1$$Base                 0x000273d0   Number         0  main.o(sdh_ble_observers1)
    sdh_ble_observers1$$Limit                0x000273e8   Number         0  bsp_btn_ble.o(sdh_ble_observers1)
    sdh_ble_observers2$$Base                 0x000273e8   Number         0  main.o(sdh_ble_observers2)
    sdh_ble_observers2$$Limit                0x000273f0   Number         0  main.o(sdh_ble_observers2)
    sdh_ble_observers3$$Base                 0x000273f0   Number         0  main.o(sdh_ble_observers3)
    sdh_ble_observers3$$Limit                0x000273f8   Number         0  main.o(sdh_ble_observers3)
    sdh_soc_observers0$$Base                 0x000273f8   Number         0  nrf_drv_clock.o(sdh_soc_observers0)
    sdh_soc_observers0$$Limit                0x00027400   Number         0  nrf_drv_clock.o(sdh_soc_observers0)
    sdh_stack_observers0$$Base               0x00027400   Number         0  nrf_sdh_ble.o(sdh_stack_observers0)
    sdh_stack_observers0$$Limit              0x00027410   Number         0  nrf_sdh_soc.o(sdh_stack_observers0)
    sdh_state_observers0$$Base               0x00027410   Number         0  nrf_drv_clock.o(sdh_state_observers0)
    sdh_state_observers0$$Limit              0x00027418   Number         0  nrf_drv_clock.o(sdh_state_observers0)
    Image$$RW_IRAM1$$Base                    0x20002978   Number         0  anon$$obj.o ABSOLUTE
    __stdout                                 0x20002c9c   Data           4  retarget.o(.data)
    SystemCoreClock                          0x20002cf8   Data           4  system_nrf52840.o(.data)
    log_dynamic_data$$Base                   0x20002cfc   Number         0  ble_db_discovery.o(log_dynamic_data)
    m_nrf_log_ble_db_disc_logs_data_dynamic  0x20002cfc   Data          12  ble_db_discovery.o(log_dynamic_data)
    m_nrf_log_ble_gatt_logs_data_dynamic     0x20002d08   Data          12  nrf_ble_gatt.o(log_dynamic_data)
    m_nrf_log_ble_nus_logs_data_dynamic      0x20002d14   Data          12  ble_nus_c.o(log_dynamic_data)
    m_nrf_log_clock_logs_data_dynamic        0x20002d20   Data          12  nrf_drv_clock.o(log_dynamic_data)
    m_nrf_log_gpiote_logs_data_dynamic       0x20002d2c   Data          12  nrf_drv_gpiote.o(log_dynamic_data)
    m_nrf_log_uart_logs_data_dynamic         0x20002d38   Data          12  nrf_drv_uart.o(log_dynamic_data)
    m_nrf_log_balloc_logs_data_dynamic       0x20002d44   Data          12  nrf_balloc.o(log_dynamic_data)
    m_nrf_log_pwr_mgmt_logs_data_dynamic     0x20002d50   Data          12  nrf_pwr_mgmt.o(log_dynamic_data)
    m_nrf_log_app_logs_data_dynamic          0x20002d5c   Data          12  nrf_log_frontend.o(log_dynamic_data)
    m_nrf_log_nrf_sdh_logs_data_dynamic      0x20002d68   Data          12  nrf_sdh.o(log_dynamic_data)
    m_nrf_log_nrf_sdh_ble_logs_data_dynamic  0x20002d74   Data          12  nrf_sdh_ble.o(log_dynamic_data)
    m_nrf_log_nrf_sdh_soc_logs_data_dynamic  0x20002d80   Data          12  nrf_sdh_soc.o(log_dynamic_data)
    nrf_nvic_state                           0x200035f0   Data          12  app_util_platform.o(.bss)
    _SEGGER_RTT                              0x20003b28   Data         120  segger_rtt.o(.bss)
    __initial_sp                             0x20005db0   Data           0  arm_startup_nrf52840.o(STACK)



==============================================================================

Memory Map of the image

  Image Entry point : 0x00022201

  Load Region LR_IROM1 (Base: 0x00022000, Size: 0x0000582c, Max: 0x000de000, ABSOLUTE, COMPRESSED[0x0000545c])

    Execution Region ER_IROM1 (Exec base: 0x00022000, Load base: 0x00022000, Size: 0x00005418, Max: 0x000de000, ABSOLUTE)

    Exec Addr    Load Addr    Size         Type   Attr      Idx    E Section Name        Object

    0x00022000   0x00022000   0x00000200   Data   RO         3704    RESET               arm_startup_nrf52840.o
    0x00022200   0x00022200   0x00000000   Code   RO         3745  * .ARM.Collect$$$$00000000  mc_w.l(entry.o)
    0x00022200   0x00022200   0x00000004   Code   RO         4047    .ARM.Collect$$$$00000001  mc_w.l(entry2.o)
    0x00022204   0x00022204   0x00000004   Code   RO         4050    .ARM.Collect$$$$00000004  mc_w.l(entry5.o)
    0x00022208   0x00022208   0x00000000   Code   RO         4052    .ARM.Collect$$$$00000008  mc_w.l(entry7b.o)
    0x00022208   0x00022208   0x00000000   Code   RO         4054    .ARM.Collect$$$$0000000A  mc_w.l(entry8b.o)
    0x00022208   0x00022208   0x00000008   Code   RO         4055    .ARM.Collect$$$$0000000B  mc_w.l(entry9a.o)
    0x00022210   0x00022210   0x00000000   Code   RO         4057    .ARM.Collect$$$$0000000D  mc_w.l(entry10a.o)
    0x00022210   0x00022210   0x00000000   Code   RO         4059    .ARM.Collect$$$$0000000F  mc_w.l(entry11a.o)
    0x00022210   0x00022210   0x00000004   Code   RO         4048    .ARM.Collect$$$$00002712  mc_w.l(entry2.o)
    0x00022214   0x00022214   0x0000009a   Code   RO         2607    .emb_text           nrf_memobj.o
    0x000222ae   0x000222ae   0x00000002   PAD
    0x000222b0   0x000222b0   0x0000009a   Code   RO         2695    .emb_text           nrf_pwr_mgmt.o
    0x0002234a   0x0002234a   0x00000002   PAD
    0x0002234c   0x0002234c   0x0000009a   Code   RO         3009    .emb_text           nrf_log_frontend.o
    0x000223e6   0x000223e6   0x00000002   PAD
    0x000223e8   0x000223e8   0x00000024   Code   RO         3705    .text               arm_startup_nrf52840.o
    0x0002240c   0x0002240c   0x00000008   Code   RO         3748    .text               mc_w.l(ctype_o.o)
    0x00022414   0x00022414   0x00000024   Code   RO         3776    .text               mc_w.l(memcpya.o)
    0x00022438   0x00022438   0x00000024   Code   RO         3778    .text               mc_w.l(memseta.o)
    0x0002245c   0x0002245c   0x0000000e   Code   RO         3780    .text               mc_w.l(strlen.o)
    0x0002246a   0x0002246a   0x00000012   Code   RO         3782    .text               mc_w.l(strcpy.o)
    0x0002247c   0x0002247c   0x0000002c   Code   RO         4061    .text               mc_w.l(uidiv.o)
    0x000224a8   0x000224a8   0x00000024   Code   RO         4076    .text               mc_w.l(init.o)
    0x000224cc   0x000224cc   0x00000056   Code   RO         4094    .text               mc_w.l(__dczerorl2.o)
    0x00022522   0x00022522   0x00000002   PAD
    0x00022524   0x00022524   0x000001c4   Code   RO         1294    i.GPIOTE_IRQHandler  nrf_drv_gpiote.o
    0x000226e8   0x000226e8   0x00000016   Code   RO         2062    i.NVIC_ClearPendingIRQ  app_timer.o
    0x000226fe   0x000226fe   0x00000016   Code   RO         2063    i.NVIC_EnableIRQ    app_timer.o
    0x00022714   0x00022714   0x00000016   Code   RO         2064    i.NVIC_SetPendingIRQ  app_timer.o
    0x0002272a   0x0002272a   0x00000020   Code   RO         2065    i.NVIC_SetPriority  app_timer.o
    0x0002274a   0x0002274a   0x00000002   PAD
    0x0002274c   0x0002274c   0x00000058   Code   RO         1088    i.POWER_CLOCK_IRQHandler  nrf_drv_clock.o
    0x000227a4   0x000227a4   0x00000024   Code   RO         2066    i.RTC1_IRQHandler   app_timer.o
    0x000227c8   0x000227c8   0x00000004   Code   RO         3254    i.SEGGER_RTT_Init   segger_rtt.o
    0x000227cc   0x000227cc   0x0000005c   Code   RO         3268    i.SEGGER_RTT_WriteNoLock  segger_rtt.o
    0x00022828   0x00022828   0x00000004   Code   RO         2067    i.SWI0_EGU0_IRQHandler  app_timer.o
    0x0002282c   0x0002282c   0x00000004   Code   RO         3502    i.SWI2_EGU2_IRQHandler  nrf_sdh.o
    0x00022830   0x00022830   0x000001dc   Code   RO         3713    i.SystemInit        system_nrf52840.o
    0x00022a0c   0x00022a0c   0x0000001c   Code   RO         1561    i.UARTE0_UART0_IRQHandler  nrf_drv_uart.o
    0x00022a28   0x00022a28   0x00000068   Code   RO         3272    i._DoInit           segger_rtt.o
    0x00022a90   0x00022a90   0x00000016   Code   RO         3273    i._GetAvailWriteSpace  segger_rtt.o
    0x00022aa6   0x00022aa6   0x0000005a   Code   RO         3275    i._WriteBlocking    segger_rtt.o
    0x00022b00   0x00022b00   0x00000042   Code   RO         3276    i._WriteNoCheck     segger_rtt.o
    0x00022b42   0x00022b42   0x00000002   PAD
    0x00022b44   0x00022b44   0x00000020   Code   RO         3831    i.__0printf$1       mc_w.l(printf1.o)
    0x00022b64   0x00022b64   0x0000000e   Code   RO         4088    i.__scatterload_copy  mc_w.l(handlers.o)
    0x00022b72   0x00022b72   0x00000002   Code   RO         4089    i.__scatterload_null  mc_w.l(handlers.o)
    0x00022b74   0x00022b74   0x0000000e   Code   RO         4090    i.__scatterload_zeroinit  mc_w.l(handlers.o)
    0x00022b82   0x00022b82   0x00000002   PAD
    0x00022b84   0x00022b84   0x00000024   Code   RO         3503    i.__sd_nvic_app_accessible_irq  nrf_sdh.o
    0x00022ba8   0x00022ba8   0x00000154   Code   RO         3838    i._printf_core      mc_w.l(printf1.o)
    0x00022cfc   0x00022cfc   0x00000036   Code   RO          552    i.advertising_buttons_configure  bsp_btn_ble.o
    0x00022d32   0x00022d32   0x00000006   Code   RO          439    i.alert_timer_handler  bsp.o
    0x00022d38   0x00022d38   0x00000078   Code   RO         1904    i.app_error_fault_handler  app_error_weak.o
    0x00022db0   0x00022db0   0x00000016   Code   RO         1865    i.app_error_handler_bare  app_error.o
    0x00022dc6   0x00022dc6   0x00000016   Code   RO         1939    i.app_fifo_get      app_fifo.o
    0x00022ddc   0x00022ddc   0x00000020   Code   RO         1940    i.app_fifo_init     app_fifo.o
    0x00022dfc   0x00022dfc   0x0000001a   Code   RO         1942    i.app_fifo_put      app_fifo.o
    0x00022e16   0x00022e16   0x00000002   PAD
    0x00022e18   0x00022e18   0x00000024   Code   RO         2070    i.app_timer_create  app_timer.o
    0x00022e3c   0x00022e3c   0x00000054   Code   RO         2071    i.app_timer_init    app_timer.o
    0x00022e90   0x00022e90   0x00000088   Code   RO         2074    i.app_timer_start   app_timer.o
    0x00022f18   0x00022f18   0x00000020   Code   RO         2075    i.app_timer_stop    app_timer.o
    0x00022f38   0x00022f38   0x00000034   Code   RO         2233    i.app_uart_get      app_uart_fifo.o
    0x00022f6c   0x00022f6c   0x000000b4   Code   RO         2234    i.app_uart_init     app_uart_fifo.o
    0x00023020   0x00023020   0x0000003c   Code   RO         2235    i.app_uart_put      app_uart_fifo.o
    0x0002305c   0x0002305c   0x00000048   Code   RO         2297    i.app_util_critical_region_enter  app_util_platform.o
    0x000230a4   0x000230a4   0x00000034   Code   RO         2298    i.app_util_critical_region_exit  app_util_platform.o
    0x000230d8   0x000230d8   0x000000a8   Code   RO         1562    i.apply_config      nrf_drv_uart.o
    0x00023180   0x00023180   0x00000040   Code   RO          721    i.ble_db_discovery_evt_register  ble_db_discovery.o
    0x000231c0   0x000231c0   0x0000001c   Code   RO          722    i.ble_db_discovery_init  ble_db_discovery.o
    0x000231dc   0x000231dc   0x00000090   Code   RO          723    i.ble_db_discovery_on_ble_evt  ble_db_discovery.o
    0x0002326c   0x0002326c   0x00000028   Code   RO          724    i.ble_db_discovery_start  ble_db_discovery.o
    0x00023294   0x00023294   0x000001b4   Code   RO            5    i.ble_evt_handler   main.o
    0x00023448   0x00023448   0x00000070   Code   RO          553    i.ble_evt_handler   bsp_btn_ble.o
    0x000234b8   0x000234b8   0x000000d8   Code   RO            6    i.ble_nus_c_evt_handler  main.o
    0x00023590   0x00023590   0x0000001a   Code   RO         1006    i.ble_nus_c_handles_assign  ble_nus_c.o
    0x000235aa   0x000235aa   0x00000002   PAD
    0x000235ac   0x000235ac   0x0000004c   Code   RO         1007    i.ble_nus_c_init    ble_nus_c.o
    0x000235f8   0x000235f8   0x0000006c   Code   RO         1008    i.ble_nus_c_on_ble_evt  ble_nus_c.o
    0x00023664   0x00023664   0x00000080   Code   RO         1009    i.ble_nus_c_on_db_disc_evt  ble_nus_c.o
    0x000236e4   0x000236e4   0x0000008c   Code   RO         1010    i.ble_nus_c_string_send  ble_nus_c.o
    0x00023770   0x00023770   0x00000048   Code   RO         1011    i.ble_nus_c_tx_notif_enable  ble_nus_c.o
    0x000237b8   0x000237b8   0x0000000c   Code   RO          322    i.bsp_board_button_idx_to_pin  boards.o
    0x000237c4   0x000237c4   0x00000028   Code   RO          323    i.bsp_board_button_state_get  boards.o
    0x000237ec   0x000237ec   0x0000002c   Code   RO          326    i.bsp_board_led_invert  boards.o
    0x00023818   0x00023818   0x00000024   Code   RO          333    i.bsp_board_pin_to_button_idx  boards.o
    0x0002383c   0x0002383c   0x00000038   Code   RO          554    i.bsp_btn_ble_init  bsp_btn_ble.o
    0x00023874   0x00023874   0x0000001e   Code   RO          555    i.bsp_btn_ble_sleep_mode_prepare  bsp_btn_ble.o
    0x00023892   0x00023892   0x00000002   PAD
    0x00023894   0x00023894   0x00000090   Code   RO          440    i.bsp_button_event_handler  bsp.o
    0x00023924   0x00023924   0x00000004   Code   RO          441    i.bsp_button_is_pressed  bsp.o
    0x00023928   0x00023928   0x00000028   Code   RO            7    i.bsp_event_handler  main.o
    0x00023950   0x00023950   0x00000044   Code   RO          444    i.bsp_event_to_button_action_assign  bsp.o
    0x00023994   0x00023994   0x00000004   Code   RO          445    i.bsp_indication_set  bsp.o
    0x00023998   0x00023998   0x00000038   Code   RO          446    i.bsp_init          bsp.o
    0x000239d0   0x000239d0   0x00000010   Code   RO          448    i.bsp_wakeup_button_enable  bsp.o
    0x000239e0   0x000239e0   0x00000058   Code   RO         3010    i.buf_prealloc      nrf_log_frontend.o
    0x00023a38   0x00023a38   0x0000001e   Code   RO         2567    i.buffer_add        nrf_fprintf_format.o
    0x00023a56   0x00023a56   0x00000002   PAD
    0x00023a58   0x00023a58   0x00000014   Code   RO         3011    i.buffer_is_empty   nrf_log_frontend.o
    0x00023a6c   0x00023a6c   0x00000010   Code   RO         1297    i.channel_port_get  nrf_drv_gpiote.o
    0x00023a7c   0x00023a7c   0x00000042   Code   RO          725    i.characteristics_discover  ble_db_discovery.o
    0x00023abe   0x00023abe   0x00000002   PAD
    0x00023ac0   0x00023ac0   0x00000028   Code   RO         1089    i.clock_clk_started_notify  nrf_drv_clock.o
    0x00023ae8   0x00023ae8   0x000000ac   Code   RO         2077    i.compare_reg_update  app_timer.o
    0x00023b94   0x00023b94   0x0000000c   Code   RO            8    i.db_disc_handler   main.o
    0x00023ba0   0x00023ba0   0x0000008c   Code   RO          726    i.descriptors_discover  ble_db_discovery.o
    0x00023c2c   0x00023c2c   0x00000090   Code   RO          727    i.discovery_complete_evt_trigger  ble_db_discovery.o
    0x00023cbc   0x00023cbc   0x0000003c   Code   RO          728    i.discovery_error_evt_trigger  ble_db_discovery.o
    0x00023cf8   0x00023cf8   0x0000005c   Code   RO          729    i.discovery_start   ble_db_discovery.o
    0x00023d54   0x00023d54   0x00000040   Code   RO         2078    i.elapsed_ticks_acquire  app_timer.o
    0x00023d94   0x00023d94   0x00000014   Code   RO         1945    i.fifo_get          app_fifo.o
    0x00023da8   0x00023da8   0x00000012   Code   RO         1946    i.fifo_put          app_fifo.o
    0x00023dba   0x00023dba   0x0000000e   Code   RO         2841    i.fputc             retarget.o
    0x00023dc8   0x00023dc8   0x00000088   Code   RO            9    i.gatt_evt_handler  main.o
    0x00023e50   0x00023e50   0x00000030   Code   RO           10    i.gatt_init         main.o
    0x00023e80   0x00023e80   0x000000a6   Code   RO         2568    i.int_print         nrf_fprintf_format.o
    0x00023f26   0x00023f26   0x00000002   PAD
    0x00023f28   0x00023f28   0x00000078   Code   RO         1563    i.interrupts_enable  nrf_drv_uart.o
    0x00023fa0   0x00023fa0   0x0000004c   Code   RO          730    i.is_desc_discovery_reqd  ble_db_discovery.o
    0x00023fec   0x00023fec   0x00000002   Code   RO          450    i.leds_timer_handler  bsp.o
    0x00023fee   0x00023fee   0x00000002   PAD
    0x00023ff0   0x00023ff0   0x00000028   Code   RO         1092    i.lfclk_stop        nrf_drv_clock.o
    0x00024018   0x00024018   0x00000018   Code   RO          912    i.link_init         nrf_ble_gatt.o
    0x00024030   0x00024030   0x000000f8   Code   RO         2079    i.list_insertions_handler  app_timer.o
    0x00024128   0x00024128   0x00000094   Code   RO         3013    i.log_skip          nrf_log_frontend.o
    0x000241bc   0x000241bc   0x00000150   Code   RO           11    i.main              main.o
    0x0002430c   0x0002430c   0x00000076   Code   RO         2608    i.memobj_op         nrf_memobj.o
    0x00024382   0x00024382   0x00000002   PAD
    0x00024384   0x00024384   0x00000034   Code   RO         3014    i.module_idx_get    nrf_log_frontend.o
    0x000243b8   0x000243b8   0x0000000e   Code   RO         3015    i.nrf_atomic_flag_set  nrf_log_frontend.o
    0x000243c6   0x000243c6   0x00000044   Code   RO         2483    i.nrf_balloc_alloc  nrf_balloc.o
    0x0002440a   0x0002440a   0x00000030   Code   RO         2484    i.nrf_balloc_free   nrf_balloc.o
    0x0002443a   0x0002443a   0x00000030   Code   RO         2485    i.nrf_balloc_init   nrf_balloc.o
    0x0002446a   0x0002446a   0x00000010   Code   RO         1298    i.nrf_bitmask_bit_is_set  nrf_drv_gpiote.o
    0x0002447a   0x0002447a   0x00000018   Code   RO          913    i.nrf_ble_gatt_att_mtu_central_set  nrf_ble_gatt.o
    0x00024492   0x00024492   0x00000022   Code   RO          918    i.nrf_ble_gatt_init  nrf_ble_gatt.o
    0x000244b4   0x000244b4   0x00000148   Code   RO          919    i.nrf_ble_gatt_on_ble_evt  nrf_ble_gatt.o
    0x000245fc   0x000245fc   0x0000000e   Code   RO         1093    i.nrf_clock_event_check  nrf_drv_clock.o
    0x0002460a   0x0002460a   0x00000010   Code   RO         1094    i.nrf_clock_event_clear  nrf_drv_clock.o
    0x0002461a   0x0002461a   0x00000002   PAD
    0x0002461c   0x0002461c   0x0000008c   Code   RO         2080    i.nrf_delay_us      app_timer.o
    0x000246a8   0x000246a8   0x00000048   Code   RO         1101    i.nrf_drv_clock_init  nrf_drv_clock.o
    0x000246f0   0x000246f0   0x0000002c   Code   RO         1105    i.nrf_drv_clock_lfclk_release  nrf_drv_clock.o
    0x0002471c   0x0002471c   0x00000038   Code   RO         1258    i.nrf_drv_common_irq_enable  nrf_drv_common.o
    0x00024754   0x00024754   0x00000006   Code   RO         1565    i.nrf_drv_get_IRQn  nrf_drv_uart.o
    0x0002475a   0x0002475a   0x00000010   Code   RO         1566    i.nrf_drv_is_in_RAM  nrf_drv_uart.o
    0x0002476a   0x0002476a   0x00000002   PAD
    0x0002476c   0x0002476c   0x00000068   Code   RO         1568    i.nrf_drv_uart_init  nrf_drv_uart.o
    0x000247d4   0x000247d4   0x000000b0   Code   RO         1569    i.nrf_drv_uart_rx   nrf_drv_uart.o
    0x00024884   0x00024884   0x00000030   Code   RO         1572    i.nrf_drv_uart_rx_enable  nrf_drv_uart.o
    0x000248b4   0x000248b4   0x000000a8   Code   RO         1573    i.nrf_drv_uart_rx_for_uart  nrf_drv_uart.o
    0x0002495c   0x0002495c   0x000000b0   Code   RO         1574    i.nrf_drv_uart_rx_for_uarte  nrf_drv_uart.o
    0x00024a0c   0x00024a0c   0x0000010c   Code   RO         1576    i.nrf_drv_uart_tx   nrf_drv_uart.o
    0x00024b18   0x00024b18   0x00000018   Code   RO         1578    i.nrf_drv_uart_tx_in_progress  nrf_drv_uart.o
    0x00024b30   0x00024b30   0x0000001a   Code   RO         2524    i.nrf_fprintf       nrf_fprintf.o
    0x00024b4a   0x00024b4a   0x00000018   Code   RO         2525    i.nrf_fprintf_buffer_flush  nrf_fprintf.o
    0x00024b62   0x00024b62   0x000001da   Code   RO         2569    i.nrf_fprintf_fmt   nrf_fprintf_format.o
    0x00024d3c   0x00024d3c   0x00000032   Code   RO         1580    i.nrf_gpio_cfg      nrf_drv_uart.o
    0x00024d6e   0x00024d6e   0x00000012   Code   RO         1582    i.nrf_gpio_cfg_input  nrf_drv_uart.o
    0x00024d80   0x00024d80   0x00000014   Code   RO         1583    i.nrf_gpio_cfg_output  nrf_drv_uart.o
    0x00024d94   0x00024d94   0x00000034   Code   RO          451    i.nrf_gpio_cfg_sense_set  bsp.o
    0x00024dc8   0x00024dc8   0x00000030   Code   RO         1324    i.nrf_gpio_cfg_sense_set  nrf_drv_gpiote.o
    0x00024df8   0x00024df8   0x0000001c   Code   RO          336    i.nrf_gpio_pin_port_decode  boards.o
    0x00024e14   0x00024e14   0x0000001c   Code   RO         1326    i.nrf_gpio_pin_port_decode  nrf_drv_gpiote.o
    0x00024e30   0x00024e30   0x0000001c   Code   RO         1584    i.nrf_gpio_pin_port_decode  nrf_drv_uart.o
    0x00024e4c   0x00024e4c   0x00000014   Code   RO         1585    i.nrf_gpio_pin_set  nrf_drv_uart.o
    0x00024e60   0x00024e60   0x0000002c   Code   RO         1329    i.nrf_gpio_ports_read  nrf_drv_gpiote.o
    0x00024e8c   0x00024e8c   0x00000014   Code   RO         1330    i.nrf_gpiote_event_clear  nrf_drv_gpiote.o
    0x00024ea0   0x00024ea0   0x00000010   Code   RO         1331    i.nrf_gpiote_event_is_set  nrf_drv_gpiote.o
    0x00024eb0   0x00024eb0   0x00000050   Code   RO         3016    i.nrf_log_backend_add  nrf_log_frontend.o
    0x00024f00   0x00024f00   0x00000002   Code   RO         2878    i.nrf_log_backend_rtt_flush  nrf_log_backend_rtt.o
    0x00024f02   0x00024f02   0x00000004   Code   RO         2879    i.nrf_log_backend_rtt_init  nrf_log_backend_rtt.o
    0x00024f06   0x00024f06   0x00000002   Code   RO         2880    i.nrf_log_backend_rtt_panic_set  nrf_log_backend_rtt.o
    0x00024f08   0x00024f08   0x00000018   Code   RO         2881    i.nrf_log_backend_rtt_put  nrf_log_backend_rtt.o
    0x00024f20   0x00024f20   0x000000d2   Code   RO         2942    i.nrf_log_backend_serial_put  nrf_log_backend_serial.o
    0x00024ff2   0x00024ff2   0x00000002   PAD
    0x00024ff4   0x00024ff4   0x00000028   Code   RO         3018    i.nrf_log_color_id_get  nrf_log_frontend.o
    0x0002501c   0x0002501c   0x0000001c   Code   RO         2976    i.nrf_log_default_backends_init  nrf_log_default_backends.o
    0x00025038   0x00025038   0x000001d8   Code   RO         3019    i.nrf_log_frontend_dequeue  nrf_log_frontend.o
    0x00025210   0x00025210   0x00000008   Code   RO         3021    i.nrf_log_frontend_std_0  nrf_log_frontend.o
    0x00025218   0x00025218   0x0000000e   Code   RO         3022    i.nrf_log_frontend_std_1  nrf_log_frontend.o
    0x00025226   0x00025226   0x00000010   Code   RO         3023    i.nrf_log_frontend_std_2  nrf_log_frontend.o
    0x00025236   0x00025236   0x0000001c   Code   RO         3027    i.nrf_log_frontend_std_6  nrf_log_frontend.o
    0x00025252   0x00025252   0x00000002   PAD
    0x00025254   0x00025254   0x000000ac   Code   RO         3201    i.nrf_log_hexdump_entry_process  nrf_log_str_formatter.o
    0x00025300   0x00025300   0x0000005c   Code   RO         3028    i.nrf_log_init      nrf_log_frontend.o
    0x0002535c   0x0002535c   0x00000014   Code   RO         3029    i.nrf_log_module_cnt_get  nrf_log_frontend.o
    0x00025370   0x00025370   0x0000001c   Code   RO         3032    i.nrf_log_module_name_get  nrf_log_frontend.o
    0x0002538c   0x0002538c   0x00000028   Code   RO         3033    i.nrf_log_panic     nrf_log_frontend.o
    0x000253b4   0x000253b4   0x000000b6   Code   RO         3202    i.nrf_log_std_entry_process  nrf_log_str_formatter.o
    0x0002546a   0x0002546a   0x00000060   Code   RO         2609    i.nrf_memobj_alloc  nrf_memobj.o
    0x000254ca   0x000254ca   0x00000032   Code   RO         2610    i.nrf_memobj_free   nrf_memobj.o
    0x000254fc   0x000254fc   0x0000000e   Code   RO         2611    i.nrf_memobj_get    nrf_memobj.o
    0x0002550a   0x0002550a   0x00000004   Code   RO         2612    i.nrf_memobj_pool_init  nrf_memobj.o
    0x0002550e   0x0002550e   0x00000022   Code   RO         2613    i.nrf_memobj_put    nrf_memobj.o
    0x00025530   0x00025530   0x0000000c   Code   RO         2614    i.nrf_memobj_read   nrf_memobj.o
    0x0002553c   0x0002553c   0x0000000c   Code   RO         2615    i.nrf_memobj_write  nrf_memobj.o
    0x00025548   0x00025548   0x00000028   Code   RO         2697    i.nrf_pwr_mgmt_init  nrf_pwr_mgmt.o
    0x00025570   0x00025570   0x00000044   Code   RO         2698    i.nrf_pwr_mgmt_run  nrf_pwr_mgmt.o
    0x000255b4   0x000255b4   0x00000040   Code   RO         2699    i.nrf_pwr_mgmt_shutdown  nrf_pwr_mgmt.o
    0x000255f4   0x000255f4   0x00000014   Code   RO         3623    i.nrf_sdh_ble_app_ram_start_get  nrf_sdh_ble.o
    0x00025608   0x00025608   0x00000154   Code   RO         3624    i.nrf_sdh_ble_default_cfg_set  nrf_sdh_ble.o
    0x0002575c   0x0002575c   0x000000d8   Code   RO         3625    i.nrf_sdh_ble_enable  nrf_sdh_ble.o
    0x00025834   0x00025834   0x00000050   Code   RO         3626    i.nrf_sdh_ble_evts_poll  nrf_sdh_ble.o
    0x00025884   0x00025884   0x00000050   Code   RO         3505    i.nrf_sdh_enable_request  nrf_sdh.o
    0x000258d4   0x000258d4   0x00000024   Code   RO         3506    i.nrf_sdh_evts_poll  nrf_sdh.o
    0x000258f8   0x000258f8   0x0000000c   Code   RO         3507    i.nrf_sdh_is_enabled  nrf_sdh.o
    0x00025904   0x00025904   0x0000003c   Code   RO         3673    i.nrf_sdh_soc_evts_poll  nrf_sdh_soc.o
    0x00025940   0x00025940   0x0000000a   Code   RO         2772    i.nrf_section_iter_init  nrf_section_iter.o
    0x0002594a   0x0002594a   0x00000024   Code   RO         2773    i.nrf_section_iter_item_set  nrf_section_iter.o
    0x0002596e   0x0002596e   0x00000020   Code   RO         2774    i.nrf_section_iter_next  nrf_section_iter.o
    0x0002598e   0x0002598e   0x00000002   PAD
    0x00025990   0x00025990   0x00000038   Code   RO         2807    i.nrf_strerror_find  nrf_strerror.o
    0x000259c8   0x000259c8   0x00000014   Code   RO         2808    i.nrf_strerror_get  nrf_strerror.o
    0x000259dc   0x000259dc   0x0000000a   Code   RO         1586    i.nrf_uart_event_check  nrf_drv_uart.o
    0x000259e6   0x000259e6   0x0000000c   Code   RO         1587    i.nrf_uart_event_clear  nrf_drv_uart.o
    0x000259f2   0x000259f2   0x0000000c   Code   RO         1588    i.nrf_uart_int_enable_check  nrf_drv_uart.o
    0x000259fe   0x000259fe   0x0000000a   Code   RO         1589    i.nrf_uarte_event_check  nrf_drv_uart.o
    0x00025a08   0x00025a08   0x0000000c   Code   RO         1590    i.nrf_uarte_event_clear  nrf_drv_uart.o
    0x00025a14   0x00025a14   0x00000114   Code   RO          731    i.on_characteristic_discovery_rsp  ble_db_discovery.o
    0x00025b28   0x00025b28   0x0000009c   Code   RO          920    i.on_connected_evt  nrf_ble_gatt.o
    0x00025bc4   0x00025bc4   0x000000f0   Code   RO          732    i.on_descriptor_discovery_rsp  ble_db_discovery.o
    0x00025cb4   0x00025cb4   0x00000074   Code   RO          921    i.on_exchange_mtu_request_evt  nrf_ble_gatt.o
    0x00025d28   0x00025d28   0x0000006c   Code   RO          733    i.on_primary_srv_discovery_rsp  ble_db_discovery.o
    0x00025d94   0x00025d94   0x0000007c   Code   RO          734    i.on_srv_disc_completion  ble_db_discovery.o
    0x00025e10   0x00025e10   0x0000003c   Code   RO         3203    i.postfix_process   nrf_log_str_formatter.o
    0x00025e4c   0x00025e4c   0x0000005c   Code   RO         3204    i.prefix_process    nrf_log_str_formatter.o
    0x00025ea8   0x00025ea8   0x00000038   Code   RO          735    i.registered_handler_get  ble_db_discovery.o
    0x00025ee0   0x00025ee0   0x0000003c   Code   RO         2081    i.rtc1_stop         app_timer.o
    0x00025f1c   0x00025f1c   0x00000032   Code   RO         1592    i.rx_byte           nrf_drv_uart.o
    0x00025f4e   0x00025f4e   0x00000018   Code   RO         1593    i.rx_done_event     nrf_drv_uart.o
    0x00025f66   0x00025f66   0x00000020   Code   RO         1594    i.rx_enable         nrf_drv_uart.o
    0x00025f86   0x00025f86   0x00000002   PAD
    0x00025f88   0x00025f88   0x00000024   Code   RO           12    i.scan_start        main.o
    0x00025fac   0x00025fac   0x00000054   Code   RO         1108    i.sd_state_evt_handler  nrf_drv_clock.o
    0x00026000   0x00026000   0x00000030   Code   RO         3512    i.sdh_request_observer_notify  nrf_sdh.o
    0x00026030   0x00026030   0x0000002c   Code   RO         3513    i.sdh_state_observer_notify  nrf_sdh.o
    0x0002605c   0x0002605c   0x0000002a   Code   RO         2882    i.serial_tx         nrf_log_backend_rtt.o
    0x00026086   0x00026086   0x00000020   Code   RO           13    i.shutdown_handler  main.o
    0x000260a6   0x000260a6   0x00000002   PAD
    0x000260a8   0x000260a8   0x0000007c   Code   RO         2700    i.shutdown_process  nrf_pwr_mgmt.o
    0x00026124   0x00026124   0x0000000a   Code   RO         1109    i.soc_evt_handler   nrf_drv_clock.o
    0x0002612e   0x0002612e   0x00000002   PAD
    0x00026130   0x00026130   0x0000005c   Code   RO         3515    i.softdevices_evt_irq_enable  nrf_sdh.o
    0x0002618c   0x0002618c   0x00000094   Code   RO         3035    i.std_n             nrf_log_frontend.o
    0x00026220   0x00026220   0x00000080   Code   RO         2082    i.timer_list_handler  app_timer.o
    0x000262a0   0x000262a0   0x0000003c   Code   RO         2083    i.timer_list_insert  app_timer.o
    0x000262dc   0x000262dc   0x00000060   Code   RO         2084    i.timer_list_remove  app_timer.o
    0x0002633c   0x0002633c   0x00000048   Code   RO         2085    i.timer_stop_op_schedule  app_timer.o
    0x00026384   0x00026384   0x00000074   Code   RO         2086    i.timer_timeouts_check  app_timer.o
    0x000263f8   0x000263f8   0x00000020   Code   RO         1595    i.tx_byte           nrf_drv_uart.o
    0x00026418   0x00026418   0x0000001c   Code   RO         1596    i.tx_done_event     nrf_drv_uart.o
    0x00026434   0x00026434   0x000000e0   Code   RO           14    i.uart_event_handle  main.o
    0x00026514   0x00026514   0x000000a0   Code   RO         2236    i.uart_event_handler  app_uart_fifo.o
    0x000265b4   0x000265b4   0x0000011e   Code   RO         1597    i.uart_irq_handler  nrf_drv_uart.o
    0x000266d2   0x000266d2   0x000000f0   Code   RO         1598    i.uarte_irq_handler  nrf_drv_uart.o
    0x000267c2   0x000267c2   0x00000002   PAD
    0x000267c4   0x000267c4   0x000000b4   Code   RO         2570    i.unsigned_print    nrf_fprintf_format.o
    0x00026878   0x00026878   0x00000030   Code   RO         2087    i.user_op_alloc     app_timer.o
    0x000268a8   0x000268a8   0x00000028   Data   RO           16    .constdata          main.o
    0x000268d0   0x000268d0   0x00000008   Data   RO          338    .constdata          boards.o
    0x000268d8   0x000268d8   0x0000002c   Data   RO          456    .constdata          bsp.o
    0x00026904   0x00026904   0x0000007c   Data   RO          737    .constdata          ble_db_discovery.o
    0x00026980   0x00026980   0x00000016   Data   RO          922    .constdata          nrf_ble_gatt.o
    0x00026996   0x00026996   0x00000002   PAD
    0x00026998   0x00026998   0x00000028   Data   RO         1012    .constdata          ble_nus_c.o
    0x000269c0   0x000269c0   0x00000008   Data   RO         1335    .constdata          nrf_drv_gpiote.o
    0x000269c8   0x000269c8   0x00000020   Data   RO         2238    .constdata          app_uart_fifo.o
    0x000269e8   0x000269e8   0x00000010   Data   RO         2571    .constdata          nrf_fprintf_format.o
    0x000269f8   0x000269f8   0x00000018   Data   RO         2702    .constdata          nrf_pwr_mgmt.o
    0x00026a10   0x00026a10   0x0000000c   Data   RO         2703    .constdata          nrf_pwr_mgmt.o
    0x00026a1c   0x00026a1c   0x00000104   Data   RO         2809    .constdata          nrf_strerror.o
    0x00026b20   0x00026b20   0x0000000c   Data   RO         2884    .constdata          nrf_log_backend_rtt.o
    0x00026b2c   0x00026b2c   0x00000014   Data   RO         3038    .constdata          nrf_log_frontend.o
    0x00026b40   0x00026b40   0x00000010   Data   RO         3516    .constdata          nrf_sdh.o
    0x00026b50   0x00026b50   0x00000028   Data   RO         3517    .constdata          nrf_sdh.o
    0x00026b78   0x00026b78   0x00000010   Data   RO         3518    .constdata          nrf_sdh.o
    0x00026b88   0x00026b88   0x00000010   Data   RO         3519    .constdata          nrf_sdh.o
    0x00026b98   0x00026b98   0x00000020   Data   RO         3627    .constdata          nrf_sdh_ble.o
    0x00026bb8   0x00026bb8   0x00000010   Data   RO         3628    .constdata          nrf_sdh_ble.o
    0x00026bc8   0x00026bc8   0x00000010   Data   RO         3674    .constdata          nrf_sdh_soc.o
    0x00026bd8   0x00026bd8   0x0000000c   Data   RO         3675    .constdata          nrf_sdh_soc.o
    0x00026be4   0x00026be4   0x00000081   Data   RO         3749    .constdata          mc_w.l(ctype_o.o)
    0x00026c65   0x00026c65   0x00000003   PAD
    0x00026c68   0x00026c68   0x00000004   Data   RO         3750    .constdata          mc_w.l(ctype_o.o)
    0x00026c6c   0x00026c6c   0x0000012d   Data   RO          923    .conststring        nrf_ble_gatt.o
    0x00026d99   0x00026d99   0x00000003   PAD
    0x00026d9c   0x00026d9c   0x00000307   Data   RO         2810    .conststring        nrf_strerror.o
    0x000270a3   0x000270a3   0x00000001   PAD
    0x000270a4   0x000270a4   0x00000066   Data   RO         3205    .conststring        nrf_log_str_formatter.o
    0x0002710a   0x0002710a   0x00000002   PAD
    0x0002710c   0x0002710c   0x000001cf   Data   RO         3629    .conststring        nrf_sdh_ble.o
    0x000272db   0x000272db   0x00000001   PAD
    0x000272dc   0x000272dc   0x0000000c   Data   RO          738    .conststrlit        ble_db_discovery.o
    0x000272e8   0x000272e8   0x00000009   Data   RO          924    .conststrlit        nrf_ble_gatt.o
    0x000272f1   0x000272f1   0x00000003   PAD
    0x000272f4   0x000272f4   0x00000008   Data   RO         1013    .conststrlit        ble_nus_c.o
    0x000272fc   0x000272fc   0x00000006   Data   RO         1115    .conststrlit        nrf_drv_clock.o
    0x00027302   0x00027302   0x00000002   PAD
    0x00027304   0x00027304   0x00000007   Data   RO         1339    .conststrlit        nrf_drv_gpiote.o
    0x0002730b   0x0002730b   0x00000001   PAD
    0x0002730c   0x0002730c   0x00000005   Data   RO         1600    .conststrlit        nrf_drv_uart.o
    0x00027311   0x00027311   0x00000003   PAD
    0x00027314   0x00027314   0x00000007   Data   RO         2486    .conststrlit        nrf_balloc.o
    0x0002731b   0x0002731b   0x00000001   PAD
    0x0002731c   0x0002731c   0x00000009   Data   RO         2704    .conststrlit        nrf_pwr_mgmt.o
    0x00027325   0x00027325   0x00000003   PAD
    0x00027328   0x00027328   0x00000004   Data   RO         3040    .conststrlit        nrf_log_frontend.o
    0x0002732c   0x0002732c   0x00000008   Data   RO         3520    .conststrlit        nrf_sdh.o
    0x00027334   0x00027334   0x0000000c   Data   RO         3630    .conststrlit        nrf_sdh_ble.o
    0x00027340   0x00027340   0x0000000c   Data   RO         3676    .conststrlit        nrf_sdh_soc.o
    0x0002734c   0x0002734c   0x00000020   Data   RO         4086    Region$$Table       anon$$obj.o
    0x0002736c   0x0002736c   0x00000008   Data   RO          740    log_const_data      ble_db_discovery.o
    0x00027374   0x00027374   0x00000008   Data   RO          925    log_const_data      nrf_ble_gatt.o
    0x0002737c   0x0002737c   0x00000008   Data   RO         1014    log_const_data      ble_nus_c.o
    0x00027384   0x00027384   0x00000008   Data   RO         1116    log_const_data      nrf_drv_clock.o
    0x0002738c   0x0002738c   0x00000008   Data   RO         1340    log_const_data      nrf_drv_gpiote.o
    0x00027394   0x00027394   0x00000008   Data   RO         1601    log_const_data      nrf_drv_uart.o
    0x0002739c   0x0002739c   0x00000008   Data   RO         2487    log_const_data      nrf_balloc.o
    0x000273a4   0x000273a4   0x00000008   Data   RO         2706    log_const_data      nrf_pwr_mgmt.o
    0x000273ac   0x000273ac   0x00000008   Data   RO         3044    log_const_data      nrf_log_frontend.o
    0x000273b4   0x000273b4   0x00000008   Data   RO         3522    log_const_data      nrf_sdh.o
    0x000273bc   0x000273bc   0x00000008   Data   RO         3631    log_const_data      nrf_sdh_ble.o
    0x000273c4   0x000273c4   0x00000008   Data   RO         3677    log_const_data      nrf_sdh_soc.o
    0x000273cc   0x000273cc   0x00000004   Data   RO           18    pwr_mgmt_data1      main.o
    0x000273d0   0x000273d0   0x00000010   Data   RO           19    sdh_ble_observers1  main.o
    0x000273e0   0x000273e0   0x00000008   Data   RO          557    sdh_ble_observers1  bsp_btn_ble.o
    0x000273e8   0x000273e8   0x00000008   Data   RO           20    sdh_ble_observers2  main.o
    0x000273f0   0x000273f0   0x00000008   Data   RO           21    sdh_ble_observers3  main.o
    0x000273f8   0x000273f8   0x00000008   Data   RO         1118    sdh_soc_observers0  nrf_drv_clock.o
    0x00027400   0x00027400   0x00000008   Data   RO         3633    sdh_stack_observers0  nrf_sdh_ble.o
    0x00027408   0x00027408   0x00000008   Data   RO         3679    sdh_stack_observers0  nrf_sdh_soc.o
    0x00027410   0x00027410   0x00000008   Data   RO         1119    sdh_state_observers0  nrf_drv_clock.o


    Execution Region RW_IRAM1 (Exec base: 0x20002978, Load base: 0x00027418, Size: 0x00003438, Max: 0x0003d688, ABSOLUTE, COMPRESSED[0x00000044])

    Exec Addr    Load Addr    Size         Type   Attr      Idx    E Section Name        Object

    0x20002978   COMPRESSED   0x000002d0   Data   RW           17    .data               main.o
    0x20002c48   COMPRESSED   0x00000010   Data   RW          459    .data               bsp.o
    0x20002c58   COMPRESSED   0x00000008   Data   RW          556    .data               bsp_btn_ble.o
    0x20002c60   COMPRESSED   0x00000010   Data   RW          739    .data               ble_db_discovery.o
    0x20002c70   COMPRESSED   0x00000014   Data   RW         2089    .data               app_timer.o
    0x20002c84   COMPRESSED   0x00000010   Data   RW         2239    .data               app_uart_fifo.o
    0x20002c94   COMPRESSED   0x00000008   Data   RW         2705    .data               nrf_pwr_mgmt.o
    0x20002c9c   COMPRESSED   0x00000004   Data   RW         2842    .data               retarget.o
    0x20002ca0   COMPRESSED   0x0000000c   Data   RW         2977    .data               nrf_log_default_backends.o
    0x20002cac   COMPRESSED   0x00000008   Data   RW         3042    .data               nrf_log_frontend.o
    0x20002cb4   COMPRESSED   0x00000008   Data   RW         3043    .data               nrf_log_frontend.o
    0x20002cbc   COMPRESSED   0x00000038   Data   RW         3206    .data               nrf_log_str_formatter.o
    0x20002cf4   COMPRESSED   0x00000003   Data   RW         3521    .data               nrf_sdh.o
    0x20002cf7   COMPRESSED   0x00000001   PAD
    0x20002cf8   COMPRESSED   0x00000004   Data   RW         3714    .data               system_nrf52840.o
    0x20002cfc   COMPRESSED   0x0000000c   Data   RW          741    log_dynamic_data    ble_db_discovery.o
    0x20002d08   COMPRESSED   0x0000000c   Data   RW          926    log_dynamic_data    nrf_ble_gatt.o
    0x20002d14   COMPRESSED   0x0000000c   Data   RW         1015    log_dynamic_data    ble_nus_c.o
    0x20002d20   COMPRESSED   0x0000000c   Data   RW         1117    log_dynamic_data    nrf_drv_clock.o
    0x20002d2c   COMPRESSED   0x0000000c   Data   RW         1341    log_dynamic_data    nrf_drv_gpiote.o
    0x20002d38   COMPRESSED   0x0000000c   Data   RW         1602    log_dynamic_data    nrf_drv_uart.o
    0x20002d44   COMPRESSED   0x0000000c   Data   RW         2488    log_dynamic_data    nrf_balloc.o
    0x20002d50   COMPRESSED   0x0000000c   Data   RW         2707    log_dynamic_data    nrf_pwr_mgmt.o
    0x20002d5c   COMPRESSED   0x0000000c   Data   RW         3045    log_dynamic_data    nrf_log_frontend.o
    0x20002d68   COMPRESSED   0x0000000c   Data   RW         3523    log_dynamic_data    nrf_sdh.o
    0x20002d74   COMPRESSED   0x0000000c   Data   RW         3632    log_dynamic_data    nrf_sdh_ble.o
    0x20002d80   COMPRESSED   0x0000000c   Data   RW         3678    log_dynamic_data    nrf_sdh_soc.o
    0x20002d8c        -       0x00000318   Zero   RW           15    .bss                main.o
    0x200030a4        -       0x00000020   Zero   RW          452    .bss                bsp.o
    0x200030c4        -       0x00000020   Zero   RW          453    .bss                bsp.o
    0x200030e4        -       0x0000000c   Zero   RW          454    .bss                bsp.o
    0x200030f0        -       0x00000020   Zero   RW          455    .bss                bsp.o
    0x20003110        -       0x00000318   Zero   RW          736    .bss                ble_db_discovery.o
    0x20003428        -       0x00000014   Zero   RW         1110    .bss                nrf_drv_clock.o
    0x2000343c        -       0x00000068   Zero   RW         1334    .bss                nrf_drv_gpiote.o
    0x200034a4        -       0x00000020   Zero   RW         1599    .bss                nrf_drv_uart.o
    0x200034c4        -       0x0000010c   Zero   RW         2088    .bss                app_timer.o
    0x200035d0        -       0x00000020   Zero   RW         2237    .bss                app_uart_fifo.o
    0x200035f0        -       0x0000000c   Zero   RW         2303    .bss                app_util_platform.o
    0x200035fc        -       0x0000000c   Zero   RW         2701    .bss                nrf_pwr_mgmt.o
    0x20003608        -       0x00000040   Zero   RW         2883    .bss                nrf_log_backend_rtt.o
    0x20003648        -       0x000000c0   Zero   RW         3036    .bss                nrf_log_frontend.o
    0x20003708        -       0x00000420   Zero   RW         3037    .bss                nrf_log_frontend.o
    0x20003b28        -       0x00000288   Zero   RW         3277    .bss                segger_rtt.o
    0x20003db0        -       0x00002000   Zero   RW         3702    STACK               arm_startup_nrf52840.o


==============================================================================

Image component sizes


      Code (inc. data)   RO Data    RW Data    ZI Data      Debug   Object Name

        22          0          0          0          0       2101   app_error.o
       120         40          0          0          0      30257   app_error_weak.o
       118          0          0          0          0       4942   app_fifo.o
      1630        122          0         20        268      47487   app_timer.o
       452         42         32         16         32      10810   app_uart_fifo.o
       124         14          0          0         12       9422   app_util_platform.o
        36          8        512          0       8192        924   arm_startup_nrf52840.o
         0          0          0          0          0        392   ble_advdata.o
      1658         78        144         28        792      25703   ble_db_discovery.o
       550         68         56         12          0      18814   ble_nus_c.o
       160         26          8          0          0       8300   boards.o
       352         38         44         16        108      12835   bsp.o
       252         10          8          8          0       4752   bsp_btn_ble.o
      1516        584         76        720        792     116586   main.o
       164          0         15         12          0       3877   nrf_balloc.o
       682         44        340         12          0      32891   nrf_ble_gatt.o
       408         40         30         12         20      40987   nrf_drv_clock.o
        56          0          0          0          0      27547   nrf_drv_common.o
       640         34         23         12        104      21714   nrf_drv_gpiote.o
      2186         74         13         12         32      43151   nrf_drv_uart.o
        50          0          0          0          0       3493   nrf_fprintf.o
       850          4         16          0          0       5438   nrf_fprintf_format.o
        74          8         12          0         64       5417   nrf_log_backend_rtt.o
       210          0          0          0          0      10215   nrf_log_backend_serial.o
        28          6          0         12          0       3154   nrf_log_default_backends.o
      1462         92         32         28       1248      31708   nrf_log_frontend.o
       506         66        102         56          0       5552   nrf_log_str_formatter.o
       494          0          0          0          0      13039   nrf_memobj.o
       450         42         53         20         12      41639   nrf_pwr_mgmt.o
       352         44        104         15          0      45915   nrf_sdh.o
       656        158        539         12          0       5897   nrf_sdh_ble.o
        60          4         56         12          0       2552   nrf_sdh_soc.o
        78          0          0          0          0       2740   nrf_section_iter.o
        76         10       1035          0          0       2707   nrf_strerror.o
        14          0          0          4          0       2850   retarget.o
       378         34          0          0        648       8917   segger_rtt.o
       476         60          0          4          0       2411   system_nrf52840.o

    ----------------------------------------------------------------------
     17384       1750       3304       1044      12324     657136   Object Totals
         0          0         32          0          0          0   (incl. Generated)
        44          0         22          1          0          0   (incl. Padding)

    ----------------------------------------------------------------------

      Code (inc. data)   RO Data    RW Data    ZI Data      Debug   Library Member Name

        86          0          0          0          0          0   __dczerorl2.o
         8          4        133          0          0         68   ctype_o.o
         0          0          0          0          0          0   entry.o
         0          0          0          0          0          0   entry10a.o
         0          0          0          0          0          0   entry11a.o
         8          4          0          0          0          0   entry2.o
         4          0          0          0          0          0   entry5.o
         0          0          0          0          0          0   entry7b.o
         0          0          0          0          0          0   entry8b.o
         8          4          0          0          0          0   entry9a.o
        30          0          0          0          0          0   handlers.o
        36          8          0          0          0         68   init.o
        36          0          0          0          0         68   memcpya.o
        36          0          0          0          0        108   memseta.o
       372         14          0          0          0        184   printf1.o
        18          0          0          0          0         68   strcpy.o
        14          0          0          0          0         68   strlen.o
        44          0          0          0          0         80   uidiv.o

    ----------------------------------------------------------------------
       704         34        136          0          0        712   Library Totals
         4          0          3          0          0          0   (incl. Padding)

    ----------------------------------------------------------------------

      Code (inc. data)   RO Data    RW Data    ZI Data      Debug   Library Name

       700         34        133          0          0        712   mc_w.l

    ----------------------------------------------------------------------
       704         34        136          0          0        712   Library Totals

    ----------------------------------------------------------------------

==============================================================================


      Code (inc. data)   RO Data    RW Data    ZI Data      Debug   

     18088       1784       3440       1044      12324     637124   Grand Totals
     18088       1784       3440         68      12324     637124   ELF Image Totals (compressed)
     18088       1784       3440         68          0          0   ROM Totals

==============================================================================

    Total RO  Size (Code + RO Data)                21528 (  21.02kB)
    Total RW  Size (RW Data + ZI Data)             13368 (  13.05kB)
    Total ROM Size (Code + RO Data + RW Data)      21596 (  21.09kB)

==============================================================================

