<html>
<body>
<pre>
<h1>µVision Build Log</h1>
<h2>Tool Versions:</h2>
IDE-Version: µVision V5.24.2.0
Copyright (C) 2017 ARM Ltd and ARM Germany GmbH. All rights reserved.
License Information: wasan wiyarun, baeslab.,co.ltd, LIC=W962Z-JGP1Q-PFKIX-HM5G0-H2EWJ-XYL6C
 
Tool Versions:
Toolchain:       MDK-ARM Professional  Version: 5.24.1
Toolchain Path:  C:\Keil_v5\ARM\ARMCC\Bin
C Compiler:      Armcc.exe V5.06 update 5 (build 528)
Assembler:       Armasm.exe V5.06 update 5 (build 528)
Linker/Locator:  ArmLink.exe V5.06 update 5 (build 528)
Library Manager: ArmAr.exe V5.06 update 5 (build 528)
Hex Converter:   FromElf.exe V5.06 update 5 (build 528)
CPU DLL:         
Dialog DLL:      
Target DLL:      Segger\JL2CM3.dll V2.99.26.0
Dialog DLL:      TCM.DLL V1.32.0.0
 
<h2>Project:</h2>
C:\GitHub\fw-aider-a2\nRF5_SDK_14.1.0\src_aider\ble_peripheral\ble_app_aider_a2_dfu_tester\pca10040\s132\arm5_no_packs\ble_app_buttonless_dfu_pca10040_s132.uvprojx
Project File Date:  12/30/2017

<h2>Output:</h2>
*** Using Compiler 'V5.06 update 5 (build 528)', folder: 'C:\Keil_v5\ARM\ARMCC\Bin'
Build target 'nrf52832_xxaa'
compiling Font64.c...
compiling Font16.c...
compiling Font32.c...
compiling a2_display_mngr.c...
compiling main.c...
..\..\..\main.c(951): warning:  #177-D: variable "batt_lvl_in_milli_volts"  was declared but never referenced
          uint16_t          batt_lvl_in_milli_volts;
..\..\..\main.c(952): warning:  #177-D: variable "percentage_batt_lvl"  was declared but never referenced
          uint8_t           percentage_batt_lvl;
..\..\..\main.c(1454): warning:  #177-D: variable "test"  was declared but never referenced
  	  unsigned short test = 10;
..\..\..\main.c(170): warning:  #177-D: variable "m_tmp007_dev"  was declared but never referenced
  static tmp007_dev_t											m_tmp007_dev;
..\..\..\main.c(172): warning:  #550-D: variable "m_display_page"  was set but never used
  static display_page_t										m_display_page;
..\..\..\main.c(178): warning:  #550-D: variable "flag_hr_temp_test"  was set but never used
  static uint8_t 													flag_hr_temp_test = 0;
..\..\..\main.c(179): warning:  #177-D: variable "hr_timer_out_count"  was declared but never referenced
  static uint8_t													hr_timer_out_count = 0;
..\..\..\main.c(971): warning:  #177-D: function "adc_init"  was declared but never referenced
  static void adc_init(void)
..\..\..\main.c(594): warning:  #177-D: function "application_timers_start"  was declared but never referenced
  static void application_timers_start(void)
..\..\..\main.c: 9 warnings, 0 errors
linking...
Program Size: Code=47984 RO-data=5144 RW-data=1620 ZI-data=21060  
FromELF: creating hex file...
".\_build\nrf52832_xxaa.axf" - 0 Error(s), 9 Warning(s).

<h2>Software Packages used:</h2>

Package Vendor: ARM
                http://www.keil.com/pack/ARM.CMSIS.4.5.0.pack
                ARM.CMSIS.4.5.0
                CMSIS (Cortex Microcontroller Software Interface Standard)
   * Component: CORE Version: 4.3.0

Package Vendor: NordicSemiconductor
                http://developer.nordicsemi.com/nRF5_SDK/pieces/nRF_DeviceFamilyPack/NordicSemiconductor.nRF_DeviceFamilyPack.8.15.0.pack
                NordicSemiconductor.nRF_DeviceFamilyPack.8.15.0
                Nordic Semiconductor nRF ARM devices Device Family Pack.
   * Component: Startup Version: 8.15.0

<h2>Collection of Component include folders:</h2>
  .\RTE\_nrf52832_xxaa
  C:\Keil_v5\ARM\PACK\ARM\CMSIS\4.5.0\CMSIS\Include
  C:\Keil_v5\ARM\PACK\NordicSemiconductor\nRF_DeviceFamilyPack\8.15.0\Device\Include

<h2>Collection of Component Files used:</h2>

   * Component: NordicSemiconductor::Device:Startup:8.15.0
      Source file:   Device\Source\arm\arm_startup_nrf52.s
      Source file:   Device\Source\system_nrf52.c
      Include file:  Device\Include\system_nrf52.h

   * Component: ARM::CMSIS:CORE:4.3.0
Build Time Elapsed:  00:00:03
</pre>
</body>
</html>
