Component: ARM Compiler 5.06 update 5 (build 528) Tool: armlink [4d35e2]

==============================================================================

Section Cross References

    main.o(i.a2_init_gpio) refers to main.o(i.nrf_gpio_cfg_input) for nrf_gpio_cfg_input
    main.o(i.a2_init_gpio) refers to main.o(i.nrf_gpio_cfg) for nrf_gpio_cfg
    main.o(i.a2_init_gpio) refers to main.o(i.nrf_gpio_cfg_output) for nrf_gpio_cfg_output
    main.o(i.a2_init_gpio) refers to main.o(i.nrf_gpio_pin_set) for nrf_gpio_pin_set
    main.o(i.a2_spi_int) refers to nrf_drv_spi_bmi_flash.o(i.nrf_drv_a2_spi_init) for nrf_drv_a2_spi_init
    main.o(i.a2_spi_int) refers to main.o(.data) for .data
    main.o(i.advertising_start) refers to nrf_log_frontend.o(i.nrf_log_frontend_std_0) for nrf_log_frontend_std_0
    main.o(i.advertising_start) refers to peer_manager.o(i.pm_peers_delete) for pm_peers_delete
    main.o(i.advertising_start) refers to ble_advertising.o(i.ble_advertising_start) for ble_advertising_start
    main.o(i.advertising_start) refers to app_error.o(i.app_error_handler_bare) for app_error_handler_bare
    main.o(i.advertising_start) refers to nrf_log_frontend.o(log_dynamic_data) for m_nrf_log_app_logs_data_dynamic
    main.o(i.advertising_start) refers to main.o(.bss) for .bss
    main.o(i.aider_update_time) refers to main.o(.bss) for .bss
    main.o(i.app_shutdown_handler) refers to nrf_log_frontend.o(i.nrf_log_frontend_std_0) for nrf_log_frontend_std_0
    main.o(i.app_shutdown_handler) refers to nrf_log_frontend.o(log_dynamic_data) for m_nrf_log_app_logs_data_dynamic
    main.o(i.assert_nrf_callback) refers to app_error.o(i.app_error_handler) for app_error_handler
    main.o(i.at45dbxx_init) refers to nrf_log_frontend.o(i.nrf_log_frontend_std_0) for nrf_log_frontend_std_0
    main.o(i.at45dbxx_init) refers to nrf_drv_spi_bmi_flash.o(i.nrf_drv_flash_spi_init) for nrf_drv_flash_spi_init
    main.o(i.at45dbxx_init) refers to at45db081e.o(i.at45dbxx_wakeup_pin) for at45dbxx_wakeup_pin
    main.o(i.at45dbxx_init) refers to at45db081e.o(i.at45dbxx_resume_deep_power_down) for at45dbxx_resume_deep_power_down
    main.o(i.at45dbxx_init) refers to at45db081e.o(i.at45dbxx_is_available) for at45dbxx_is_available
    main.o(i.at45dbxx_init) refers to at45db081e.o(i.at34dbxx_deep_power_down) for at34dbxx_deep_power_down
    main.o(i.at45dbxx_init) refers to nrf_log_frontend.o(log_dynamic_data) for m_nrf_log_app_logs_data_dynamic
    main.o(i.at45dbxx_init) refers to main.o(.bss) for .bss
    main.o(i.at45dbxx_init) refers to main.o(.data) for .data
    main.o(i.ble_dfu_evt_handler) refers to nrf_log_frontend.o(i.nrf_log_frontend_std_0) for nrf_log_frontend_std_0
    main.o(i.ble_dfu_evt_handler) refers to nrf_log_frontend.o(log_dynamic_data) for m_nrf_log_app_logs_data_dynamic
    main.o(i.ble_evt_handler) refers to bsp.o(i.bsp_indication_set) for bsp_indication_set
    main.o(i.ble_evt_handler) refers to app_error.o(i.app_error_handler_bare) for app_error_handler_bare
    main.o(i.ble_evt_handler) refers to memcpya.o(.text) for __aeabi_memcpy
    main.o(i.ble_evt_handler) refers to main.o(.data) for .data
    main.o(i.bsp_event_handler) refers to main.o(i.sleep_mode_enter) for sleep_mode_enter
    main.o(i.bsp_event_handler) refers to app_error.o(i.app_error_handler_bare) for app_error_handler_bare
    main.o(i.bsp_event_handler) refers to ble_advertising.o(i.ble_advertising_restart_without_whitelist) for ble_advertising_restart_without_whitelist
    main.o(i.bsp_event_handler) refers to main.o(.data) for .data
    main.o(i.bsp_event_handler) refers to main.o(.bss) for .bss
    main.o(i.conn_params_error_handler) refers to app_error.o(i.app_error_handler_bare) for app_error_handler_bare
    main.o(i.display_testing) refers to ssd1306.o(i.ssd1306_clear_display) for ssd1306_clear_display
    main.o(i.display_testing) refers to ssd1306.o(i.ssd1306_set_textsize) for ssd1306_set_textsize
    main.o(i.display_testing) refers to ssd1306.o(i.ssd1306_set_textcolor) for ssd1306_set_textcolor
    main.o(i.display_testing) refers to ssd1306.o(i.ssd1306_set_cursor) for ssd1306_set_cursor
    main.o(i.display_testing) refers to ssd1306.o(i.ssd1306_putstring) for ssd1306_putstring
    main.o(i.display_testing) refers to main.o(i.nrf_gpio_cfg_input) for nrf_gpio_cfg_input
    main.o(i.display_testing) refers to main.o(i.nrf_gpio_pin_read) for nrf_gpio_pin_read
    main.o(i.display_testing) refers to ssd1306.o(i.ssd1306_display) for ssd1306_display
    main.o(i.display_testing) refers to main.o(.bss) for .bss
    main.o(i.main) refers to nrf_log_frontend.o(i.nrf_log_init) for nrf_log_init
    main.o(i.main) refers to app_error.o(i.app_error_handler_bare) for app_error_handler_bare
    main.o(i.main) refers to nrf_log_default_backends.o(i.nrf_log_default_backends_init) for nrf_log_default_backends_init
    main.o(i.main) refers to app_timer.o(i.app_timer_init) for app_timer_init
[...]
    0x00024250   0x00024250   0x0000000c   Code   RO         2717    i.allow_repairing   security_dispatcher.o
    0x0002425c   0x0002425c   0x00000078   Code   RO         4601    i.app_error_fault_handler  app_error_weak.o
    0x000242d4   0x000242d4   0x00000016   Code   RO         4562    i.app_error_handler_bare  app_error.o
    0x000242ea   0x000242ea   0x00000002   PAD
    0x000242ec   0x000242ec   0x0000008c   Code   RO            8    i.app_shutdown_handler  main.o
    0x00024378   0x00024378   0x00000024   Code   RO         4697    i.app_timer_create  app_timer.o
    0x0002439c   0x0002439c   0x00000054   Code   RO         4698    i.app_timer_init    app_timer.o
    0x000243f0   0x000243f0   0x00000088   Code   RO         4701    i.app_timer_start   app_timer.o
    0x00024478   0x00024478   0x00000020   Code   RO         4702    i.app_timer_stop    app_timer.o
    0x00024498   0x00024498   0x00000048   Code   RO         4855    i.app_util_critical_region_enter  app_util_platform.o
    0x000244e0   0x000244e0   0x00000034   Code   RO         4856    i.app_util_critical_region_exit  app_util_platform.o
    0x00024514   0x00024514   0x00000018   Code   RO         7223    i.at34dbxx_deep_power_down  at45db081e.o
    0x0002452c   0x0002452c   0x000000bc   Code   RO           10    i.at45dbxx_init     main.o
    0x000245e8   0x000245e8   0x00000058   Code   RO         7228    i.at45dbxx_is_available  at45db081e.o
    0x00024640   0x00024640   0x00000018   Code   RO         7229    i.at45dbxx_resume_deep_power_down  at45db081e.o
    0x00024658   0x00024658   0x00000018   Code   RO         7233    i.at45dbxx_wakeup_pin  at45db081e.o
    0x00024670   0x00024670   0x000000dc   Code   RO         2718    i.auth_status_success_process  security_dispatcher.o
    0x0002474c   0x0002474c   0x00000028   Code   RO         7935    i.bitMask           max30102.o
    0x00024774   0x00024774   0x00000182   Code   RO         1003    i.ble_advdata_encode  ble_advdata.o
    0x000248f6   0x000248f6   0x00000068   Code   RO         1004    i.ble_advdata_set   ble_advdata.o
    0x0002495e   0x0002495e   0x00000006   Code   RO         1083    i.ble_advertising_conn_cfg_tag_set  ble_advertising.o
    0x00024964   0x00024964   0x00000136   Code   RO         1084    i.ble_advertising_init  ble_advertising.o
    0x00024a9a   0x00024a9a   0x00000068   Code   RO         1086    i.ble_advertising_on_ble_evt  ble_advertising.o
    0x00024b02   0x00024b02   0x00000032   Code   RO         1087    i.ble_advertising_on_sys_evt  ble_advertising.o
    0x00024b34   0x00024b34   0x0000003c   Code   RO         1089    i.ble_advertising_restart_without_whitelist  ble_advertising.o
    0x00024b70   0x00024b70   0x000001ca   Code   RO         1090    i.ble_advertising_start  ble_advertising.o
    0x00024d3a   0x00024d3a   0x00000002   PAD
    0x00024d3c   0x00024d3c   0x00000068   Code   RO         1171    i.ble_conn_params_init  ble_conn_params.o
    0x00024da4   0x00024da4   0x00000010   Code   RO         1251    i.ble_conn_state_conn_handles  ble_conn_state.o
    0x00024db4   0x00024db4   0x00000010   Code   RO         1253    i.ble_conn_state_encrypted  ble_conn_state.o
    0x00024dc4   0x00024dc4   0x00000030   Code   RO         1260    i.ble_conn_state_role  ble_conn_state.o
    0x00024df4   0x00024df4   0x0000002c   Code   RO         1262    i.ble_conn_state_user_flag_acquire  ble_conn_state.o
    0x00024e20   0x00024e20   0x0000001c   Code   RO         1263    i.ble_conn_state_user_flag_collection  ble_conn_state.o
    0x00024e3c   0x00024e3c   0x0000002c   Code   RO         1264    i.ble_conn_state_user_flag_get  ble_conn_state.o
    0x00024e68   0x00024e68   0x00000030   Code   RO         1265    i.ble_conn_state_user_flag_set  ble_conn_state.o
    0x00024e98   0x00024e98   0x00000060   Code   RO         1005    i.ble_device_addr_encode  ble_advdata.o
    0x00024ef8   0x00024ef8   0x00000024   Code   RO         3082    i.ble_dfu_buttonless_async_svci_init  ble_dfu_unbonded.o
    0x00024f1c   0x00024f1c   0x00000014   Code   RO         3083    i.ble_dfu_buttonless_backend_init  ble_dfu_unbonded.o
    0x00024f30   0x00024f30   0x0000002c   Code   RO         2995    i.ble_dfu_buttonless_bootloader_start_finalize  ble_dfu.o
    0x00024f5c   0x00024f5c   0x00000018   Code   RO         3084    i.ble_dfu_buttonless_bootloader_start_prepare  ble_dfu_unbonded.o
    0x00024f74   0x00024f74   0x000000da   Code   RO         3085    i.ble_dfu_buttonless_char_add  ble_dfu_unbonded.o
    0x0002504e   0x0002504e   0x00000002   PAD
    0x00025050   0x00025050   0x00000064   Code   RO         2996    i.ble_dfu_buttonless_init  ble_dfu.o
    0x000250b4   0x000250b4   0x000000b4   Code   RO         2997    i.ble_dfu_buttonless_on_ble_evt  ble_dfu.o
    0x00025168   0x00025168   0x000000a0   Code   RO         3086    i.ble_dfu_buttonless_on_ctrl_pt_write  ble_dfu_unbonded.o
    0x00025208   0x00025208   0x0000004c   Code   RO         3087    i.ble_dfu_buttonless_on_sys_evt  ble_dfu_unbonded.o
    0x00025254   0x00025254   0x00000054   Code   RO         2998    i.ble_dfu_buttonless_resp_send  ble_dfu.o
    0x000252a8   0x000252a8   0x0000012c   Code   RO           11    i.ble_dfu_evt_handler  main.o
    0x000253d4   0x000253d4   0x000000b8   Code   RO           12    i.ble_evt_handler   main.o
    0x0002548c   0x0002548c   0x00000070   Code   RO          892    i.ble_evt_handler   bsp_btn_ble.o
    0x000254fc   0x000254fc   0x000000fc   Code   RO         1173    i.ble_evt_handler   ble_conn_params.o
    0x000255f8   0x000255f8   0x0000010c   Code   RO         1267    i.ble_evt_handler   ble_conn_state.o
    0x00025704   0x00025704   0x00000028   Code   RO         2338    i.ble_evt_handler   peer_manager.o
    0x0002572c   0x0002572c   0x00000008   Code   RO         1402    i.ble_srv_is_indication_enabled  ble_srv_common.o
    0x00025734   0x00025734   0x00000008   Code   RO         1403    i.ble_srv_is_notification_enabled  ble_srv_common.o
    0x0002573c   0x0002573c   0x00000010   Code   RO         7750    i.bmi160_clear_bmi160_cs_pin  nrf_drv_spi_bmi_flash.o
    0x0002574c   0x0002574c   0x00000010   Code   RO         7751    i.bmi160_clear_flash_cs_pin  nrf_drv_spi_bmi_flash.o
    0x0002575c   0x0002575c   0x0000003a   Code   RO         7316    i.bmi160_get_regs   bmi160.o
    0x00025796   0x00025796   0x00000002   PAD
    0x00025798   0x00025798   0x000000b0   Code   RO         7318    i.bmi160_init       bmi160.o
    0x00025848   0x00025848   0x00000010   Code   RO         7752    i.bmi160_set_bmi160_cs_pin  nrf_drv_spi_bmi_flash.o
    0x00025858   0x00025858   0x00000010   Code   RO         7753    i.bmi160_set_flash_cs_pin  nrf_drv_spi_bmi_flash.o
    0x00025868   0x00025868   0x000000ae   Code   RO         7329    i.bmi160_set_power_mode  bmi160.o
    0x00025916   0x00025916   0x0000007e   Code   RO         7330    i.bmi160_set_regs   bmi160.o
    0x00025994   0x00025994   0x000000e6   Code   RO         7331    i.bmi160_set_sens_conf  bmi160.o
    0x00025a7a   0x00025a7a   0x00000002   PAD
    0x00025a7c   0x00025a7c   0x0000000c   Code   RO          659    i.bsp_board_button_idx_to_pin  boards.o
    0x00025a88   0x00025a88   0x00000020   Code   RO          660    i.bsp_board_button_state_get  boards.o
    0x00025aa8   0x00025aa8   0x00000024   Code   RO          663    i.bsp_board_led_invert  boards.o
    0x00025acc   0x00025acc   0x00000024   Code   RO          670    i.bsp_board_pin_to_button_idx  boards.o
    0x00025af0   0x00025af0   0x00000038   Code   RO          893    i.bsp_btn_ble_init  bsp_btn_ble.o
    0x00025b28   0x00025b28   0x0000001e   Code   RO          894    i.bsp_btn_ble_sleep_mode_prepare  bsp_btn_ble.o
    0x00025b46   0x00025b46   0x00000002   PAD
    0x00025b48   0x00025b48   0x00000090   Code   RO          779    i.bsp_button_event_handler  bsp.o
    0x00025bd8   0x00025bd8   0x00000004   Code   RO          780    i.bsp_button_is_pressed  bsp.o
    0x00025bdc   0x00025bdc   0x0000004c   Code   RO           13    i.bsp_event_handler  main.o
    0x00025c28   0x00025c28   0x00000044   Code   RO          783    i.bsp_event_to_button_action_assign  bsp.o
    0x00025c6c   0x00025c6c   0x00000004   Code   RO          784    i.bsp_indication_set  bsp.o
    0x00025c70   0x00025c70   0x00000038   Code   RO          785    i.bsp_init          bsp.o
    0x00025ca8   0x00025ca8   0x00000010   Code   RO          787    i.bsp_wakeup_button_enable  bsp.o
    0x00025cb8   0x00025cb8   0x00000058   Code   RO         6393    i.buf_prealloc      nrf_log_frontend.o
    0x00025d10   0x00025d10   0x0000001e   Code   RO         5460    i.buffer_add        nrf_fprintf_format.o
    0x00025d2e   0x00025d2e   0x00000002   PAD
    0x00025d30   0x00025d30   0x00000014   Code   RO         6394    i.buffer_is_empty   nrf_log_frontend.o
    0x00025d44   0x00025d44   0x00000010   Code   RO         3353    i.channel_port_get  nrf_drv_gpiote.o
    0x00025d54   0x00025d54   0x0000006c   Code   RO         7336    i.check_accel_config  bmi160.o
    0x00025dc0   0x00025dc0   0x0000006e   Code   RO         7338    i.check_gyro_config  bmi160.o
    0x00025e2e   0x00025e2e   0x00000038   Code   RO         2248    i.claim             peer_id.o
    0x00025e66   0x00025e66   0x0000002a   Code   RO         7937    i.clearFIFO         max30102.o
    0x00025e90   0x00025e90   0x00000028   Code   RO         3142    i.clock_clk_started_notify  nrf_drv_clock.o
    0x00025eb8   0x00025eb8   0x000000ac   Code   RO         4704    i.compare_reg_update  app_timer.o
    0x00025f64   0x00025f64   0x00000088   Code   RO         1006    i.conn_int_encode   ble_advdata.o
    0x00025fec   0x00025fec   0x00000004   Code   RO           14    i.conn_params_error_handler  main.o
    0x00025ff0   0x00025ff0   0x00000048   Code   RO         1174    i.conn_params_negotiation  ble_conn_params.o
    0x00026038   0x00026038   0x00000044   Code   RO         2719    i.conn_sec_failure  security_dispatcher.o
    0x0002607c   0x0002607c   0x00000080   Code   RO         4951    i.delete_execute    fds.o
    0x000260fc   0x000260fc   0x00000184   Code   RO           15    i.display_testing   main.o
    0x00026280   0x00026280   0x00000040   Code   RO         4705    i.elapsed_ticks_acquire  app_timer.o
    0x000262c0   0x000262c0   0x0000000a   Code   RO         7949    i.enableFIFORollover  max30102.o
    0x000262ca   0x000262ca   0x00000032   Code   RO         7951    i.enableSlot        max30102.o
    0x000262fc   0x000262fc   0x0000000a   Code   RO         2720    i.encryption_failure  security_dispatcher.o
    0x00026306   0x00026306   0x00000002   PAD
    0x00026308   0x00026308   0x0000004c   Code   RO         5566    i.erase             nrf_fstorage_sd.o
    0x00026354   0x00026354   0x00000074   Code   RO         4952    i.event_prepare     fds.o
    0x000263c8   0x000263c8   0x00000020   Code   RO         4953    i.event_send        fds.o
    0x000263e8   0x000263e8   0x0000004e   Code   RO         5567    i.event_send        nrf_fstorage_sd.o
    0x00026436   0x00026436   0x00000074   Code   RO         2850    i.events_send_from_err_code  security_manager.o
    0x000264aa   0x000264aa   0x00000002   PAD
    0x000264ac   0x000264ac   0x0000001c   Code   RO         1460    i.evt_send          gatt_cache_manager.o
    0x000264c8   0x000264c8   0x0000002c   Code   RO         2339    i.evt_send          peer_manager.o
    0x000264f4   0x000264f4   0x0000001c   Code   RO         2721    i.evt_send          security_dispatcher.o
    0x00026510   0x00026510   0x0000000c   Code   RO         2851    i.evt_send          security_manager.o
    0x0002651c   0x0002651c   0x000000d8   Code   RO         1938    i.fds_evt_handler   peer_data_storage.o
    0x000265f4   0x000265f4   0x00000044   Code   RO         4955    i.fds_file_delete   fds.o
    0x00026638   0x00026638   0x0000003c   Code   RO         4956    i.fds_gc            fds.o
    0x00026674   0x00026674   0x000000d4   Code   RO         4957    i.fds_init          fds.o
    0x00026748   0x00026748   0x00000040   Code   RO         4958    i.fds_record_close  fds.o
    0x00026788   0x00026788   0x0000000e   Code   RO         4960    i.fds_record_find   fds.o
    0x00026796   0x00026796   0x00000010   Code   RO         4961    i.fds_record_find_by_key  fds.o
    0x000267a6   0x000267a6   0x00000010   Code   RO         4962    i.fds_record_find_in_file  fds.o
    0x000267b6   0x000267b6   0x00000010   Code   RO         4963    i.fds_record_id_from_desc  fds.o
    0x000267c6   0x000267c6   0x00000002   PAD
    0x000267c8   0x000267c8   0x00000048   Code   RO         4965    i.fds_record_open   fds.o
    0x00026810   0x00026810   0x0000000e   Code   RO         4966    i.fds_record_update  fds.o
    0x0002681e   0x0002681e   0x00000008   Code   RO         4967    i.fds_record_write  fds.o
    0x00026826   0x00026826   0x0000000c   Code   RO         4968    i.fds_record_write_reserved  fds.o
    0x00026832   0x00026832   0x00000002   PAD
    0x00026834   0x00026834   0x00000030   Code   RO         4969    i.fds_register      fds.o
    0x00026864   0x00026864   0x00000030   Code   RO         4970    i.fds_reserve       fds.o
    0x00026894   0x00026894   0x00000048   Code   RO         4971    i.fds_reserve_cancel  fds.o
    0x000268dc   0x000268dc   0x00000014   Code   RO         1939    i.file_id_within_pm_range  peer_data_storage.o
    0x000268f0   0x000268f0   0x00000012   Code   RO         2722    i.flag_id_init      security_dispatcher.o
    0x00026902   0x00026902   0x00000012   Code   RO         2852    i.flag_id_init      security_manager.o
    0x00026914   0x00026914   0x00000054   Code   RO         2853    i.flags_set_from_err_code  security_manager.o
    0x00026968   0x00026968   0x00000050   Code   RO         9693    i.free              mc_w.l(malloc.o)
    0x000269b8   0x000269b8   0x00000006   Code   RO         4973    i.fs_event_handler  fds.o
    0x000269be   0x000269be   0x00000002   PAD
    0x000269c0   0x000269c0   0x00000074   Code   RO         4974    i.gc_execute        fds.o
    0x00026a34   0x00026a34   0x0000004c   Code   RO         4975    i.gc_next_page      fds.o
    0x00026a80   0x00026a80   0x00000040   Code   RO         4976    i.gc_page_erase     fds.o
    0x00026ac0   0x00026ac0   0x00000034   Code   RO         4977    i.gc_record_copy    fds.o
    0x00026af4   0x00026af4   0x00000024   Code   RO         4978    i.gc_record_find_next  fds.o
    0x00026b18   0x00026b18   0x00000088   Code   RO         4979    i.gc_state_advance  fds.o
    0x00026ba0   0x00026ba0   0x00000098   Code   RO         1461    i.gcm_ble_evt_handler  gatt_cache_manager.o
    0x00026c38   0x00026c38   0x00000030   Code   RO         1462    i.gcm_im_evt_handler  gatt_cache_manager.o
    0x00026c68   0x00026c68   0x00000050   Code   RO         1463    i.gcm_init          gatt_cache_manager.o
    0x00026cb8   0x00026cb8   0x00000050   Code   RO         1464    i.gcm_local_database_has_changed  gatt_cache_manager.o
    0x00026d08   0x00026d08   0x0000007c   Code   RO         1466    i.gcm_pdb_evt_handler  gatt_cache_manager.o
    0x00026d84   0x00026d84   0x00000038   Code   RO         1655    i.get_connection_by_conn_handle  id_manager.o
    0x00026dbc   0x00026dbc   0x00000030   Code   RO         1656    i.get_free_connection  id_manager.o
    0x00026dec   0x00026dec   0x0000001c   Code   RO         1571    i.gscm_db_change_notification_done  gatts_cache_manager.o
    0x00026e08   0x00026e08   0x00000014   Code   RO         1572    i.gscm_init         gatts_cache_manager.o
    0x00026e1c   0x00026e1c   0x0000001c   Code   RO         1573    i.gscm_local_database_has_changed  gatts_cache_manager.o
    0x00026e38   0x00026e38   0x0000006a   Code   RO         1574    i.gscm_local_db_cache_apply  gatts_cache_manager.o
    0x00026ea2   0x00026ea2   0x00000082   Code   RO         1575    i.gscm_local_db_cache_update  gatts_cache_manager.o
    0x00026f24   0x00026f24   0x00000018   Code   RO         1576    i.gscm_pdb_evt_handler  gatts_cache_manager.o
    0x00026f3c   0x00026f3c   0x0000001e   Code   RO         1577    i.gscm_service_changed_ind_needed  gatts_cache_manager.o
    0x00026f5a   0x00026f5a   0x00000002   PAD
    0x00026f5c   0x00026f5c   0x00000038   Code   RO         1578    i.gscm_service_changed_ind_send  gatts_cache_manager.o
    0x00026f94   0x00026f94   0x00000026   Code   RO         4980    i.header_check      fds.o
    0x00026fba   0x00026fba   0x00000012   Code   RO         4981    i.header_has_next   fds.o
    0x00026fcc   0x00026fcc   0x00000046   Code   RO         1657    i.im_address_resolve  id_manager.o
    0x00027012   0x00027012   0x00000002   PAD
    0x00027014   0x00027014   0x00000030   Code   RO         1658    i.im_ble_addr_get   id_manager.o
    0x00027044   0x00027044   0x000000c8   Code   RO         1659    i.im_ble_evt_handler  id_manager.o
    0x0002710c   0x0002710c   0x0000002c   Code   RO         1660    i.im_conn_handle_get  id_manager.o
    0x00027138   0x00027138   0x00000038   Code   RO         1662    i.im_find_duplicate_bonding_data  id_manager.o
    0x00027170   0x00027170   0x00000040   Code   RO         1665    i.im_init           id_manager.o
    0x000271b0   0x000271b0   0x00000072   Code   RO         1666    i.im_is_duplicate_bonding_data  id_manager.o
    0x00027222   0x00027222   0x00000018   Code   RO         1667    i.im_master_id_is_valid  id_manager.o
    0x0002723a   0x0002723a   0x0000002a   Code   RO         1668    i.im_master_ids_compare  id_manager.o
    0x00027264   0x00027264   0x00000004   Code   RO         1669    i.im_new_peer_id    id_manager.o
    0x00027268   0x00027268   0x00000026   Code   RO         1670    i.im_peer_free      id_manager.o
    0x0002728e   0x0002728e   0x00000002   PAD
    0x00027290   0x00027290   0x00000020   Code   RO         1671    i.im_peer_id_get_by_conn_handle  id_manager.o
    0x000272b0   0x000272b0   0x0000003c   Code   RO         1672    i.im_peer_id_get_by_master_id  id_manager.o
    0x000272ec   0x000272ec   0x00000038   Code   RO         5568    i.init              nrf_fstorage_sd.o
    0x00027324   0x00027324   0x000000c8   Code   RO         4982    i.init_execute      fds.o
    0x000273ec   0x000273ec   0x00000014   Code   RO         1175    i.instance_get      ble_conn_params.o
    0x00027400   0x00027400   0x000000a6   Code   RO         5461    i.int_print         nrf_fprintf_format.o
    0x000274a6   0x000274a6   0x0000000c   Code   RO         6164    i.internal_transaction_cb  nrf_twi_mngr.o
    0x000274b2   0x000274b2   0x0000014e   Code   RO         4176    i.irq_handler_twim  nrf_drv_twi.o
    0x00027600   0x00027600   0x00000010   Code   RO         5569    i.is_busy           nrf_fstorage_sd.o
    0x00027610   0x00027610   0x00000044   Code   RO         1176    i.is_conn_params_ok  ble_conn_params.o
    0x00027654   0x00027654   0x00000014   Code   RO         1677    i.is_valid_irk      id_manager.o
    0x00027668   0x00027668   0x0000000c   Code   RO         4983    i.is_word_aligned   fds.o
    0x00027674   0x00027674   0x00000002   Code   RO          789    i.leds_timer_handler  bsp.o
    0x00027676   0x00027676   0x00000002   PAD
    0x00027678   0x00027678   0x00000028   Code   RO         3145    i.lfclk_stop        nrf_drv_clock.o
    0x000276a0   0x000276a0   0x00000014   Code   RO         1841    i.link_init         nrf_ble_gatt.o
    0x000276b4   0x000276b4   0x000000b4   Code   RO         2854    i.link_secure       security_manager.o
    0x00027768   0x00027768   0x0000008c   Code   RO         2723    i.link_secure_failure  security_dispatcher.o
    0x000277f4   0x000277f4   0x0000005c   Code   RO         2855    i.link_secure_pending_process  security_manager.o
    0x00027850   0x00027850   0x000000f8   Code   RO         4706    i.list_insertions_handler  app_timer.o
    0x00027948   0x00027948   0x00000068   Code   RO         1467    i.local_db_apply_in_evt  gatt_cache_manager.o
    0x000279b0   0x000279b0   0x00000010   Code   RO         1468    i.local_db_update   gatt_cache_manager.o
    0x000279c0   0x000279c0   0x00000032   Code   RO         2664    i.lock_by_mask      pm_mutex.o
    0x000279f2   0x000279f2   0x00000002   PAD
    0x000279f4   0x000279f4   0x00000094   Code   RO         6396    i.log_skip          nrf_log_frontend.o
    0x00027a88   0x00027a88   0x00000554   Code   RO           16    i.main              main.o
    0x00027fdc   0x00027fdc   0x0000006c   Code   RO         9694    i.malloc            mc_w.l(malloc.o)
    0x00028048   0x00028048   0x00000064   Code   RO         1007    i.manuf_specific_data_encode  ble_advdata.o
    0x000280ac   0x000280ac   0x00000074   Code   RO         7965    i.max30102_initaial  max30102.o
    0x00028120   0x00028120   0x0000001e   Code   RO         7966    i.max30102_isr_config  max30102.o
    0x0002813e   0x0002813e   0x00000008   Code   RO         7968    i.max30102_readPartID  max30102.o
    0x00028146   0x00028146   0x00000010   Code   RO         7969    i.max30102_readRevisionID  max30102.o
    0x00028156   0x00028156   0x00000080   Code   RO         7974    i.max30102_setup    max30102.o
    0x000281d6   0x000281d6   0x0000000a   Code   RO         7975    i.max30102_shutDown  max30102.o
    0x000281e0   0x000281e0   0x0000002e   Code   RO         7976    i.max30102_softReset  max30102.o
    0x0002820e   0x0002820e   0x00000002   PAD
    0x00028210   0x00028210   0x000000f0   Code   RO           17    i.max30102_tmp007_init  main.o
    0x00028300   0x00028300   0x00000076   Code   RO         5680    i.memobj_op         nrf_memobj.o
    0x00028376   0x00028376   0x00000002   PAD
    0x00028378   0x00028378   0x00000034   Code   RO         6397    i.module_idx_get    nrf_log_frontend.o
    0x000283ac   0x000283ac   0x0000009c   Code   RO         1008    i.name_encode       ble_advdata.o
    0x00028448   0x00028448   0x00000058   Code   RO         1678    i.new_connection    id_manager.o
    0x000284a0   0x000284a0   0x00000014   Code   RO         2856    i.new_context_get   security_manager.o
    0x000284b4   0x000284b4   0x00000030   Code   RO         2249    i.next_id_get       peer_id.o
    0x000284e4   0x000284e4   0x00000010   Code   RO         5308    i.nrf_atfifo_clear  nrf_atfifo.o
    0x000284f4   0x000284f4   0x00000026   Code   RO         5310    i.nrf_atfifo_init   nrf_atfifo.o
    0x0002851a   0x0002851a   0x00000016   Code   RO         5311    i.nrf_atfifo_item_alloc  nrf_atfifo.o
    0x00028530   0x00028530   0x00000016   Code   RO         5312    i.nrf_atfifo_item_free  nrf_atfifo.o
    0x00028546   0x00028546   0x00000016   Code   RO         5313    i.nrf_atfifo_item_get  nrf_atfifo.o
    0x0002855c   0x0002855c   0x00000016   Code   RO         5314    i.nrf_atfifo_item_put  nrf_atfifo.o
    0x00028572   0x00028572   0x0000000e   Code   RO         6398    i.nrf_atomic_flag_set  nrf_log_frontend.o
    0x00028580   0x00028580   0x0000000c   Code   RO         4984    i.nrf_atomic_u32_add  fds.o
    0x0002858c   0x0002858c   0x00000044   Code   RO         5376    i.nrf_balloc_alloc  nrf_balloc.o
    0x000285d0   0x000285d0   0x00000030   Code   RO         5377    i.nrf_balloc_free   nrf_balloc.o
    0x00028600   0x00028600   0x00000030   Code   RO         5378    i.nrf_balloc_init   nrf_balloc.o
    0x00028630   0x00028630   0x00000010   Code   RO         3354    i.nrf_bitmask_bit_is_set  nrf_drv_gpiote.o
    0x00028640   0x00028640   0x00000022   Code   RO         1847    i.nrf_ble_gatt_init  nrf_ble_gatt.o
    0x00028662   0x00028662   0x00000002   PAD
    0x00028664   0x00028664   0x00000148   Code   RO         1848    i.nrf_ble_gatt_on_ble_evt  nrf_ble_gatt.o
    0x000287ac   0x000287ac   0x0000000e   Code   RO         3146    i.nrf_clock_event_check  nrf_drv_clock.o
    0x000287ba   0x000287ba   0x00000010   Code   RO         3147    i.nrf_clock_event_clear  nrf_drv_clock.o
    0x000287ca   0x000287ca   0x0000000a   Code   RO           18    i.nrf_delay_ms      main.o
    0x000287d4   0x000287d4   0x0000000a   Code   RO         7754    i.nrf_delay_ms      nrf_drv_spi_bmi_flash.o
    0x000287de   0x000287de   0x0000000a   Code   RO         8383    i.nrf_delay_ms      nrf_drv_i2c_max_temp.o
    0x000287e8   0x000287e8   0x0000000a   Code   RO         8569    i.nrf_delay_ms      nrf_drv_ssd1306.o
    0x000287f2   0x000287f2   0x00000002   PAD
    0x000287f4   0x000287f4   0x0000008c   Code   RO           19    i.nrf_delay_us      main.o
    0x00028880   0x00028880   0x0000008c   Code   RO         4177    i.nrf_delay_us      nrf_drv_twi.o
    0x0002890c   0x0002890c   0x0000008c   Code   RO         4707    i.nrf_delay_us      app_timer.o
    0x00028998   0x00028998   0x0000008c   Code   RO         6165    i.nrf_delay_us      nrf_twi_mngr.o
    0x00028a24   0x00028a24   0x0000008c   Code   RO         7362    i.nrf_delay_us      bmi160.o
    0x00028ab0   0x00028ab0   0x0000008c   Code   RO         7755    i.nrf_delay_us      nrf_drv_spi_bmi_flash.o
    0x00028b3c   0x00028b3c   0x0000008c   Code   RO         8384    i.nrf_delay_us      nrf_drv_i2c_max_temp.o
    0x00028bc8   0x00028bc8   0x0000008c   Code   RO         8570    i.nrf_delay_us      nrf_drv_ssd1306.o
    0x00028c54   0x00028c54   0x0000008c   Code   RO         8644    i.nrf_delay_us      ssd1306.o
    0x00028ce0   0x00028ce0   0x000000c8   Code   RO         6630    i.nrf_dfu_svci_vector_table_set  nrf_dfu_svci.o
    0x00028da8   0x00028da8   0x0000009c   Code   RO         6631    i.nrf_dfu_svci_vector_table_unset  nrf_dfu_svci.o
    0x00028e44   0x00028e44   0x00000048   Code   RO         8571    i.nrf_drv_a2_i2c_0_deinit  nrf_drv_ssd1306.o
    0x00028e8c   0x00028e8c   0x0000005c   Code   RO         8572    i.nrf_drv_a2_i2c_0_init  nrf_drv_ssd1306.o
    0x00028ee8   0x00028ee8   0x00000044   Code   RO         8385    i.nrf_drv_a2_i2c_1_deinit  nrf_drv_i2c_max_temp.o
    0x00028f2c   0x00028f2c   0x00000030   Code   RO         8386    i.nrf_drv_a2_i2c_1_init  nrf_drv_i2c_max_temp.o
    0x00028f5c   0x00028f5c   0x00000050   Code   RO         8573    i.nrf_drv_a2_oled_init  nrf_drv_ssd1306.o
    0x00028fac   0x00028fac   0x0000000c   Code   RO         8574    i.nrf_drv_a2_oled_shutdown  nrf_drv_ssd1306.o
    0x00028fb8   0x00028fb8   0x00000044   Code   RO         7757    i.nrf_drv_a2_spi_deinit  nrf_drv_spi_bmi_flash.o
    0x00028ffc   0x00028ffc   0x00000038   Code   RO         7758    i.nrf_drv_a2_spi_init  nrf_drv_spi_bmi_flash.o
    0x00029034   0x00029034   0x00000056   Code   RO         7760    i.nrf_drv_bmi160_acc_config  nrf_drv_spi_bmi_flash.o
    0x0002908a   0x0002908a   0x00000002   PAD
    0x0002908c   0x0002908c   0x0000004c   Code   RO         7764    i.nrf_drv_bmi160_spi_int  nrf_drv_spi_bmi_flash.o
    0x000290d8   0x000290d8   0x00000030   Code   RO         7765    i.nrf_drv_bmi160_step_count_conf  nrf_drv_spi_bmi_flash.o
    0x00029108   0x00029108   0x00000048   Code   RO         3154    i.nrf_drv_clock_init  nrf_drv_clock.o
    0x00029150   0x00029150   0x0000002c   Code   RO         3158    i.nrf_drv_clock_lfclk_release  nrf_drv_clock.o
    0x0002917c   0x0002917c   0x00000038   Code   RO         3314    i.nrf_drv_common_irq_enable  nrf_drv_common.o
    0x000291b4   0x000291b4   0x00000030   Code   RO         7766    i.nrf_drv_flash_spi_init  nrf_drv_spi_bmi_flash.o
    0x000291e4   0x000291e4   0x00000050   Code   RO         8575    i.nrf_drv_i2c_0_read  nrf_drv_ssd1306.o
    0x00029234   0x00029234   0x00000054   Code   RO         8576    i.nrf_drv_i2c_0_write  nrf_drv_ssd1306.o
    0x00029288   0x00029288   0x00000054   Code   RO         8387    i.nrf_drv_i2c_max30102_read  nrf_drv_i2c_max_temp.o
    0x000292dc   0x000292dc   0x00000054   Code   RO         8388    i.nrf_drv_i2c_max30102_shutdown  nrf_drv_i2c_max_temp.o
    0x00029330   0x00029330   0x0000005c   Code   RO         8389    i.nrf_drv_i2c_max30102_write  nrf_drv_i2c_max_temp.o
    0x0002938c   0x0002938c   0x00000010   Code   RO         3826    i.nrf_drv_is_in_RAM  nrf_drv_spi.o
    0x0002939c   0x0002939c   0x00000010   Code   RO         4178    i.nrf_drv_is_in_RAM  nrf_drv_twi.o
    0x000293ac   0x000293ac   0x00000030   Code   RO         8392    i.nrf_drv_max30102_reg_i2c_func  nrf_drv_i2c_max_temp.o
    0x000293dc   0x000293dc   0x00000084   Code   RO         4061    i.nrf_drv_rtc_cc_set  nrf_drv_rtc.o
    0x00029460   0x00029460   0x00000018   Code   RO         4063    i.nrf_drv_rtc_enable  nrf_drv_rtc.o
    0x00029478   0x00029478   0x00000060   Code   RO         4064    i.nrf_drv_rtc_init  nrf_drv_rtc.o
    0x000294d8   0x000294d8   0x000000a0   Code   RO         4065    i.nrf_drv_rtc_int_handler  nrf_drv_rtc.o
    0x00029578   0x00029578   0x00000024   Code   RO         4070    i.nrf_drv_rtc_tick_enable  nrf_drv_rtc.o
    0x0002959c   0x0002959c   0x00000064   Code   RO         7767    i.nrf_drv_spi_bmi160_read  nrf_drv_spi_bmi_flash.o
    0x00029600   0x00029600   0x00000060   Code   RO         7768    i.nrf_drv_spi_bmi160_write  nrf_drv_spi_bmi_flash.o
    0x00029660   0x00029660   0x00000058   Code   RO         7769    i.nrf_drv_spi_flash_read  nrf_drv_spi_bmi_flash.o
    0x000296b8   0x000296b8   0x00000044   Code   RO         7770    i.nrf_drv_spi_flash_write  nrf_drv_spi_bmi_flash.o
    0x000296fc   0x000296fc   0x00000128   Code   RO         3829    i.nrf_drv_spi_init  nrf_drv_spi.o
    0x00029824   0x00029824   0x0000001c   Code   RO         3831    i.nrf_drv_spi_transfer  nrf_drv_spi.o
    0x00029840   0x00029840   0x00000068   Code   RO         3832    i.nrf_drv_spi_uninit  nrf_drv_spi.o
    0x000298a8   0x000298a8   0x00000060   Code   RO         3833    i.nrf_drv_spi_xfer  nrf_drv_spi.o
    0x00029908   0x00029908   0x00000030   Code   RO         4180    i.nrf_drv_twi_disable  nrf_drv_twi.o
    0x00029938   0x00029938   0x00000020   Code   RO         4181    i.nrf_drv_twi_enable  nrf_drv_twi.o
    0x00029958   0x00029958   0x0000008c   Code   RO         4182    i.nrf_drv_twi_init  nrf_drv_twi.o
    0x000299e4   0x000299e4   0x0000006c   Code   RO         4188    i.nrf_drv_twi_uninit  nrf_drv_twi.o
    0x00029a50   0x00029a50   0x00000024   Code   RO         4189    i.nrf_drv_twi_xfer  nrf_drv_twi.o
    0x00029a74   0x00029a74   0x0000001a   Code   RO         5417    i.nrf_fprintf       nrf_fprintf.o
    0x00029a8e   0x00029a8e   0x00000018   Code   RO         5418    i.nrf_fprintf_buffer_flush  nrf_fprintf.o
    0x00029aa6   0x00029aa6   0x000001da   Code   RO         5462    i.nrf_fprintf_fmt   nrf_fprintf_format.o
    0x00029c80   0x00029c80   0x0000004e   Code   RO         5499    i.nrf_fstorage_erase  nrf_fstorage.o
    0x00029cce   0x00029cce   0x00000010   Code   RO         5500    i.nrf_fstorage_init  nrf_fstorage.o
    0x00029cde   0x00029cde   0x00000002   PAD
    0x00029ce0   0x00029ce0   0x00000050   Code   RO         5501    i.nrf_fstorage_is_busy  nrf_fstorage.o
    0x00029d30   0x00029d30   0x00000018   Code   RO         5570    i.nrf_fstorage_sdh_req_handler  nrf_fstorage_sd.o
    0x00029d48   0x00029d48   0x00000020   Code   RO         5571    i.nrf_fstorage_sdh_state_handler  nrf_fstorage_sd.o
    0x00029d68   0x00029d68   0x000000a4   Code   RO         5572    i.nrf_fstorage_sys_evt_handler  nrf_fstorage_sd.o
    0x00029e0c   0x00029e0c   0x00000066   Code   RO         5506    i.nrf_fstorage_write  nrf_fstorage.o
    0x00029e72   0x00029e72   0x00000024   Code   RO           20    i.nrf_gpio_cfg      main.o
    0x00029e96   0x00029e96   0x00000024   Code   RO         3834    i.nrf_gpio_cfg      nrf_drv_spi.o
    0x00029eba   0x00029eba   0x00000024   Code   RO         7771    i.nrf_gpio_cfg      nrf_drv_spi_bmi_flash.o
    0x00029ede   0x00029ede   0x00000012   Code   RO           21    i.nrf_gpio_cfg_input  main.o
    0x00029ef0   0x00029ef0   0x00000014   Code   RO           22    i.nrf_gpio_cfg_output  main.o
    0x00029f04   0x00029f04   0x00000014   Code   RO         3835    i.nrf_gpio_cfg_output  nrf_drv_spi.o
    0x00029f18   0x00029f18   0x00000014   Code   RO         7772    i.nrf_gpio_cfg_output  nrf_drv_spi_bmi_flash.o
    0x00029f2c   0x00029f2c   0x00000010   Code   RO         8394    i.nrf_gpio_cfg_output  nrf_drv_i2c_max_temp.o
    0x00029f3c   0x00029f3c   0x00000010   Code   RO         8577    i.nrf_gpio_cfg_output  nrf_drv_ssd1306.o
    0x00029f4c   0x00029f4c   0x00000022   Code   RO          790    i.nrf_gpio_cfg_sense_set  bsp.o
    0x00029f6e   0x00029f6e   0x00000022   Code   RO         3380    i.nrf_gpio_cfg_sense_set  nrf_drv_gpiote.o
    0x00029f90   0x00029f90   0x0000000e   Code   RO         7773    i.nrf_gpio_pin_clear  nrf_drv_spi_bmi_flash.o
    0x00029f9e   0x00029f9e   0x00000010   Code   RO           23    i.nrf_gpio_pin_read  main.o
    0x00029fae   0x00029fae   0x0000000e   Code   RO           24    i.nrf_gpio_pin_set  main.o
    0x00029fbc   0x00029fbc   0x0000000e   Code   RO         3836    i.nrf_gpio_pin_set  nrf_drv_spi.o
    0x00029fca   0x00029fca   0x0000000e   Code   RO         4190    i.nrf_gpio_pin_set  nrf_drv_twi.o
    0x00029fd8   0x00029fd8   0x0000000e   Code   RO         7774    i.nrf_gpio_pin_set  nrf_drv_spi_bmi_flash.o
    0x00029fe6   0x00029fe6   0x0000000e   Code   RO         8395    i.nrf_gpio_pin_set  nrf_drv_i2c_max_temp.o
    0x00029ff4   0x00029ff4   0x0000000e   Code   RO         8646    i.nrf_gpio_pin_set  ssd1306.o
    0x0002a002   0x0002a002   0x00000002   PAD
    0x0002a004   0x0002a004   0x00000028   Code   RO         3381    i.nrf_gpio_ports_read  nrf_drv_gpiote.o
    0x0002a02c   0x0002a02c   0x00000014   Code   RO         3382    i.nrf_gpiote_event_clear  nrf_drv_gpiote.o
    0x0002a040   0x0002a040   0x00000010   Code   RO         3383    i.nrf_gpiote_event_is_set  nrf_drv_gpiote.o
    0x0002a050   0x0002a050   0x00000050   Code   RO         6399    i.nrf_log_backend_add  nrf_log_frontend.o
    0x0002a0a0   0x0002a0a0   0x00000002   Code   RO         6243    i.nrf_log_backend_rtt_flush  nrf_log_backend_rtt.o
    0x0002a0a2   0x0002a0a2   0x00000004   Code   RO         6244    i.nrf_log_backend_rtt_init  nrf_log_backend_rtt.o
    0x0002a0a6   0x0002a0a6   0x00000002   Code   RO         6245    i.nrf_log_backend_rtt_panic_set  nrf_log_backend_rtt.o
    0x0002a0a8   0x0002a0a8   0x00000018   Code   RO         6246    i.nrf_log_backend_rtt_put  nrf_log_backend_rtt.o
    0x0002a0c0   0x0002a0c0   0x000000d2   Code   RO         6307    i.nrf_log_backend_serial_put  nrf_log_backend_serial.o
    0x0002a192   0x0002a192   0x00000002   PAD
    0x0002a194   0x0002a194   0x00000028   Code   RO         6401    i.nrf_log_color_id_get  nrf_log_frontend.o
    0x0002a1bc   0x0002a1bc   0x0000001c   Code   RO         6359    i.nrf_log_default_backends_init  nrf_log_default_backends.o
    0x0002a1d8   0x0002a1d8   0x000001d8   Code   RO         6402    i.nrf_log_frontend_dequeue  nrf_log_frontend.o
    0x0002a3b0   0x0002a3b0   0x00000008   Code   RO         6404    i.nrf_log_frontend_std_0  nrf_log_frontend.o
    0x0002a3b8   0x0002a3b8   0x0000000e   Code   RO         6405    i.nrf_log_frontend_std_1  nrf_log_frontend.o
    0x0002a3c6   0x0002a3c6   0x00000010   Code   RO         6406    i.nrf_log_frontend_std_2  nrf_log_frontend.o
    0x0002a3d6   0x0002a3d6   0x00000012   Code   RO         6407    i.nrf_log_frontend_std_3  nrf_log_frontend.o
    0x0002a3e8   0x0002a3e8   0x000000ac   Code   RO         6584    i.nrf_log_hexdump_entry_process  nrf_log_str_formatter.o
    0x0002a494   0x0002a494   0x0000005c   Code   RO         6411    i.nrf_log_init      nrf_log_frontend.o
    0x0002a4f0   0x0002a4f0   0x00000014   Code   RO         6412    i.nrf_log_module_cnt_get  nrf_log_frontend.o
    0x0002a504   0x0002a504   0x0000001c   Code   RO         6415    i.nrf_log_module_name_get  nrf_log_frontend.o
    0x0002a520   0x0002a520   0x00000028   Code   RO         6416    i.nrf_log_panic     nrf_log_frontend.o
    0x0002a548   0x0002a548   0x000000b6   Code   RO         6585    i.nrf_log_std_entry_process  nrf_log_str_formatter.o
    0x0002a5fe   0x0002a5fe   0x00000060   Code   RO         5681    i.nrf_memobj_alloc  nrf_memobj.o
    0x0002a65e   0x0002a65e   0x00000032   Code   RO         5682    i.nrf_memobj_free   nrf_memobj.o
    0x0002a690   0x0002a690   0x0000000e   Code   RO         5683    i.nrf_memobj_get    nrf_memobj.o
    0x0002a69e   0x0002a69e   0x00000004   Code   RO         5684    i.nrf_memobj_pool_init  nrf_memobj.o
    0x0002a6a2   0x0002a6a2   0x00000022   Code   RO         5685    i.nrf_memobj_put    nrf_memobj.o
    0x0002a6c4   0x0002a6c4   0x0000000c   Code   RO         5686    i.nrf_memobj_read   nrf_memobj.o
    0x0002a6d0   0x0002a6d0   0x0000000c   Code   RO         5687    i.nrf_memobj_write  nrf_memobj.o
    0x0002a6dc   0x0002a6dc   0x00000050   Code   RO         5763    i.nrf_pwr_mgmt_init  nrf_pwr_mgmt.o
    0x0002a72c   0x0002a72c   0x00000044   Code   RO         5764    i.nrf_pwr_mgmt_run  nrf_pwr_mgmt.o
    0x0002a770   0x0002a770   0x00000040   Code   RO         5765    i.nrf_pwr_mgmt_shutdown  nrf_pwr_mgmt.o
    0x0002a7b0   0x0002a7b0   0x00000014   Code   RO         5766    i.nrf_pwr_mgmt_timeout_handler  nrf_pwr_mgmt.o
    0x0002a7c4   0x0002a7c4   0x0000008e   Code   RO         5978    i.nrf_queue_generic_pop  nrf_queue.o
    0x0002a852   0x0002a852   0x00000012   Code   RO         5980    i.nrf_queue_is_empty  nrf_queue.o
    0x0002a864   0x0002a864   0x0000001e   Code   RO         5981    i.nrf_queue_is_full  nrf_queue.o
    0x0002a882   0x0002a882   0x0000000e   Code   RO         5984    i.nrf_queue_next_idx  nrf_queue.o
    0x0002a890   0x0002a890   0x000000b2   Code   RO         5986    i.nrf_queue_push    nrf_queue.o
    0x0002a942   0x0002a942   0x0000000c   Code   RO         4072    i.nrf_rtc_event_clear  nrf_drv_rtc.o
    0x0002a94e   0x0002a94e   0x00000002   PAD
    0x0002a950   0x0002a950   0x00000010   Code   RO         4344    i.nrf_saadc_buffer_init  nrf_drv_saadc.o
    0x0002a960   0x0002a960   0x00000010   Code   RO         4346    i.nrf_saadc_event_check  nrf_drv_saadc.o
    0x0002a970   0x0002a970   0x00000014   Code   RO         4347    i.nrf_saadc_event_clear  nrf_drv_saadc.o
    0x0002a984   0x0002a984   0x00000014   Code   RO         7141    i.nrf_sdh_ble_app_ram_start_get  nrf_sdh_ble.o
    0x0002a998   0x0002a998   0x00000108   Code   RO         7142    i.nrf_sdh_ble_default_cfg_set  nrf_sdh_ble.o
    0x0002aaa0   0x0002aaa0   0x000000d8   Code   RO         7143    i.nrf_sdh_ble_enable  nrf_sdh_ble.o
    0x0002ab78   0x0002ab78   0x00000050   Code   RO         7144    i.nrf_sdh_ble_evts_poll  nrf_sdh_ble.o
    0x0002abc8   0x0002abc8   0x0000003c   Code   RO         7013    i.nrf_sdh_disable_request  nrf_sdh.o
    0x0002ac04   0x0002ac04   0x0000006c   Code   RO         7014    i.nrf_sdh_enable_request  nrf_sdh.o
    0x0002ac70   0x0002ac70   0x00000024   Code   RO         7015    i.nrf_sdh_evts_poll  nrf_sdh.o
    0x0002ac94   0x0002ac94   0x0000000c   Code   RO         7016    i.nrf_sdh_is_enabled  nrf_sdh.o
    0x0002aca0   0x0002aca0   0x0000001c   Code   RO         7018    i.nrf_sdh_request_continue  nrf_sdh.o
    0x0002acbc   0x0002acbc   0x0000003c   Code   RO         7191    i.nrf_sdh_soc_evts_poll  nrf_sdh_soc.o
    0x0002acf8   0x0002acf8   0x0000000a   Code   RO         5844    i.nrf_section_iter_init  nrf_section_iter.o
    0x0002ad02   0x0002ad02   0x00000024   Code   RO         5845    i.nrf_section_iter_item_set  nrf_section_iter.o
    0x0002ad26   0x0002ad26   0x00000020   Code   RO         5846    i.nrf_section_iter_next  nrf_section_iter.o
    0x0002ad46   0x0002ad46   0x00000002   PAD
    0x0002ad48   0x0002ad48   0x00000030   Code   RO         6090    i.nrf_spi_mngr_init  nrf_spi_mngr.o
    0x0002ad78   0x0002ad78   0x00000070   Code   RO         6091    i.nrf_spi_mngr_perform  nrf_spi_mngr.o
    0x0002ade8   0x0002ade8   0x0000001c   Code   RO         6092    i.nrf_spi_mngr_schedule  nrf_spi_mngr.o
    0x0002ae04   0x0002ae04   0x00000012   Code   RO         6093    i.nrf_spi_mngr_uninit  nrf_spi_mngr.o
    0x0002ae16   0x0002ae16   0x0000000a   Code   RO         3837    i.nrf_spim_event_check  nrf_drv_spi.o
    0x0002ae20   0x0002ae20   0x00000038   Code   RO         5879    i.nrf_strerror_find  nrf_strerror.o
    0x0002ae58   0x0002ae58   0x00000014   Code   RO         5880    i.nrf_strerror_get  nrf_strerror.o
    0x0002ae6c   0x0002ae6c   0x00000040   Code   RO         6166    i.nrf_twi_mngr_init  nrf_twi_mngr.o
    0x0002aeac   0x0002aeac   0x00000080   Code   RO         6167    i.nrf_twi_mngr_perform  nrf_twi_mngr.o
    0x0002af2c   0x0002af2c   0x0000001c   Code   RO         6168    i.nrf_twi_mngr_schedule  nrf_twi_mngr.o
    0x0002af48   0x0002af48   0x00000012   Code   RO         6169    i.nrf_twi_mngr_uninit  nrf_twi_mngr.o
    0x0002af5a   0x0002af5a   0x0000000a   Code   RO         4191    i.nrf_twim_event_check  nrf_drv_twi.o
    0x0002af64   0x0002af64   0x0000000c   Code   RO         4192    i.nrf_twim_event_clear  nrf_drv_twi.o
    0x0002af70   0x0002af70   0x0000000a   Code   RO         3617    i.nrf_uart_event_check  nrf_drv_uart.o
    0x0002af7a   0x0002af7a   0x0000000c   Code   RO         3618    i.nrf_uart_event_clear  nrf_drv_uart.o
    0x0002af86   0x0002af86   0x0000000c   Code   RO         3619    i.nrf_uart_int_enable_check  nrf_drv_uart.o
    0x0002af92   0x0002af92   0x0000000a   Code   RO         3620    i.nrf_uarte_event_check  nrf_drv_uart.o
    0x0002af9c   0x0002af9c   0x0000000c   Code   RO         3621    i.nrf_uarte_event_clear  nrf_drv_uart.o
    0x0002afa8   0x0002afa8   0x00000018   Code   RO         7363    i.null_ptr_check    bmi160.o
    0x0002afc0   0x0002afc0   0x0000015c   Code   RO           25    i.oled_init         main.o
    0x0002b11c   0x0002b11c   0x00000024   Code   RO           26    i.on_adv_evt        main.o
    0x0002b140   0x0002b140   0x0000001c   Code   RO           27    i.on_conn_params_evt  main.o
    0x0002b15c   0x0002b15c   0x0000009c   Code   RO         1849    i.on_connected_evt  nrf_ble_gatt.o
    0x0002b1f8   0x0002b1f8   0x00000074   Code   RO         1850    i.on_exchange_mtu_request_evt  nrf_ble_gatt.o
    0x0002b26c   0x0002b26c   0x00000070   Code   RO         2999    i.on_rw_authorize_req  ble_dfu.o
    0x0002b2dc   0x0002b2dc   0x00000024   Code   RO         4985    i.page_identify     fds.o
    0x0002b300   0x0002b300   0x00000012   Code   RO         4986    i.page_offsets_update  fds.o
    0x0002b312   0x0002b312   0x00000002   PAD
    0x0002b314   0x0002b314   0x0000006c   Code   RO         4987    i.page_scan         fds.o
    0x0002b380   0x0002b380   0x0000001c   Code   RO         4988    i.page_tag_write_data  fds.o
    0x0002b39c   0x0002b39c   0x00000024   Code   RO         4989    i.page_tag_write_swap  fds.o
    0x0002b3c0   0x0002b3c0   0x0000011c   Code   RO         4990    i.pages_init        fds.o
    0x0002b4dc   0x0002b4dc   0x0000000c   Code   RO         2724    i.pairing           security_dispatcher.o
    0x0002b4e8   0x0002b4e8   0x0000003e   Code   RO         2857    i.params_reply_pending_process  security_manager.o
    0x0002b526   0x0002b526   0x00000028   Code   RO         2858    i.params_req_send   security_manager.o
    0x0002b54e   0x0002b54e   0x00000002   PAD
    0x0002b550   0x0002b550   0x0000001c   Code   RO         2080    i.pdb_evt_send      peer_database.o
    0x0002b56c   0x0002b56c   0x00000048   Code   RO         2081    i.pdb_init          peer_database.o
    0x0002b5b4   0x0002b5b4   0x00000004   Code   RO         2083    i.pdb_next_deleted_peer_id_get  peer_database.o
    0x0002b5b8   0x0002b5b8   0x00000004   Code   RO         2084    i.pdb_next_peer_id_get  peer_database.o
    0x0002b5bc   0x0002b5bc   0x00000078   Code   RO         2085    i.pdb_pds_evt_handler  peer_database.o
    0x0002b634   0x0002b634   0x00000004   Code   RO         2086    i.pdb_peer_allocate  peer_database.o
    0x0002b638   0x0002b638   0x00000010   Code   RO         2087    i.pdb_peer_data_load  peer_database.o
    0x0002b648   0x0002b648   0x00000006   Code   RO         2088    i.pdb_peer_data_ptr_get  peer_database.o
    0x0002b64e   0x0002b64e   0x00000044   Code   RO         2089    i.pdb_peer_free     peer_database.o
    0x0002b692   0x0002b692   0x00000008   Code   RO         2090    i.pdb_raw_store     peer_database.o
    0x0002b69a   0x0002b69a   0x00000002   PAD
    0x0002b69c   0x0002b69c   0x00000104   Code   RO         2091    i.pdb_write_buf_get  peer_database.o
    0x0002b7a0   0x0002b7a0   0x00000028   Code   RO         2092    i.pdb_write_buf_release  peer_database.o
    0x0002b7c8   0x0002b7c8   0x00000028   Code   RO         2093    i.pdb_write_buf_store  peer_database.o
    0x0002b7f0   0x0002b7f0   0x00000068   Code   RO         2094    i.pdb_write_buf_store_prepare  peer_database.o
    0x0002b858   0x0002b858   0x00000010   Code   RO         1940    i.pds_evt_send      peer_data_storage.o
    0x0002b868   0x0002b868   0x0000006c   Code   RO         1941    i.pds_init          peer_data_storage.o
    0x0002b8d4   0x0002b8d4   0x00000004   Code   RO         1942    i.pds_next_deleted_peer_id_get  peer_data_storage.o
    0x0002b8d8   0x0002b8d8   0x00000004   Code   RO         1943    i.pds_next_peer_id_get  peer_data_storage.o
    0x0002b8dc   0x0002b8dc   0x00000058   Code   RO         1946    i.pds_peer_data_iterate  peer_data_storage.o
    0x0002b934   0x0002b934   0x00000010   Code   RO         1947    i.pds_peer_data_iterate_prepare  peer_data_storage.o
    0x0002b944   0x0002b944   0x00000068   Code   RO         1948    i.pds_peer_data_read  peer_data_storage.o
    0x0002b9ac   0x0002b9ac   0x00000096   Code   RO         1949    i.pds_peer_data_store  peer_data_storage.o
    0x0002ba42   0x0002ba42   0x00000008   Code   RO         1950    i.pds_peer_id_allocate  peer_data_storage.o
    0x0002ba4a   0x0002ba4a   0x00000016   Code   RO         1951    i.pds_peer_id_free  peer_data_storage.o
    0x0002ba60   0x0002ba60   0x00000004   Code   RO         1952    i.pds_peer_id_is_allocated  peer_data_storage.o
    0x0002ba64   0x0002ba64   0x0000002e   Code   RO         1953    i.pds_space_reserve  peer_data_storage.o
    0x0002ba92   0x0002ba92   0x00000010   Code   RO         1954    i.pds_space_reserve_cancel  peer_data_storage.o
    0x0002baa2   0x0002baa2   0x00000002   PAD
    0x0002baa4   0x0002baa4   0x000000a0   Code   RO           28    i.pedometer_init    main.o
    0x0002bb44   0x0002bb44   0x0000000c   Code   RO         2725    i.peer_created      security_dispatcher.o
    0x0002bb50   0x0002bb50   0x00000006   Code   RO         2095    i.peer_data_const_point_to_buffer  peer_database.o
    0x0002bb56   0x0002bb56   0x00000002   PAD
    0x0002bb58   0x0002bb58   0x00000084   Code   RO         1955    i.peer_data_delete  peer_data_storage.o
    0x0002bbdc   0x0002bbdc   0x00000030   Code   RO         1956    i.peer_data_find    peer_data_storage.o
    0x0002bc0c   0x0002bc0c   0x00000020   Code   RO         1957    i.peer_data_id_is_valid  peer_data_storage.o
    0x0002bc2c   0x0002bc2c   0x0000001a   Code   RO         2096    i.peer_data_point_to_buffer  peer_database.o
    0x0002bc46   0x0002bc46   0x00000002   PAD
    0x0002bc48   0x0002bc48   0x0000000c   Code   RO         2250    i.peer_id_allocate  peer_id.o
    0x0002bc54   0x0002bc54   0x00000024   Code   RO         2251    i.peer_id_delete    peer_id.o
    0x0002bc78   0x0002bc78   0x0000001c   Code   RO         2252    i.peer_id_free      peer_id.o
    0x0002bc94   0x0002bc94   0x0000000c   Code   RO         2253    i.peer_id_get_next_deleted  peer_id.o
    0x0002bca0   0x0002bca0   0x00000030   Code   RO         2254    i.peer_id_get_next_used  peer_id.o
    0x0002bcd0   0x0002bcd0   0x00000028   Code   RO         2255    i.peer_id_init      peer_id.o
    0x0002bcf8   0x0002bcf8   0x00000014   Code   RO         2256    i.peer_id_is_allocated  peer_id.o
    0x0002bd0c   0x0002bd0c   0x00000014   Code   RO         2257    i.peer_id_is_deleted  peer_id.o
    0x0002bd20   0x0002bd20   0x0000001c   Code   RO         1679    i.peer_id_set       id_manager.o
    0x0002bd3c   0x0002bd3c   0x0000006c   Code   RO           29    i.peer_manager_init  main.o
    0x0002bda8   0x0002bda8   0x000000d8   Code   RO         1469    i.pending_flags_check  gatt_cache_manager.o
    0x0002be80   0x0002be80   0x0000005c   Code   RO         2622    i.pm_buffer_block_acquire  pm_buffer.o
    0x0002bedc   0x0002bedc   0x00000040   Code   RO         2623    i.pm_buffer_init    pm_buffer.o
    0x0002bf1c   0x0002bf1c   0x00000028   Code   RO         2624    i.pm_buffer_ptr_get  pm_buffer.o
    0x0002bf44   0x0002bf44   0x0000002e   Code   RO         2625    i.pm_buffer_release  pm_buffer.o
    0x0002bf72   0x0002bf72   0x0000000a   Code   RO         2342    i.pm_conn_sec_config_reply  peer_manager.o
    0x0002bf7c   0x0002bf7c   0x00000100   Code   RO           30    i.pm_evt_handler    main.o
    0x0002c07c   0x0002c07c   0x00000004   Code   RO         2347    i.pm_gcm_evt_handler  peer_manager.o
    0x0002c080   0x0002c080   0x00000024   Code   RO         2350    i.pm_im_evt_handler  peer_manager.o
    0x0002c0a4   0x0002c0a4   0x00000058   Code   RO         2351    i.pm_init           peer_manager.o
    0x0002c0fc   0x0002c0fc   0x00000014   Code   RO         2353    i.pm_local_database_has_changed  peer_manager.o
    0x0002c110   0x0002c110   0x0000000e   Code   RO         2665    i.pm_mutex_init     pm_mutex.o
    0x0002c11e   0x0002c11e   0x0000001a   Code   RO         2666    i.pm_mutex_lock     pm_mutex.o
    0x0002c138   0x0002c138   0x00000036   Code   RO         2667    i.pm_mutex_lock_first_available  pm_mutex.o
    0x0002c16e   0x0002c16e   0x00000018   Code   RO         2668    i.pm_mutex_lock_status_get  pm_mutex.o
    0x0002c186   0x0002c186   0x0000003a   Code   RO         2669    i.pm_mutex_unlock   pm_mutex.o
    0x0002c1c0   0x0002c1c0   0x00000118   Code   RO         2355    i.pm_pdb_evt_handler  peer_manager.o
    0x0002c2d8   0x0002c2d8   0x00000014   Code   RO         2366    i.pm_peer_delete    peer_manager.o
    0x0002c2ec   0x0002c2ec   0x000000b8   Code   RO         2370    i.pm_peer_ranks_get  peer_manager.o
    0x0002c3a4   0x0002c3a4   0x00000068   Code   RO         2371    i.pm_peers_delete   peer_manager.o
    0x0002c40c   0x0002c40c   0x0000002c   Code   RO         2374    i.pm_register       peer_manager.o
    0x0002c438   0x0002c438   0x00000014   Code   RO         2375    i.pm_sec_params_set  peer_manager.o
    0x0002c44c   0x0002c44c   0x00000034   Code   RO         2376    i.pm_sm_evt_handler  peer_manager.o
    0x0002c480   0x0002c480   0x0000003c   Code   RO         6586    i.postfix_process   nrf_log_str_formatter.o
    0x0002c4bc   0x0002c4bc   0x0000005c   Code   RO         6587    i.prefix_process    nrf_log_str_formatter.o
    0x0002c518   0x0002c518   0x00000064   Code   RO         7365    i.process_under_sampling  bmi160.o
    0x0002c57c   0x0002c57c   0x0000001c   Code   RO         4991    i.queue_buf_get     fds.o
    0x0002c598   0x0002c598   0x00000010   Code   RO         4992    i.queue_buf_store   fds.o
    0x0002c5a8   0x0002c5a8   0x000000a8   Code   RO         4993    i.queue_process     fds.o
    0x0002c650   0x0002c650   0x00000098   Code   RO         5573    i.queue_process     nrf_fstorage_sd.o
    0x0002c6e8   0x0002c6e8   0x00000020   Code   RO         4994    i.queue_start       fds.o
    0x0002c708   0x0002c708   0x00000028   Code   RO         5574    i.queue_start       nrf_fstorage_sd.o
    0x0002c730   0x0002c730   0x00000018   Code   RO         5992    i.queue_utilization_get  nrf_queue.o
    0x0002c748   0x0002c748   0x00000028   Code   RO         2379    i.rank_vars_update  peer_manager.o
    0x0002c770   0x0002c770   0x0000000e   Code   RO         5575    i.read              nrf_fstorage_sd.o
    0x0002c77e   0x0002c77e   0x0000001e   Code   RO         7979    i.readRegister8     max30102.o
    0x0002c79c   0x0002c79c   0x00000068   Code   RO         2097    i.reattempt_previous_operations  peer_database.o
    0x0002c804   0x0002c804   0x00000088   Code   RO         4995    i.record_find       fds.o
    0x0002c88c   0x0002c88c   0x000000a0   Code   RO         4996    i.record_find_by_desc  fds.o
    0x0002c92c   0x0002c92c   0x0000005c   Code   RO         4997    i.record_find_next  fds.o
    0x0002c988   0x0002c988   0x00000038   Code   RO         4998    i.record_header_flag_dirty  fds.o
    0x0002c9c0   0x0002c9c0   0x00000010   Code   RO         2259    i.release           peer_id.o
    0x0002c9d0   0x0002c9d0   0x00000004   Code   RO         5576    i.rmap              nrf_fstorage_sd.o
    0x0002c9d4   0x0002c9d4   0x0000003c   Code   RO         4708    i.rtc1_stop         app_timer.o
    0x0002ca10   0x0002ca10   0x00000030   Code   RO           31    i.rtc_handler       main.o
    0x0002ca40   0x0002ca40   0x00000032   Code   RO         3623    i.rx_byte           nrf_drv_uart.o
    0x0002ca72   0x0002ca72   0x00000018   Code   RO         3624    i.rx_done_event     nrf_drv_uart.o
    0x0002ca8a   0x0002ca8a   0x00000042   Code   RO         7021    i.sd_nvic_SetPriority  nrf_sdh.o
    0x0002cacc   0x0002cacc   0x00000054   Code   RO         3161    i.sd_state_evt_handler  nrf_drv_clock.o
    0x0002cb20   0x0002cb20   0x00000030   Code   RO         7022    i.sdh_request_observer_notify  nrf_sdh.o
    0x0002cb50   0x0002cb50   0x0000002c   Code   RO         7023    i.sdh_state_observer_notify  nrf_sdh.o
    0x0002cb7c   0x0002cb7c   0x00000044   Code   RO         5912    i.sdk_mapped_flags_bulk_update_by_key  sdk_mapped_flags.o
    0x0002cbc0   0x0002cbc0   0x00000022   Code   RO         5913    i.sdk_mapped_flags_first_key_index_get  sdk_mapped_flags.o
    0x0002cbe2   0x0002cbe2   0x00000010   Code   RO         5914    i.sdk_mapped_flags_get_by_index  sdk_mapped_flags.o
    0x0002cbf2   0x0002cbf2   0x00000026   Code   RO         5915    i.sdk_mapped_flags_get_by_key  sdk_mapped_flags.o
    0x0002cc18   0x0002cc18   0x0000004a   Code   RO         5917    i.sdk_mapped_flags_key_list_get  sdk_mapped_flags.o
    0x0002cc62   0x0002cc62   0x0000000e   Code   RO         5919    i.sdk_mapped_flags_update_by_key  sdk_mapped_flags.o
    0x0002cc70   0x0002cc70   0x000000a2   Code   RO         2726    i.sec_info_request_process  security_dispatcher.o
    0x0002cd12   0x0002cd12   0x00000002   PAD
    0x0002cd14   0x0002cd14   0x0000006c   Code   RO         2727    i.sec_keyset_fill   security_dispatcher.o
    0x0002cd80   0x0002cd80   0x00000076   Code   RO         2859    i.sec_params_verify  security_manager.o
    0x0002cdf6   0x0002cdf6   0x00000002   PAD
    0x0002cdf8   0x0002cdf8   0x00000038   Code   RO         2728    i.sec_proc_housekeeping  security_dispatcher.o
    0x0002ce30   0x0002ce30   0x00000068   Code   RO         2729    i.sec_proc_start    security_dispatcher.o
    0x0002ce98   0x0002ce98   0x00000022   Code   RO         2730    i.send_config_req   security_dispatcher.o
    0x0002ceba   0x0002ceba   0x00000002   PAD
    0x0002cebc   0x0002cebc   0x00000010   Code   RO         1177    i.send_error_evt    ble_conn_params.o
    0x0002cecc   0x0002cecc   0x00000028   Code   RO         1470    i.send_unexpected_error  gatt_cache_manager.o
    0x0002cef4   0x0002cef4   0x00000028   Code   RO         2731    i.send_unexpected_error  security_dispatcher.o
    0x0002cf1c   0x0002cf1c   0x0000002a   Code   RO         6247    i.serial_tx         nrf_log_backend_rtt.o
    0x0002cf46   0x0002cf46   0x00000002   PAD
    0x0002cf48   0x0002cf48   0x00000044   Code   RO         1579    i.service_changed_pending_set  gatts_cache_manager.o
    0x0002cf8c   0x0002cf8c   0x0000008c   Code   RO         1471    i.service_changed_send_in_evt  gatt_cache_manager.o
    0x0002d018   0x0002d018   0x00000088   Code   RO         1009    i.service_data_encode  ble_advdata.o
    0x0002d0a0   0x0002d0a0   0x0000000a   Code   RO         7981    i.setADCRange       max30102.o
    0x0002d0aa   0x0002d0aa   0x0000000a   Code   RO         7983    i.setFIFOAverage    max30102.o
    0x0002d0b4   0x0002d0b4   0x0000000a   Code   RO         7984    i.setLEDMode        max30102.o
    0x0002d0be   0x0002d0be   0x0000000a   Code   RO         7987    i.setPulseAmplitudeGreen  max30102.o
    0x0002d0c8   0x0002d0c8   0x0000000a   Code   RO         7988    i.setPulseAmplitudeIR  max30102.o
    0x0002d0d2   0x0002d0d2   0x0000000a   Code   RO         7989    i.setPulseAmplitudeProximity  max30102.o
    0x0002d0dc   0x0002d0dc   0x0000000a   Code   RO         7990    i.setPulseAmplitudeRed  max30102.o
    0x0002d0e6   0x0002d0e6   0x0000000a   Code   RO         7991    i.setPulseWidth     max30102.o
    0x0002d0f0   0x0002d0f0   0x0000000a   Code   RO         7992    i.setSampleRate     max30102.o
    0x0002d0fa   0x0002d0fa   0x00000002   PAD
    0x0002d0fc   0x0002d0fc   0x0000007c   Code   RO         5767    i.shutdown_process  nrf_pwr_mgmt.o
    0x0002d178   0x0002d178   0x00000028   Code   RO           33    i.sleep_mode_enter  main.o
    0x0002d1a0   0x0002d1a0   0x00000018   Code   RO         2860    i.sm_ble_evt_handler  security_manager.o
    0x0002d1b8   0x0002d1b8   0x00000004   Code   RO         2861    i.sm_conn_sec_config_reply  security_manager.o
    0x0002d1bc   0x0002d1bc   0x0000004c   Code   RO         2862    i.sm_init           security_manager.o
    0x0002d208   0x0002d208   0x00000040   Code   RO         2865    i.sm_pdb_evt_handler  security_manager.o
    0x0002d248   0x0002d248   0x00000034   Code   RO         2867    i.sm_sec_params_set  security_manager.o
    0x0002d27c   0x0002d27c   0x00000060   Code   RO         2868    i.sm_smd_evt_handler  security_manager.o
    0x0002d2dc   0x0002d2dc   0x000000f4   Code   RO         2732    i.smd_ble_evt_handler  security_dispatcher.o
    0x0002d3d0   0x0002d3d0   0x00000010   Code   RO         2733    i.smd_conn_sec_config_reply  security_dispatcher.o
    0x0002d3e0   0x0002d3e0   0x00000058   Code   RO         2734    i.smd_init          security_dispatcher.o
    0x0002d438   0x0002d438   0x00000022   Code   RO         2735    i.smd_link_secure   security_dispatcher.o
    0x0002d45a   0x0002d45a   0x00000002   PAD
    0x0002d45c   0x0002d45c   0x000000fc   Code   RO         2736    i.smd_params_reply  security_dispatcher.o
    0x0002d558   0x0002d558   0x00000040   Code   RO         2869    i.smd_params_reply_perform  security_manager.o
    0x0002d598   0x0002d598   0x0000000a   Code   RO         3162    i.soc_evt_handler   nrf_drv_clock.o
    0x0002d5a2   0x0002d5a2   0x00000002   PAD
    0x0002d5a4   0x0002d5a4   0x00000038   Code   RO         7024    i.softdevice_evt_irq_disable  nrf_sdh.o
    0x0002d5dc   0x0002d5dc   0x00000050   Code   RO         7025    i.softdevices_evt_irq_enable  nrf_sdh.o
    0x0002d62c   0x0002d62c   0x0000003e   Code   RO         6094    i.spi_event_handler  nrf_spi_mngr.o
    0x0002d66a   0x0002d66a   0x0000000a   Code   RO         6095    i.spi_internal_transaction_cb  nrf_spi_mngr.o
    0x0002d674   0x0002d674   0x000000b2   Code   RO         3838    i.spim_xfer         nrf_drv_spi.o
    0x0002d726   0x0002d726   0x00000002   PAD
    0x0002d728   0x0002d728   0x00000118   Code   RO         8648    i.ssd1306_begin     ssd1306.o
    0x0002d840   0x0002d840   0x00000010   Code   RO         8649    i.ssd1306_clear_display  ssd1306.o
    0x0002d850   0x0002d850   0x00000018   Code   RO         8650    i.ssd1306_command   ssd1306.o
    0x0002d868   0x0002d868   0x00000070   Code   RO         8654    i.ssd1306_display   ssd1306.o
    0x0002d8d8   0x0002d8d8   0x000000cc   Code   RO         8666    i.ssd1306_draw_char  ssd1306.o
    0x0002d9a4   0x0002d9a4   0x00000090   Code   RO         8670    i.ssd1306_draw_fast_hline_internal  ssd1306.o
    0x0002da34   0x0002da34   0x00000058   Code   RO         8671    i.ssd1306_draw_fast_vline  ssd1306.o
    0x0002da8c   0x0002da8c   0x000000e0   Code   RO         8672    i.ssd1306_draw_fast_vline_internal  ssd1306.o
    0x0002db6c   0x0002db6c   0x000000bc   Code   RO         8674    i.ssd1306_draw_pixel  ssd1306.o
    0x0002dc28   0x0002dc28   0x00000028   Code   RO         8681    i.ssd1306_fill_rect  ssd1306.o
    0x0002dc50   0x0002dc50   0x00000016   Code   RO         8693    i.ssd1306_putstring  ssd1306.o
    0x0002dc66   0x0002dc66   0x00000002   PAD
    0x0002dc68   0x0002dc68   0x0000000c   Code   RO         8694    i.ssd1306_set_cursor  ssd1306.o
    0x0002dc74   0x0002dc74   0x0000000c   Code   RO         8696    i.ssd1306_set_textcolor  ssd1306.o
    0x0002dc80   0x0002dc80   0x00000010   Code   RO         8698    i.ssd1306_set_textsize  ssd1306.o
    0x0002dc90   0x0002dc90   0x00000064   Code   RO         8706    i.ssd1306_write     ssd1306.o
    0x0002dcf4   0x0002dcf4   0x0000009c   Code   RO         6096    i.start_pending_transaction  nrf_spi_mngr.o
    0x0002dd90   0x0002dd90   0x00000098   Code   RO         6170    i.start_pending_transaction  nrf_twi_mngr.o
    0x0002de28   0x0002de28   0x00000020   Code   RO         6097    i.start_transfer    nrf_spi_mngr.o
    0x0002de48   0x0002de48   0x000000a8   Code   RO         6171    i.start_transfer    nrf_twi_mngr.o
    0x0002def0   0x0002def0   0x00000094   Code   RO         6418    i.std_n             nrf_log_frontend.o
    0x0002df84   0x0002df84   0x00000080   Code   RO         4709    i.timer_list_handler  app_timer.o
    0x0002e004   0x0002e004   0x0000003c   Code   RO         4710    i.timer_list_insert  app_timer.o
    0x0002e040   0x0002e040   0x00000060   Code   RO         4711    i.timer_list_remove  app_timer.o
    0x0002e0a0   0x0002e0a0   0x00000048   Code   RO         4712    i.timer_stop_op_schedule  app_timer.o
    0x0002e0e8   0x0002e0e8   0x00000074   Code   RO         4713    i.timer_timeouts_check  app_timer.o
    0x0002e15c   0x0002e15c   0x00000014   Code   RO         6098    i.transaction_end_signal  nrf_spi_mngr.o
    0x0002e170   0x0002e170   0x0000001a   Code   RO         6172    i.transaction_end_signal  nrf_twi_mngr.o
    0x0002e18a   0x0002e18a   0x000000aa   Code   RO         4193    i.twi_clear_bus     nrf_drv_twi.o
    0x0002e234   0x0002e234   0x0000003c   Code   RO         6173    i.twi_event_handler  nrf_twi_mngr.o
    0x0002e270   0x0002e270   0x00000238   Code   RO         4194    i.twim_xfer         nrf_drv_twi.o
    0x0002e4a8   0x0002e4a8   0x00000020   Code   RO         3626    i.tx_byte           nrf_drv_uart.o
    0x0002e4c8   0x0002e4c8   0x0000001c   Code   RO         3627    i.tx_done_event     nrf_drv_uart.o
    0x0002e4e4   0x0002e4e4   0x0000011e   Code   RO         3628    i.uart_irq_handler  nrf_drv_uart.o
    0x0002e602   0x0002e602   0x000000f0   Code   RO         3629    i.uarte_irq_handler  nrf_drv_uart.o
    0x0002e6f2   0x0002e6f2   0x0000000a   Code   RO         1010    i.uint16_encode     ble_advdata.o
    0x0002e6fc   0x0002e6fc   0x00000020   Code   RO         5577    i.uninit            nrf_fstorage_sd.o
    0x0002e71c   0x0002e71c   0x000000b4   Code   RO         5463    i.unsigned_print    nrf_fprintf_format.o
    0x0002e7d0   0x0002e7d0   0x00000068   Code   RO         1178    i.update_timeout_handler  ble_conn_params.o
    0x0002e838   0x0002e838   0x00000018   Code   RO         1268    i.user_flag_is_acquired  ble_conn_state.o
    0x0002e850   0x0002e850   0x00000030   Code   RO         4714    i.user_op_alloc     app_timer.o
    0x0002e880   0x0002e880   0x00000030   Code   RO         1011    i.uuid_list_encode  ble_advdata.o
    0x0002e8b0   0x0002e8b0   0x0000009e   Code   RO         1012    i.uuid_list_sized_encode  ble_advdata.o
    0x0002e94e   0x0002e94e   0x00000004   Code   RO         5578    i.wmap              nrf_fstorage_sd.o
    0x0002e952   0x0002e952   0x00000002   PAD
    0x0002e954   0x0002e954   0x00000050   Code   RO         5579    i.write             nrf_fstorage_sd.o
    0x0002e9a4   0x0002e9a4   0x00000014   Code   RO         7993    i.writeRegister8    max30102.o
    0x0002e9b8   0x0002e9b8   0x00000024   Code   RO         2098    i.write_buf_length_words_set  peer_database.o
    0x0002e9dc   0x0002e9dc   0x0000009c   Code   RO         2099    i.write_buf_store   peer_database.o
    0x0002ea78   0x0002ea78   0x00000034   Code   RO         2100    i.write_buffer_record_find  peer_database.o
    0x0002eaac   0x0002eaac   0x00000028   Code   RO         2101    i.write_buffer_record_find_next  peer_database.o
    0x0002ead4   0x0002ead4   0x0000001e   Code   RO         2102    i.write_buffer_record_invalidate  peer_database.o
    0x0002eaf2   0x0002eaf2   0x00000002   PAD
    0x0002eaf4   0x0002eaf4   0x0000002c   Code   RO         2103    i.write_buffer_record_release  peer_database.o
    0x0002eb20   0x0002eb20   0x000000e8   Code   RO         5000    i.write_enqueue     fds.o
    0x0002ec08   0x0002ec08   0x000000f4   Code   RO         5001    i.write_execute     fds.o
    0x0002ecfc   0x0002ecfc   0x00000018   Code   RO         5002    i.write_space_free  fds.o
    0x0002ed14   0x0002ed14   0x0000005c   Code   RO         5003    i.write_space_reserve  fds.o
    0x0002ed70   0x0002ed70   0x00000014   Data   RO           37    .constdata          main.o
    0x0002ed84   0x0002ed84   0x00000008   Data   RO          674    .constdata          boards.o
    0x0002ed8c   0x0002ed8c   0x0000002c   Data   RO          795    .constdata          bsp.o
    0x0002edb8   0x0002edb8   0x00000050   Data   RO         1472    .constdata          gatt_cache_manager.o
    0x0002ee08   0x0002ee08   0x00000004   Data   RO         1580    .constdata          gatts_cache_manager.o
    0x0002ee0c   0x0002ee0c   0x00000010   Data   RO         1581    .constdata          gatts_cache_manager.o
    0x0002ee1c   0x0002ee1c   0x00000004   Data   RO         1582    .constdata          gatts_cache_manager.o
    0x0002ee20   0x0002ee20   0x00000008   Data   RO         1682    .constdata          id_manager.o
    0x0002ee28   0x0002ee28   0x00000016   Data   RO         1851    .constdata          nrf_ble_gatt.o
    0x0002ee3e   0x0002ee3e   0x00000002   PAD
    0x0002ee40   0x0002ee40   0x00000018   Data   RO         1958    .constdata          peer_data_storage.o
    0x0002ee58   0x0002ee58   0x00000010   Data   RO         2105    .constdata          peer_database.o
    0x0002ee68   0x0002ee68   0x00000010   Data   RO         2381    .constdata          peer_manager.o
    0x0002ee78   0x0002ee78   0x00000054   Data   RO         2738    .constdata          security_dispatcher.o
    0x0002eecc   0x0002eecc   0x00000004   Data   RO         2870    .constdata          security_manager.o
    0x0002eed0   0x0002eed0   0x00000010   Data   RO         3001    .constdata          ble_dfu.o
    0x0002eee0   0x0002eee0   0x00000004   Data   RO         3387    .constdata          nrf_drv_gpiote.o
    0x0002eee4   0x0002eee4   0x00000018   Data   RO         5006    .constdata          fds.o
    0x0002eefc   0x0002eefc   0x00000010   Data   RO         5464    .constdata          nrf_fprintf_format.o
    0x0002ef0c   0x0002ef0c   0x00000010   Data   RO         5582    .constdata          nrf_fstorage_sd.o
    0x0002ef1c   0x0002ef1c   0x00000020   Data   RO         5583    .constdata          nrf_fstorage_sd.o
    0x0002ef3c   0x0002ef3c   0x00000018   Data   RO         5770    .constdata          nrf_pwr_mgmt.o
    0x0002ef54   0x0002ef54   0x00000010   Data   RO         5771    .constdata          nrf_pwr_mgmt.o
    0x0002ef64   0x0002ef64   0x00000104   Data   RO         5881    .constdata          nrf_strerror.o
    0x0002f068   0x0002f068   0x00000018   Data   RO         6099    .constdata          nrf_spi_mngr.o
    0x0002f080   0x0002f080   0x00000014   Data   RO         6174    .constdata          nrf_twi_mngr.o
    0x0002f094   0x0002f094   0x0000000c   Data   RO         6249    .constdata          nrf_log_backend_rtt.o
    0x0002f0a0   0x0002f0a0   0x00000014   Data   RO         6421    .constdata          nrf_log_frontend.o
    0x0002f0b4   0x0002f0b4   0x00000010   Data   RO         7026    .constdata          nrf_sdh.o
    0x0002f0c4   0x0002f0c4   0x00000028   Data   RO         7027    .constdata          nrf_sdh.o
    0x0002f0ec   0x0002f0ec   0x00000010   Data   RO         7028    .constdata          nrf_sdh.o
    0x0002f0fc   0x0002f0fc   0x00000010   Data   RO         7029    .constdata          nrf_sdh.o
    0x0002f10c   0x0002f10c   0x00000020   Data   RO         7145    .constdata          nrf_sdh_ble.o
    0x0002f12c   0x0002f12c   0x00000010   Data   RO         7146    .constdata          nrf_sdh_ble.o
    0x0002f13c   0x0002f13c   0x00000010   Data   RO         7192    .constdata          nrf_sdh_soc.o
    0x0002f14c   0x0002f14c   0x0000000c   Data   RO         7193    .constdata          nrf_sdh_soc.o
    0x0002f158   0x0002f158   0x00000014   Data   RO         7779    .constdata          nrf_drv_spi_bmi_flash.o
    0x0002f16c   0x0002f16c   0x00000050   Data   RO         7780    .constdata          nrf_drv_spi_bmi_flash.o
    0x0002f1bc   0x0002f1bc   0x00000014   Data   RO         8399    .constdata          nrf_drv_i2c_max_temp.o
    0x0002f1d0   0x0002f1d0   0x00000040   Data   RO         8400    .constdata          nrf_drv_i2c_max_temp.o
    0x0002f210   0x0002f210   0x00000014   Data   RO         8581    .constdata          nrf_drv_ssd1306.o
    0x0002f224   0x0002f224   0x00000030   Data   RO         8582    .constdata          nrf_drv_ssd1306.o
    0x0002f254   0x0002f254   0x000004fb   Data   RO         8708    .constdata          ssd1306.o
    0x0002f74f   0x0002f74f   0x00000081   Data   RO         9391    .constdata          mc_w.l(ctype_o.o)
    0x0002f7d0   0x0002f7d0   0x00000004   Data   RO         9392    .constdata          mc_w.l(ctype_o.o)
    0x0002f7d4   0x0002f7d4   0x0000012d   Data   RO         1852    .conststring        nrf_ble_gatt.o
    0x0002f901   0x0002f901   0x00000003   PAD
    0x0002f904   0x0002f904   0x00000307   Data   RO         5882    .conststring        nrf_strerror.o
    0x0002fc0b   0x0002fc0b   0x00000001   PAD
    0x0002fc0c   0x0002fc0c   0x00000066   Data   RO         6588    .conststring        nrf_log_str_formatter.o
    0x0002fc72   0x0002fc72   0x00000002   PAD
    0x0002fc74   0x0002fc74   0x00000188   Data   RO         7147    .conststring        nrf_sdh_ble.o
    0x0002fdfc   0x0002fdfc   0x00000009   Data   RO         1853    .conststrlit        nrf_ble_gatt.o
    0x0002fe05   0x0002fe05   0x00000003   PAD
    0x0002fe08   0x0002fe08   0x00000006   Data   RO         3168    .conststrlit        nrf_drv_clock.o
    0x0002fe0e   0x0002fe0e   0x00000002   PAD
    0x0002fe10   0x0002fe10   0x00000007   Data   RO         3391    .conststrlit        nrf_drv_gpiote.o
    0x0002fe17   0x0002fe17   0x00000001   PAD
    0x0002fe18   0x0002fe18   0x00000005   Data   RO         3631    .conststrlit        nrf_drv_uart.o
    0x0002fe1d   0x0002fe1d   0x00000003   PAD
    0x0002fe20   0x0002fe20   0x00000004   Data   RO         3843    .conststrlit        nrf_drv_spi.o
    0x0002fe24   0x0002fe24   0x00000004   Data   RO         4076    .conststrlit        nrf_drv_rtc.o
    0x0002fe28   0x0002fe28   0x00000004   Data   RO         4200    .conststrlit        nrf_drv_twi.o
    0x0002fe2c   0x0002fe2c   0x00000006   Data   RO         4358    .conststrlit        nrf_drv_saadc.o
    0x0002fe32   0x0002fe32   0x00000002   PAD
    0x0002fe34   0x0002fe34   0x00000007   Data   RO         5379    .conststrlit        nrf_balloc.o
    0x0002fe3b   0x0002fe3b   0x00000001   PAD
    0x0002fe3c   0x0002fe3c   0x00000009   Data   RO         5772    .conststrlit        nrf_pwr_mgmt.o
    0x0002fe45   0x0002fe45   0x00000003   PAD
    0x0002fe48   0x0002fe48   0x00000004   Data   RO         6423    .conststrlit        nrf_log_frontend.o
    0x0002fe4c   0x0002fe4c   0x00000008   Data   RO         7030    .conststrlit        nrf_sdh.o
    0x0002fe54   0x0002fe54   0x0000000c   Data   RO         7148    .conststrlit        nrf_sdh_ble.o
    0x0002fe60   0x0002fe60   0x0000000c   Data   RO         7194    .conststrlit        nrf_sdh_soc.o
    0x0002fe6c   0x0002fe6c   0x00000020   Data   RO         9772    Region$$Table       anon$$obj.o
    0x0002fe8c   0x0002fe8c   0x00000008   Data   RO         1854    log_const_data      nrf_ble_gatt.o
    0x0002fe94   0x0002fe94   0x00000008   Data   RO         3169    log_const_data      nrf_drv_clock.o
    0x0002fe9c   0x0002fe9c   0x00000008   Data   RO         3392    log_const_data      nrf_drv_gpiote.o
    0x0002fea4   0x0002fea4   0x00000008   Data   RO         3632    log_const_data      nrf_drv_uart.o
    0x0002feac   0x0002feac   0x00000008   Data   RO         3844    log_const_data      nrf_drv_spi.o
    0x0002feb4   0x0002feb4   0x00000008   Data   RO         4078    log_const_data      nrf_drv_rtc.o
    0x0002febc   0x0002febc   0x00000008   Data   RO         4201    log_const_data      nrf_drv_twi.o
    0x0002fec4   0x0002fec4   0x00000008   Data   RO         4359    log_const_data      nrf_drv_saadc.o
    0x0002fecc   0x0002fecc   0x00000008   Data   RO         5380    log_const_data      nrf_balloc.o
    0x0002fed4   0x0002fed4   0x00000008   Data   RO         5774    log_const_data      nrf_pwr_mgmt.o
    0x0002fedc   0x0002fedc   0x00000008   Data   RO         6427    log_const_data      nrf_log_frontend.o
    0x0002fee4   0x0002fee4   0x00000008   Data   RO         7032    log_const_data      nrf_sdh.o
    0x0002feec   0x0002feec   0x00000008   Data   RO         7149    log_const_data      nrf_sdh_ble.o
    0x0002fef4   0x0002fef4   0x00000008   Data   RO         7195    log_const_data      nrf_sdh_soc.o
    0x0002fefc   0x0002fefc   0x00000004   Data   RO           39    pwr_mgmt_data0      main.o
    0x0002ff00   0x0002ff00   0x00000008   Data   RO         1270    sdh_ble_observers0  ble_conn_state.o
    0x0002ff08   0x0002ff08   0x00000010   Data   RO           40    sdh_ble_observers1  main.o
    0x0002ff18   0x0002ff18   0x00000008   Data   RO          896    sdh_ble_observers1  bsp_btn_ble.o
    0x0002ff20   0x0002ff20   0x00000008   Data   RO         1181    sdh_ble_observers1  ble_conn_params.o
    0x0002ff28   0x0002ff28   0x00000008   Data   RO         2383    sdh_ble_observers1  peer_manager.o
    0x0002ff30   0x0002ff30   0x00000008   Data   RO         3002    sdh_ble_observers2  ble_dfu.o
    0x0002ff38   0x0002ff38   0x00000008   Data   RO           41    sdh_ble_observers3  main.o
    0x0002ff40   0x0002ff40   0x00000008   Data   RO         5585    sdh_req_observers0  nrf_fstorage_sd.o
    0x0002ff48   0x0002ff48   0x00000008   Data   RO         3171    sdh_soc_observers0  nrf_drv_clock.o
    0x0002ff50   0x0002ff50   0x00000008   Data   RO         5586    sdh_soc_observers0  nrf_fstorage_sd.o
    0x0002ff58   0x0002ff58   0x00000008   Data   RO           42    sdh_soc_observers1  main.o
    0x0002ff60   0x0002ff60   0x00000008   Data   RO         3090    sdh_soc_observers1  ble_dfu_unbonded.o
    0x0002ff68   0x0002ff68   0x00000008   Data   RO         7151    sdh_stack_observers0  nrf_sdh_ble.o
    0x0002ff70   0x0002ff70   0x00000008   Data   RO         7197    sdh_stack_observers0  nrf_sdh_soc.o
    0x0002ff78   0x0002ff78   0x00000008   Data   RO         3172    sdh_state_observers0  nrf_drv_clock.o
    0x0002ff80   0x0002ff80   0x00000008   Data   RO         5587    sdh_state_observers0  nrf_fstorage_sd.o


    Execution Region RW_IRAM1 (Exec base: 0x200020f0, Load base: 0x0002ff88, Size: 0x00005898, Max: 0x0000df10, ABSOLUTE, COMPRESSED[0x000001e4])

    Exec Addr    Load Addr    Size         Type   Attr      Idx    E Section Name        Object

    0x200020f0   COMPRESSED   0x0000001b   Data   RW           38    .data               main.o
    0x2000210b   COMPRESSED   0x00000001   PAD
    0x2000210c   COMPRESSED   0x00000010   Data   RW          798    .data               bsp.o
    0x2000211c   COMPRESSED   0x00000008   Data   RW          895    .data               bsp_btn_ble.o
    0x20002124   COMPRESSED   0x00000008   Data   RW         1180    .data               ble_conn_params.o
    0x2000212c   COMPRESSED   0x0000000c   Data   RW         1473    .data               gatt_cache_manager.o
    0x20002138   COMPRESSED   0x00000006   Data   RW         1583    .data               gatts_cache_manager.o
    0x2000213e   COMPRESSED   0x00000003   Data   RW         1683    .data               id_manager.o
    0x20002141   COMPRESSED   0x00000003   PAD
    0x20002144   COMPRESSED   0x0000000c   Data   RW         1959    .data               peer_data_storage.o
    0x20002150   COMPRESSED   0x00000008   Data   RW         2106    .data               peer_database.o
    0x20002158   COMPRESSED   0x00000010   Data   RW         2382    .data               peer_manager.o
    0x20002168   COMPRESSED   0x00000006   Data   RW         2739    .data               security_dispatcher.o
    0x2000216e   COMPRESSED   0x00000002   PAD
    0x20002170   COMPRESSED   0x00000015   Data   RW         2871    .data               security_manager.o
    0x20002185   COMPRESSED   0x00000003   PAD
    0x20002188   COMPRESSED   0x00000004   Data   RW         3089    .data               ble_dfu_unbonded.o
    0x2000218c   COMPRESSED   0x00000008   Data   RW         4077    .data               nrf_drv_rtc.o
    0x20002194   COMPRESSED   0x00000014   Data   RW         4716    .data               app_timer.o
    0x200021a8   COMPRESSED   0x00000030   Data   RW         5007    .data               fds.o
    0x200021d8   COMPRESSED   0x00000008   Data   RW         5584    .data               nrf_fstorage_sd.o
    0x200021e0   COMPRESSED   0x00000008   Data   RW         5773    .data               nrf_pwr_mgmt.o
    0x200021e8   COMPRESSED   0x0000000c   Data   RW         6360    .data               nrf_log_default_backends.o
    0x200021f4   COMPRESSED   0x00000008   Data   RW         6425    .data               nrf_log_frontend.o
    0x200021fc   COMPRESSED   0x00000008   Data   RW         6426    .data               nrf_log_frontend.o
    0x20002204   COMPRESSED   0x00000038   Data   RW         6589    .data               nrf_log_str_formatter.o
    0x2000223c   COMPRESSED   0x00000003   Data   RW         7031    .data               nrf_sdh.o
    0x2000223f   COMPRESSED   0x00000001   PAD
    0x20002240   COMPRESSED   0x00000004   Data   RW         7781    .data               nrf_drv_spi_bmi_flash.o
    0x20002244   COMPRESSED   0x00000438   Data   RW         8709    .data               ssd1306.o
    0x2000267c   COMPRESSED   0x00000004   Data   RW         9351    .data               system_nrf52.o
    0x20002680   COMPRESSED   0x00000004   Data   RW         9758    .data               mc_w.l(mvars.o)
    0x20002684   COMPRESSED   0x00000004   Data   RW         9759    .data               mc_w.l(mvars.o)
    0x20002688   COMPRESSED   0x00000014   Data   RW         5008    fs_data             fds.o
    0x2000269c   COMPRESSED   0x0000000c   Data   RW         1855    log_dynamic_data    nrf_ble_gatt.o
    0x200026a8   COMPRESSED   0x0000000c   Data   RW         3170    log_dynamic_data    nrf_drv_clock.o
    0x200026b4   COMPRESSED   0x0000000c   Data   RW         3393    log_dynamic_data    nrf_drv_gpiote.o
    0x200026c0   COMPRESSED   0x0000000c   Data   RW         3633    log_dynamic_data    nrf_drv_uart.o
    0x200026cc   COMPRESSED   0x0000000c   Data   RW         3845    log_dynamic_data    nrf_drv_spi.o
    0x200026d8   COMPRESSED   0x0000000c   Data   RW         4079    log_dynamic_data    nrf_drv_rtc.o
    0x200026e4   COMPRESSED   0x0000000c   Data   RW         4202    log_dynamic_data    nrf_drv_twi.o
    0x200026f0   COMPRESSED   0x0000000c   Data   RW         4360    log_dynamic_data    nrf_drv_saadc.o
    0x200026fc   COMPRESSED   0x0000000c   Data   RW         5381    log_dynamic_data    nrf_balloc.o
    0x20002708   COMPRESSED   0x0000000c   Data   RW         5775    log_dynamic_data    nrf_pwr_mgmt.o
    0x20002714   COMPRESSED   0x0000000c   Data   RW         6428    log_dynamic_data    nrf_log_frontend.o
    0x20002720   COMPRESSED   0x0000000c   Data   RW         7033    log_dynamic_data    nrf_sdh.o
    0x2000272c   COMPRESSED   0x0000000c   Data   RW         7150    log_dynamic_data    nrf_sdh_ble.o
    0x20002738   COMPRESSED   0x0000000c   Data   RW         7196    log_dynamic_data    nrf_sdh_soc.o
    0x20002744        -       0x0000017c   Zero   RW           34    .bss                main.o
    0x200028c0        -       0x00000020   Zero   RW          791    .bss                bsp.o
    0x200028e0        -       0x00000020   Zero   RW          792    .bss                bsp.o
    0x20002900        -       0x0000000c   Zero   RW          793    .bss                bsp.o
    0x2000290c        -       0x00000020   Zero   RW          794    .bss                bsp.o
    0x2000292c        -       0x00000050   Zero   RW         1179    .bss                ble_conn_params.o
    0x2000297c        -       0x000000b8   Zero   RW         1269    .bss                ble_conn_state.o
    0x20002a34        -       0x00000100   Zero   RW         1681    .bss                id_manager.o
    0x20002b34        -       0x000000d0   Zero   RW         2104    .bss                peer_database.o
    0x20002c04        -       0x00000040   Zero   RW         2260    .bss                peer_id.o
    0x20002c44        -       0x0000000c   Zero   RW         2380    .bss                peer_manager.o
    0x20002c50        -       0x00000040   Zero   RW         2737    .bss                security_dispatcher.o
    0x20002c90        -       0x0000001c   Zero   RW         3000    .bss                ble_dfu.o
    0x20002cac        -       0x00000028   Zero   RW         3088    .bss                ble_dfu_unbonded.o
    0x20002cd4        -       0x00000014   Zero   RW         3163    .bss                nrf_drv_clock.o
    0x20002ce8        -       0x00000058   Zero   RW         3386    .bss                nrf_drv_gpiote.o
    0x20002d40        -       0x00000020   Zero   RW         3630    .bss                nrf_drv_uart.o
    0x20002d60        -       0x00000024   Zero   RW         3839    .bss                nrf_drv_spi.o
    0x20002d84        -       0x00000050   Zero   RW         4195    .bss                nrf_drv_twi.o
    0x20002dd4        -       0x00000030   Zero   RW         4349    .bss                nrf_drv_saadc.o
    0x20002e04        -       0x0000010c   Zero   RW         4715    .bss                app_timer.o
    0x20002f10        -       0x0000000c   Zero   RW         4861    .bss                app_util_platform.o
    0x20002f1c        -       0x000000e0   Zero   RW         5004    .bss                fds.o
    0x20002ffc        -       0x00000010   Zero   RW         5005    .bss                fds.o
    0x2000300c        -       0x000000a0   Zero   RW         5580    .bss                nrf_fstorage_sd.o
    0x200030ac        -       0x00000010   Zero   RW         5581    .bss                nrf_fstorage_sd.o
    0x200030bc        -       0x00000020   Zero   RW         5768    .bss                nrf_pwr_mgmt.o
    0x200030dc        -       0x0000000c   Zero   RW         5769    .bss                nrf_pwr_mgmt.o
    0x200030e8        -       0x00000040   Zero   RW         6248    .bss                nrf_log_backend_rtt.o
    0x20003128        -       0x000000c0   Zero   RW         6419    .bss                nrf_log_frontend.o
    0x200031e8        -       0x00000420   Zero   RW         6420    .bss                nrf_log_frontend.o
    0x20003608        -       0x00000288   Zero   RW         6691    .bss                segger_rtt.o
    0x20003890        -       0x0000002c   Zero   RW         7775    .bss                nrf_drv_spi_bmi_flash.o
    0x200038bc        -       0x0000000c   Zero   RW         7776    .bss                nrf_drv_spi_bmi_flash.o
    0x200038c8        -       0x0000001c   Zero   RW         7777    .bss                nrf_drv_spi_bmi_flash.o
    0x200038e4        -       0x0000001e   Zero   RW         7778    .bss                nrf_drv_spi_bmi_flash.o
    0x20003902   COMPRESSED   0x00000002   PAD
    0x20003904        -       0x00000018   Zero   RW         8396    .bss                nrf_drv_i2c_max_temp.o
    0x2000391c        -       0x0000000c   Zero   RW         8397    .bss                nrf_drv_i2c_max_temp.o
    0x20003928        -       0x0000001c   Zero   RW         8398    .bss                nrf_drv_i2c_max_temp.o
    0x20003944        -       0x00000018   Zero   RW         8578    .bss                nrf_drv_ssd1306.o
    0x2000395c        -       0x0000000c   Zero   RW         8579    .bss                nrf_drv_ssd1306.o
    0x20003968        -       0x0000001c   Zero   RW         8580    .bss                nrf_drv_ssd1306.o
    0x20003984   COMPRESSED   0x00000004   PAD
    0x20003988        -       0x00002000   Zero   RW         9340    HEAP                arm_startup_nrf52.o
    0x20005988        -       0x00002000   Zero   RW         9339    STACK               arm_startup_nrf52.o


==============================================================================

Image component sizes


      Code (inc. data)   RO Data    RW Data    ZI Data      Debug   Object Name

         0          0          0          0          0      48088   a2_display_mngr.o
        22          0          0          0          0       2125   app_error.o
       120         40          0          0          0      27393   app_error_weak.o
         0          0          0          0          0      21028   app_scheduler.o
      1630        122          0         20        268      47783   app_timer.o
       124         14          0          0         12       9486   app_util_platform.o
        36          8        512          0      16384        932   arm_startup_nrf52.o
       160         24          0          0          0       3671   at45db081e.o
      1330          0          0          0          0      43895   ble_advdata.o
       988          6          0          0          0      19028   ble_advertising.o
       636         44          8          8         80      12935   ble_conn_params.o
       536         48          8          0        184       9509   ble_conn_state.o
       520         64         24          0         28      14688   ble_dfu.o
       534         34          8          4         40       7546   ble_dfu_unbonded.o
        16          0          0          0          0       2190   ble_srv_common.o
      1246         12          0          0          0      20965   bmi160.o
       116         20          8          0          0       9068   boards.o
       334         32         44         16        108      12951   bsp.o
       252         10          8          8          0      45756   bsp_btn_ble.o
      3726        332         24         68        240      52746   fds.o
      1028         74         80         12          0      19829   gatt_cache_manager.o
       490         38         24          6          0      15531   gatts_cache_manager.o
      1156         58          8          3        256      18981   id_manager.o
      4514       1384         56         27        380     220436   main.o
       636         58          0          0          0      17523   max30102.o
       342          0          0          0          0       6546   nrf_atfifo.o
       164          0         15         12          0       3949   nrf_balloc.o
       654         44        340         12          0      39220   nrf_ble_gatt.o
       356        232          0          0          0       1642   nrf_dfu_svci.o
       408         40         30         12         20      43399   nrf_drv_clock.o
        56          0          0          0          0      29299   nrf_drv_common.o
       514         30         19         12         88      19378   nrf_drv_gpiote.o
       604         46         84          0         64      17223   nrf_drv_i2c_max_temp.o
       476         24         12         20          0      13249   nrf_drv_rtc.o
       380         22         14         12         48      13207   nrf_drv_saadc.o
       874         24         12         12         36      22844   nrf_drv_spi.o
      1032         98        100          4        114      33504   nrf_drv_spi_bmi_flash.o
       586         72         68          0         64       8887   nrf_drv_ssd1306.o
      1660         54         12         12         80      29950   nrf_drv_twi.o
       744          8         13         12         32      24654   nrf_drv_uart.o
        50          0          0          0          0       3545   nrf_fprintf.o
       850          4         16          0          0       5498   nrf_fprintf_format.o
       312         10          0          0          0       6088   nrf_fstorage.o
       926         72         72          8        176      19111   nrf_fstorage_sd.o
        74          8         12          0         64       5521   nrf_log_backend_rtt.o
       210          0          0          0          0      10267   nrf_log_backend_serial.o
        28          6          0         12          0       3206   nrf_log_default_backends.o
      1452         92         32         28       1248      32012   nrf_log_frontend.o
       506         66        102         56          0       5628   nrf_log_str_formatter.o
       494          0          0          0          0      11711   nrf_memobj.o
         0          0          0          0          0       1472   nrf_nvic.o
       510         52         57         20         44      42847   nrf_pwr_mgmt.o
       406          0          0          0          0       6174   nrf_queue.o
       600         60        104         15          0      50204   nrf_sdh.o
       580        154        468         12          0       5905   nrf_sdh_ble.o
        60          4         56         12          0       2592   nrf_sdh_soc.o
        78          0          0          0          0       2800   nrf_section_iter.o
       486         14         24          0          0      11133   nrf_spi_mngr.o
        76         10       1035          0          0       2759   nrf_strerror.o
       796         28         20          0          0      12921   nrf_twi_mngr.o
      1034         46         24         12          0      19508   peer_data_storage.o
      1268         62         16          8        208      25070   peer_database.o
       336         38          0          0         64       9171   peer_id.o
       986         80         24         16         12      17004   peer_manager.o
       242          0          0          0          0       4495   pm_buffer.o
       226          0          0          0          0       5405   pm_mutex.o
       244          0          0          0          0       6380   sdk_mapped_flags.o
      1658         88         84          6         64      27402   security_dispatcher.o
      1122         56          4         21          0      46136   security_manager.o
       378         34          0          0        648       9029   segger_rtt.o
      1636         80       1275       1080          0      18136   ssd1306.o
       752         64          0          4          0       2947   system_nrf52.o

    ----------------------------------------------------------------------
     47482       4244       5011       1612      21060    1443111   Object Totals
         0          0         32          0          0          0   (incl. Generated)
       106          0         23         10          6          0   (incl. Padding)

    ----------------------------------------------------------------------

      Code (inc. data)   RO Data    RW Data    ZI Data      Debug   Library Member Name

        86          0          0          0          0          0   __dczerorl2.o
         8          4        133          0          0         68   ctype_o.o
         0          0          0          0          0          0   entry.o
         0          0          0          0          0          0   entry10a.o
         0          0          0          0          0          0   entry11a.o
         8          4          0          0          0          0   entry2.o
         4          0          0          0          0          0   entry5.o
         0          0          0          0          0          0   entry7b.o
         0          0          0          0          0          0   entry8b.o
         8          4          0          0          0          0   entry9a.o
        30          0          0          0          0          0   handlers.o
        36          8          0          0          0         68   init.o
       188         20          0          0          0        160   malloc.o
        26          0          0          0          0         80   memcmp.o
        36          0          0          0          0         68   memcpya.o
        36          0          0          0          0        108   memseta.o
         0          0          0          8          0          0   mvars.o
        18          0          0          0          0         68   strcpy.o
        14          0          0          0          0         68   strlen.o

    ----------------------------------------------------------------------
       502         40        133          8          0        688   Library Totals
         4          0          0          0          0          0   (incl. Padding)

    ----------------------------------------------------------------------

      Code (inc. data)   RO Data    RW Data    ZI Data      Debug   Library Name

       498         40        133          8          0        688   mc_w.l

    ----------------------------------------------------------------------
       502         40        133          8          0        688   Library Totals

    ----------------------------------------------------------------------

==============================================================================


      Code (inc. data)   RO Data    RW Data    ZI Data      Debug   

     47984       4284       5144       1620      21060    1381923   Grand Totals
     47984       4284       5144        484      21060    1381923   ELF Image Totals (compressed)
     47984       4284       5144        484          0          0   ROM Totals

==============================================================================

    Total RO  Size (Code + RO Data)                53128 (  51.88kB)
    Total RW  Size (RW Data + ZI Data)             22680 (  22.15kB)
    Total ROM Size (Code + RO Data + RW Data)      53612 (  52.36kB)

==============================================================================

