<html>
<body>
<pre>
<h1>µVision Build Log</h1>
<h2>Tool Versions:</h2>
IDE-Version: µVision V5.24.2.0
Copyright (C) 2017 ARM Ltd and ARM Germany GmbH. All rights reserved.
License Information: wasan wiyarun, baeslab.,co.ltd, LIC=W962Z-JGP1Q-PFKIX-HM5G0-H2EWJ-XYL6C
 
Tool Versions:
Toolchain:       MDK-ARM Professional  Version: 5.24.1
Toolchain Path:  C:\Keil_v5\ARM\ARMCC\Bin
C Compiler:      Armcc.exe V5.06 update 5 (build 528)
Assembler:       Armasm.exe V5.06 update 5 (build 528)
Linker/Locator:  ArmLink.exe V5.06 update 5 (build 528)
Library Manager: ArmAr.exe V5.06 update 5 (build 528)
Hex Converter:   FromElf.exe V5.06 update 5 (build 528)
CPU DLL:         
Dialog DLL:      
Target DLL:      Segger\JL2CM3.dll V2.99.26.0
Dialog DLL:      TCM.DLL V1.32.0.0
 
<h2>Project:</h2>
C:\GitHub\fw-aider-a2\nRF5_SDK_14.1.0\src_aider\peripheral\spi_master_using_nrf_spi_mngr\pca10056\blank\arm5_no_packs\spi_master_using_nrf_spi_mngr_pca10056.uvprojx
Project File Date:  06/19/2018

<h2>Output:</h2>
*** Using Compiler 'V5.06 update 5 (build 528)', folder: 'C:\Keil_v5\ARM\ARMCC\Bin'
Rebuild target 'nrf52840_xxaa'
compiling boards.c...
compiling bsp_nfc.c...
compiling nrf_drv_common.c...
compiling nrf_drv_clock.c...
compiling bsp.c...
compiling st7565LCD.c...
compiling orkney24pts.c...
compiling main.c...
compiling orkney8pts.c...
compiling nrf_soc.c...
compiling nrf_nvic.c...
compiling app_error.c...
compiling app_button.c...
compiling nrf_drv_gpiote.c...
compiling nrf_drv_spi.c...
compiling nrf_drv_uart.c...
compiling nrf_assert.c...
compiling app_util_platform.c...
compiling app_scheduler.c...
compiling app_error_weak.c...
compiling nrf_fprintf.c...
compiling nrf_balloc.c...
compiling app_timer.c...
compiling nrf_fprintf_format.c...
compiling nrf_queue.c...
compiling nrf_gfx.c...
compiling nrf_spi_mngr.c...
compiling nrf_memobj.c...
compiling nrf_section_iter.c...
compiling nrf_pwr_mgmt.c...
compiling nrf_strerror.c...
compiling nrf_log_default_backends.c...
compiling nrf_log_backend_serial.c...
compiling nrf_log_backend_rtt.c...
compiling at45db081e.c...
compiling nrf_log_backend_uart.c...
assembling arm_startup_nrf52840.s...
compiling nrf_log_str_formatter.c...
compiling nrf_log_frontend.c...
compiling system_nrf52840.c...
compiling SEGGER_RTT_Syscalls_KEIL.c...
compiling SEGGER_RTT.c...
compiling SEGGER_RTT_printf.c...
linking...
Program Size: Code=13920 RO-data=3568 RW-data=408 ZI-data=11384  
FromELF: creating hex file...
".\_build\nrf52840_xxaa.axf" - 0 Error(s), 0 Warning(s).

<h2>Software Packages used:</h2>

Package Vendor: ARM
                http://www.keil.com/pack/ARM.CMSIS.4.5.0.pack
                ARM.CMSIS.4.5.0
                CMSIS (Cortex Microcontroller Software Interface Standard)
   * Component: CORE Version: 4.3.0

Package Vendor: NordicSemiconductor
                http://developer.nordicsemi.com/nRF5_SDK/pieces/nRF_DeviceFamilyPack/NordicSemiconductor.nRF_DeviceFamilyPack.8.15.0.pack
                NordicSemiconductor.nRF_DeviceFamilyPack.8.15.0
                Nordic Semiconductor nRF ARM devices Device Family Pack.
   * Component: Startup Version: 8.15.0

<h2>Collection of Component include folders:</h2>
  .\RTE\_nrf52840_xxaa
  C:\Keil_v5\ARM\PACK\ARM\CMSIS\4.5.0\CMSIS\Include
  C:\Keil_v5\ARM\PACK\NordicSemiconductor\nRF_DeviceFamilyPack\8.15.0\Device\Include

<h2>Collection of Component Files used:</h2>

   * Component: NordicSemiconductor::Device:Startup:8.15.0
      Source file:   Device\Source\arm\arm_startup_nrf52840.s
      Source file:   Device\Source\system_nrf52840.c
      Include file:  Device\Include\system_nrf52840.h

   * Component: ARM::CMSIS:CORE:4.3.0
Build Time Elapsed:  00:00:18
</pre>
</body>
</html>
