Component: ARM Compiler 5.06 update 5 (build 528) Tool: armlink [4d35e2]

==============================================================================

Section Cross References

    main.o(i.bsp_event_handler) refers to nrf_gfx.o(i.nrf_gfx_invert) for nrf_gfx_invert
    main.o(i.bsp_event_handler) refers to main.o(.constdata) for .constdata
    main.o(i.happy_face_draw) refers to nrf_gfx.o(i.nrf_gfx_line_draw) for nrf_gfx_line_draw
    main.o(i.happy_face_draw) refers to app_error.o(i.app_error_handler_bare) for app_error_handler_bare
    main.o(i.happy_face_draw) refers to nrf_gfx.o(i.nrf_gfx_circle_draw) for nrf_gfx_circle_draw
    main.o(i.happy_face_draw) refers to nrf_gfx.o(i.nrf_gfx_rect_draw) for nrf_gfx_rect_draw
    main.o(i.happy_face_draw) refers to main.o(.constdata) for .constdata
    main.o(i.main) refers to nrf_drv_clock.o(i.nrf_drv_clock_init) for nrf_drv_clock_init
    main.o(i.main) refers to app_error.o(i.app_error_handler_bare) for app_error_handler_bare
    main.o(i.main) refers to nrf_drv_clock.o(i.nrf_drv_clock_lfclk_request) for nrf_drv_clock_lfclk_request
    main.o(i.main) refers to app_timer.o(i.app_timer_init) for app_timer_init
    main.o(i.main) refers to app_timer.o(i.app_timer_create) for app_timer_create
    main.o(i.main) refers to app_timer.o(i.app_timer_start) for app_timer_start
    main.o(i.main) refers to nrf_pwr_mgmt.o(i.nrf_pwr_mgmt_init) for nrf_pwr_mgmt_init
    main.o(i.main) refers to nrf_log_frontend.o(i.nrf_log_init) for nrf_log_init
    main.o(i.main) refers to nrf_log_default_backends.o(i.nrf_log_default_backends_init) for nrf_log_default_backends_init
    main.o(i.main) refers to bsp.o(i.bsp_init) for bsp_init
    main.o(i.main) refers to nrf_log_frontend.o(i.nrf_log_frontend_std_0) for nrf_log_frontend_std_0
    main.o(i.main) refers to nrf_gfx.o(i.nrf_gfx_init) for nrf_gfx_init
    main.o(i.main) refers to nrf_gfx.o(i.nrf_gfx_print) for nrf_gfx_print
    main.o(i.main) refers to nrf_pwr_mgmt.o(i.nrf_pwr_mgmt_run) for nrf_pwr_mgmt_run
    main.o(i.main) refers to nrf_log_frontend.o(i.nrf_log_frontend_dequeue) for nrf_log_frontend_dequeue
    main.o(i.main) refers to main.o(i.timer_handler) for timer_handler
    main.o(i.main) refers to main.o(.constdata) for .constdata
    main.o(i.main) refers to main.o(i.bsp_event_handler) for bsp_event_handler
    main.o(i.main) refers to nrf_log_frontend.o(log_dynamic_data) for m_nrf_log_app_logs_data_dynamic
    main.o(i.main) refers to orkney8pts.o(.constdata) for orkney_8ptFontInfo
    main.o(i.timer_handler) refers to main.o(i.happy_face_draw) for happy_face_draw
    main.o(i.timer_handler) refers to app_error.o(i.app_error_handler_bare) for app_error_handler_bare
    main.o(i.timer_handler) refers to nrf_gfx.o(i.nrf_gfx_display) for nrf_gfx_display
    main.o(i.timer_handler) refers to main.o(.data) for .data
    main.o(i.timer_handler) refers to main.o(.constdata) for .constdata
    main.o(.constdata) refers to main.o(.bss) for m_timer_data
    main.o(.constdata) refers to st7565lcd.o(i.st7565_init) for st7565_init
    main.o(.constdata) refers to st7565lcd.o(i.st7565_uninit) for st7565_uninit
    main.o(.constdata) refers to st7565lcd.o(i.st7565_pixel_draw) for st7565_pixel_draw
    main.o(.constdata) refers to st7565lcd.o(i.st7565_rect_draw) for st7565_rect_draw
    main.o(.constdata) refers to st7565lcd.o(i.st7565_display_screen) for st7565_display_screen
    main.o(.constdata) refers to main.o(i.dummy_lcd_rotation_set) for dummy_lcd_rotation_set
    main.o(.constdata) refers to st7565lcd.o(i.st7565_display_invert) for st7565_display_invert
    main.o(.constdata) refers to main.o(.data) for m_lcd_cb
    st7565lcd.o(i.nrf_delay_us) refers to system_nrf52840.o(.data) for SystemCoreClock
    st7565lcd.o(i.nrf_gpio_pin_clear) refers to st7565lcd.o(i.nrf_gpio_pin_port_decode) for nrf_gpio_pin_port_decode
    st7565lcd.o(i.nrf_gpio_pin_dir_set) refers to st7565lcd.o(i.nrf_gpio_pin_port_decode) for nrf_gpio_pin_port_decode
    st7565lcd.o(i.nrf_gpio_pin_set) refers to st7565lcd.o(i.nrf_gpio_pin_port_decode) for nrf_gpio_pin_port_decode
    st7565lcd.o(i.st7565_clear_display) refers to memseta.o(.text) for __aeabi_memclr
    st7565lcd.o(i.st7565_clear_display) refers to st7565lcd.o(i.st7565_display_screen) for st7565_display_screen
    st7565lcd.o(i.st7565_clear_display) refers to st7565lcd.o(.bss) for .bss
    st7565lcd.o(i.st7565_display_invert) refers to nrf_spi_mngr.o(i.nrf_spi_mngr_schedule) for nrf_spi_mngr_schedule
    st7565lcd.o(i.st7565_display_invert) refers to app_error.o(i.app_error_handler_bare) for app_error_handler_bare
    st7565lcd.o(i.st7565_display_invert) refers to st7565lcd.o(.constdata) for .constdata
    st7565lcd.o(i.st7565_display_screen) refers to nrf_spi_mngr.o(i.nrf_spi_mngr_schedule) for nrf_spi_mngr_schedule
    st7565lcd.o(i.st7565_display_screen) refers to app_error.o(i.app_error_handler_bare) for app_error_handler_bare
[...]
    i.nrf_gfx_line_draw                      0x00001e92   Section        0  nrf_gfx.o(i.nrf_gfx_line_draw)
    i.nrf_gfx_print                          0x00001f88   Section        0  nrf_gfx.o(i.nrf_gfx_print)
    i.nrf_gfx_rect_draw                      0x00002038   Section        0  nrf_gfx.o(i.nrf_gfx_rect_draw)
    i.nrf_gpio_cfg                           0x00002140   Section        0  nrf_drv_spi.o(i.nrf_gpio_cfg)
    nrf_gpio_cfg                             0x00002141   Thumb Code    50  nrf_drv_spi.o(i.nrf_gpio_cfg)
    i.nrf_gpio_cfg_output                    0x00002172   Section        0  nrf_drv_spi.o(i.nrf_gpio_cfg_output)
    nrf_gpio_cfg_output                      0x00002173   Thumb Code    20  nrf_drv_spi.o(i.nrf_gpio_cfg_output)
    i.nrf_gpio_cfg_sense_set                 0x00002186   Section        0  nrf_drv_gpiote.o(i.nrf_gpio_cfg_sense_set)
    nrf_gpio_cfg_sense_set                   0x00002187   Thumb Code    48  nrf_drv_gpiote.o(i.nrf_gpio_cfg_sense_set)
    i.nrf_gpio_pin_clear                     0x000021b6   Section        0  st7565lcd.o(i.nrf_gpio_pin_clear)
    nrf_gpio_pin_clear                       0x000021b7   Thumb Code    20  st7565lcd.o(i.nrf_gpio_pin_clear)
    i.nrf_gpio_pin_clear                     0x000021ca   Section        0  nrf_drv_spi.o(i.nrf_gpio_pin_clear)
    nrf_gpio_pin_clear                       0x000021cb   Thumb Code    20  nrf_drv_spi.o(i.nrf_gpio_pin_clear)
    i.nrf_gpio_pin_dir_set                   0x000021de   Section        0  st7565lcd.o(i.nrf_gpio_pin_dir_set)
    nrf_gpio_pin_dir_set                     0x000021df   Thumb Code    48  st7565lcd.o(i.nrf_gpio_pin_dir_set)
    i.nrf_gpio_pin_port_decode               0x00002210   Section        0  st7565lcd.o(i.nrf_gpio_pin_port_decode)
    nrf_gpio_pin_port_decode                 0x00002211   Thumb Code    22  st7565lcd.o(i.nrf_gpio_pin_port_decode)
    i.nrf_gpio_pin_port_decode               0x0000222c   Section        0  boards.o(i.nrf_gpio_pin_port_decode)
    nrf_gpio_pin_port_decode                 0x0000222d   Thumb Code    22  boards.o(i.nrf_gpio_pin_port_decode)
    i.nrf_gpio_pin_port_decode               0x00002248   Section        0  nrf_drv_gpiote.o(i.nrf_gpio_pin_port_decode)
    nrf_gpio_pin_port_decode                 0x00002249   Thumb Code    22  nrf_drv_gpiote.o(i.nrf_gpio_pin_port_decode)
    i.nrf_gpio_pin_port_decode               0x00002264   Section        0  nrf_drv_spi.o(i.nrf_gpio_pin_port_decode)
    nrf_gpio_pin_port_decode                 0x00002265   Thumb Code    22  nrf_drv_spi.o(i.nrf_gpio_pin_port_decode)
    i.nrf_gpio_pin_set                       0x00002280   Section        0  st7565lcd.o(i.nrf_gpio_pin_set)
    nrf_gpio_pin_set                         0x00002281   Thumb Code    20  st7565lcd.o(i.nrf_gpio_pin_set)
    i.nrf_gpio_pin_set                       0x00002294   Section        0  nrf_drv_spi.o(i.nrf_gpio_pin_set)
    nrf_gpio_pin_set                         0x00002295   Thumb Code    20  nrf_drv_spi.o(i.nrf_gpio_pin_set)
    i.nrf_gpio_ports_read                    0x000022a8   Section        0  nrf_drv_gpiote.o(i.nrf_gpio_ports_read)
    nrf_gpio_ports_read                      0x000022a9   Thumb Code    38  nrf_drv_gpiote.o(i.nrf_gpio_ports_read)
    i.nrf_gpiote_event_clear                 0x000022d4   Section        0  nrf_drv_gpiote.o(i.nrf_gpiote_event_clear)
    nrf_gpiote_event_clear                   0x000022d5   Thumb Code    16  nrf_drv_gpiote.o(i.nrf_gpiote_event_clear)
    i.nrf_gpiote_event_is_set                0x000022e8   Section        0  nrf_drv_gpiote.o(i.nrf_gpiote_event_is_set)
    nrf_gpiote_event_is_set                  0x000022e9   Thumb Code    12  nrf_drv_gpiote.o(i.nrf_gpiote_event_is_set)
    i.nrf_log_backend_add                    0x000022f8   Section        0  nrf_log_frontend.o(i.nrf_log_backend_add)
    i.nrf_log_backend_rtt_flush              0x00002348   Section        0  nrf_log_backend_rtt.o(i.nrf_log_backend_rtt_flush)
    nrf_log_backend_rtt_flush                0x00002349   Thumb Code     2  nrf_log_backend_rtt.o(i.nrf_log_backend_rtt_flush)
    i.nrf_log_backend_rtt_init               0x0000234a   Section        0  nrf_log_backend_rtt.o(i.nrf_log_backend_rtt_init)
    i.nrf_log_backend_rtt_panic_set          0x0000234e   Section        0  nrf_log_backend_rtt.o(i.nrf_log_backend_rtt_panic_set)
    nrf_log_backend_rtt_panic_set            0x0000234f   Thumb Code     2  nrf_log_backend_rtt.o(i.nrf_log_backend_rtt_panic_set)
    i.nrf_log_backend_rtt_put                0x00002350   Section        0  nrf_log_backend_rtt.o(i.nrf_log_backend_rtt_put)
    nrf_log_backend_rtt_put                  0x00002351   Thumb Code    16  nrf_log_backend_rtt.o(i.nrf_log_backend_rtt_put)
    i.nrf_log_backend_serial_put             0x00002368   Section        0  nrf_log_backend_serial.o(i.nrf_log_backend_serial_put)
    i.nrf_log_color_id_get                   0x0000243c   Section        0  nrf_log_frontend.o(i.nrf_log_color_id_get)
    i.nrf_log_default_backends_init          0x00002464   Section        0  nrf_log_default_backends.o(i.nrf_log_default_backends_init)
    i.nrf_log_frontend_dequeue               0x00002480   Section        0  nrf_log_frontend.o(i.nrf_log_frontend_dequeue)
    i.nrf_log_frontend_std_0                 0x00002650   Section        0  nrf_log_frontend.o(i.nrf_log_frontend_std_0)
    i.nrf_log_hexdump_entry_process          0x00002658   Section        0  nrf_log_str_formatter.o(i.nrf_log_hexdump_entry_process)
    i.nrf_log_init                           0x00002704   Section        0  nrf_log_frontend.o(i.nrf_log_init)
    i.nrf_log_module_cnt_get                 0x00002760   Section        0  nrf_log_frontend.o(i.nrf_log_module_cnt_get)
    i.nrf_log_module_name_get                0x00002774   Section        0  nrf_log_frontend.o(i.nrf_log_module_name_get)
    i.nrf_log_panic                          0x00002790   Section        0  nrf_log_frontend.o(i.nrf_log_panic)
    i.nrf_log_std_entry_process              0x000027b8   Section        0  nrf_log_str_formatter.o(i.nrf_log_std_entry_process)
    i.nrf_memobj_alloc                       0x0000286e   Section        0  nrf_memobj.o(i.nrf_memobj_alloc)
    i.nrf_memobj_free                        0x000028ce   Section        0  nrf_memobj.o(i.nrf_memobj_free)
    i.nrf_memobj_get                         0x00002900   Section        0  nrf_memobj.o(i.nrf_memobj_get)
    i.nrf_memobj_pool_init                   0x0000290e   Section        0  nrf_memobj.o(i.nrf_memobj_pool_init)
    i.nrf_memobj_put                         0x00002912   Section        0  nrf_memobj.o(i.nrf_memobj_put)
    i.nrf_memobj_read                        0x00002934   Section        0  nrf_memobj.o(i.nrf_memobj_read)
    i.nrf_memobj_write                       0x00002940   Section        0  nrf_memobj.o(i.nrf_memobj_write)
    i.nrf_pwr_mgmt_init                      0x0000294c   Section        0  nrf_pwr_mgmt.o(i.nrf_pwr_mgmt_init)
    i.nrf_pwr_mgmt_run                       0x00002974   Section        0  nrf_pwr_mgmt.o(i.nrf_pwr_mgmt_run)
    i.nrf_queue_generic_pop                  0x000029a8   Section        0  nrf_queue.o(i.nrf_queue_generic_pop)
    i.nrf_queue_is_empty                     0x00002a30   Section        0  nrf_queue.o(i.nrf_queue_is_empty)
    i.nrf_queue_is_full                      0x00002a42   Section        0  nrf_queue.o(i.nrf_queue_is_full)
    i.nrf_queue_next_idx                     0x00002a60   Section        0  nrf_queue.o(i.nrf_queue_next_idx)
    nrf_queue_next_idx                       0x00002a61   Thumb Code    14  nrf_queue.o(i.nrf_queue_next_idx)
    i.nrf_queue_push                         0x00002a6e   Section        0  nrf_queue.o(i.nrf_queue_push)
    i.nrf_section_iter_init                  0x00002b1a   Section        0  nrf_section_iter.o(i.nrf_section_iter_init)
    i.nrf_section_iter_item_set              0x00002b24   Section        0  nrf_section_iter.o(i.nrf_section_iter_item_set)
    nrf_section_iter_item_set                0x00002b25   Thumb Code    36  nrf_section_iter.o(i.nrf_section_iter_item_set)
    i.nrf_spi_mngr_init                      0x00002b48   Section        0  nrf_spi_mngr.o(i.nrf_spi_mngr_init)
    i.nrf_spi_mngr_perform                   0x00002b78   Section        0  nrf_spi_mngr.o(i.nrf_spi_mngr_perform)
    i.nrf_spi_mngr_schedule                  0x00002be0   Section        0  nrf_spi_mngr.o(i.nrf_spi_mngr_schedule)
    i.nrf_spi_mngr_uninit                    0x00002bfc   Section        0  nrf_spi_mngr.o(i.nrf_spi_mngr_uninit)
    i.nrf_uart_event_check                   0x00002c0e   Section        0  nrf_drv_uart.o(i.nrf_uart_event_check)
    nrf_uart_event_check                     0x00002c0f   Thumb Code    10  nrf_drv_uart.o(i.nrf_uart_event_check)
    i.nrf_uart_event_clear                   0x00002c18   Section        0  nrf_drv_uart.o(i.nrf_uart_event_clear)
    nrf_uart_event_clear                     0x00002c19   Thumb Code    12  nrf_drv_uart.o(i.nrf_uart_event_clear)
    i.nrf_uart_int_enable_check              0x00002c24   Section        0  nrf_drv_uart.o(i.nrf_uart_int_enable_check)
    nrf_uart_int_enable_check                0x00002c25   Thumb Code    12  nrf_drv_uart.o(i.nrf_uart_int_enable_check)
    i.nrf_uarte_event_check                  0x00002c30   Section        0  nrf_drv_uart.o(i.nrf_uarte_event_check)
    nrf_uarte_event_check                    0x00002c31   Thumb Code    10  nrf_drv_uart.o(i.nrf_uarte_event_check)
    i.nrf_uarte_event_clear                  0x00002c3a   Section        0  nrf_drv_uart.o(i.nrf_uarte_event_clear)
    nrf_uarte_event_clear                    0x00002c3b   Thumb Code    12  nrf_drv_uart.o(i.nrf_uarte_event_clear)
    i.pixel_draw                             0x00002c46   Section        0  nrf_gfx.o(i.pixel_draw)
    pixel_draw                               0x00002c47   Thumb Code    38  nrf_gfx.o(i.pixel_draw)
    i.postfix_process                        0x00002c6c   Section        0  nrf_log_str_formatter.o(i.postfix_process)
    postfix_process                          0x00002c6d   Thumb Code    48  nrf_log_str_formatter.o(i.postfix_process)
    i.prefix_process                         0x00002ca8   Section        0  nrf_log_str_formatter.o(i.prefix_process)
    prefix_process                           0x00002ca9   Thumb Code    72  nrf_log_str_formatter.o(i.prefix_process)
    i.queue_utilization_get                  0x00002d04   Section        0  nrf_queue.o(i.queue_utilization_get)
    queue_utilization_get                    0x00002d05   Thumb Code    24  nrf_queue.o(i.queue_utilization_get)
    i.rect_draw                              0x00002d1c   Section        0  nrf_gfx.o(i.rect_draw)
    rect_draw                                0x00002d1d   Thumb Code    58  nrf_gfx.o(i.rect_draw)
    i.rtc1_stop                              0x00002d58   Section        0  app_timer.o(i.rtc1_stop)
    rtc1_stop                                0x00002d59   Thumb Code    52  app_timer.o(i.rtc1_stop)
    i.rx_byte                                0x00002d94   Section        0  nrf_drv_uart.o(i.rx_byte)
    rx_byte                                  0x00002d95   Thumb Code    50  nrf_drv_uart.o(i.rx_byte)
    i.rx_done_event                          0x00002dc6   Section        0  nrf_drv_uart.o(i.rx_done_event)
    rx_done_event                            0x00002dc7   Thumb Code    24  nrf_drv_uart.o(i.rx_done_event)
    i.serial_tx                              0x00002dde   Section        0  nrf_log_backend_rtt.o(i.serial_tx)
    serial_tx                                0x00002ddf   Thumb Code    42  nrf_log_backend_rtt.o(i.serial_tx)
    i.spi_event_handler                      0x00002e08   Section        0  nrf_spi_mngr.o(i.spi_event_handler)
    spi_event_handler                        0x00002e09   Thumb Code    62  nrf_spi_mngr.o(i.spi_event_handler)
    i.spi_internal_transaction_cb            0x00002e46   Section        0  nrf_spi_mngr.o(i.spi_internal_transaction_cb)
    spi_internal_transaction_cb              0x00002e47   Thumb Code    10  nrf_spi_mngr.o(i.spi_internal_transaction_cb)
    i.spi_xfer                               0x00002e50   Section        0  nrf_drv_spi.o(i.spi_xfer)
    spi_xfer                                 0x00002e51   Thumb Code   124  nrf_drv_spi.o(i.spi_xfer)
    i.st7565_display_invert                  0x00002ecc   Section        0  st7565lcd.o(i.st7565_display_invert)
    i.st7565_display_screen                  0x00002ef4   Section        0  st7565lcd.o(i.st7565_display_screen)
    i.st7565_init                            0x00002f38   Section        0  st7565lcd.o(i.st7565_init)
    i.st7565_pixel_draw                      0x00002fb0   Section        0  st7565lcd.o(i.st7565_pixel_draw)
    i.st7565_rect_draw                       0x00002ff4   Section        0  st7565lcd.o(i.st7565_rect_draw)
    i.st7565_set_command_cb                  0x00003034   Section        0  st7565lcd.o(i.st7565_set_command_cb)
    st7565_set_command_cb                    0x00003035   Thumb Code     6  st7565lcd.o(i.st7565_set_command_cb)
    i.st7565_set_data_cb                     0x0000303a   Section        0  st7565lcd.o(i.st7565_set_data_cb)
    st7565_set_data_cb                       0x0000303b   Thumb Code     6  st7565lcd.o(i.st7565_set_data_cb)
    i.st7565_uninit                          0x00003040   Section        0  st7565lcd.o(i.st7565_uninit)
    i.start_pending_transaction              0x0000304c   Section        0  nrf_spi_mngr.o(i.start_pending_transaction)
    start_pending_transaction                0x0000304d   Thumb Code   146  nrf_spi_mngr.o(i.start_pending_transaction)
    i.start_transfer                         0x000030e4   Section        0  nrf_spi_mngr.o(i.start_transfer)
    start_transfer                           0x000030e5   Thumb Code    32  nrf_spi_mngr.o(i.start_transfer)
    i.std_n                                  0x00003104   Section        0  nrf_log_frontend.o(i.std_n)
    std_n                                    0x00003105   Thumb Code   144  nrf_log_frontend.o(i.std_n)
    i.timer_handler                          0x00003198   Section        0  main.o(i.timer_handler)
    timer_handler                            0x00003199   Thumb Code   140  main.o(i.timer_handler)
    i.timer_list_handler                     0x0000322c   Section        0  app_timer.o(i.timer_list_handler)
    timer_list_handler                       0x0000322d   Thumb Code   122  app_timer.o(i.timer_list_handler)
    i.timer_list_insert                      0x000032ac   Section        0  app_timer.o(i.timer_list_insert)
    timer_list_insert                        0x000032ad   Thumb Code    56  app_timer.o(i.timer_list_insert)
    i.timer_list_remove                      0x000032e8   Section        0  app_timer.o(i.timer_list_remove)
    timer_list_remove                        0x000032e9   Thumb Code    88  app_timer.o(i.timer_list_remove)
    i.timer_stop_op_schedule                 0x00003348   Section        0  app_timer.o(i.timer_stop_op_schedule)
    timer_stop_op_schedule                   0x00003349   Thumb Code    60  app_timer.o(i.timer_stop_op_schedule)
    i.timer_timeouts_check                   0x00003388   Section        0  app_timer.o(i.timer_timeouts_check)
    timer_timeouts_check                     0x00003389   Thumb Code   106  app_timer.o(i.timer_timeouts_check)
    i.transaction_end_signal                 0x000033fc   Section        0  nrf_spi_mngr.o(i.transaction_end_signal)
    transaction_end_signal                   0x000033fd   Thumb Code    20  nrf_spi_mngr.o(i.transaction_end_signal)
    i.transfer_byte                          0x00003410   Section        0  nrf_drv_spi.o(i.transfer_byte)
    transfer_byte                            0x00003411   Thumb Code   108  nrf_drv_spi.o(i.transfer_byte)
    i.tx_byte                                0x0000347c   Section        0  nrf_drv_uart.o(i.tx_byte)
    tx_byte                                  0x0000347d   Thumb Code    32  nrf_drv_uart.o(i.tx_byte)
    i.tx_done_event                          0x0000349c   Section        0  nrf_drv_uart.o(i.tx_done_event)
    tx_done_event                            0x0000349d   Thumb Code    28  nrf_drv_uart.o(i.tx_done_event)
    i.uart_irq_handler                       0x000034b8   Section        0  nrf_drv_uart.o(i.uart_irq_handler)
    uart_irq_handler                         0x000034b9   Thumb Code   286  nrf_drv_uart.o(i.uart_irq_handler)
    i.uarte_irq_handler                      0x000035d6   Section        0  nrf_drv_uart.o(i.uarte_irq_handler)
    uarte_irq_handler                        0x000035d7   Thumb Code   240  nrf_drv_uart.o(i.uarte_irq_handler)
    i.unsigned_print                         0x000036c8   Section        0  nrf_fprintf_format.o(i.unsigned_print)
    unsigned_print                           0x000036c9   Thumb Code   176  nrf_fprintf_format.o(i.unsigned_print)
    i.user_op_alloc                          0x0000377c   Section        0  app_timer.o(i.user_op_alloc)
    user_op_alloc                            0x0000377d   Thumb Code    42  app_timer.o(i.user_op_alloc)
    i.write_character                        0x000037ac   Section        0  nrf_gfx.o(i.write_character)
    write_character                          0x000037ad   Thumb Code   178  nrf_gfx.o(i.write_character)
    .constdata                               0x00003860   Section      110  main.o(.constdata)
    m_timer                                  0x00003860   Data           4  main.o(.constdata)
    m_nrf_lcd                                0x00003880   Data          32  main.o(.constdata)
    .constdata                               0x000038d0   Section       20  st7565lcd.o(.constdata)
    m_nrf_spi_mngr_queue                     0x000038d0   Data          20  st7565lcd.o(.constdata)
    .constdata                               0x000038e4   Section      296  st7565lcd.o(.constdata)
    m_column_lookup                          0x000038e4   Data           8  st7565lcd.o(.constdata)
    m_nrf_spi_mngr                           0x000038ec   Data          16  st7565lcd.o(.constdata)
    transaction_cmd                          0x000038fc   Data          96  st7565lcd.o(.constdata)
    transaction_data                         0x0000395c   Data          96  st7565lcd.o(.constdata)
    transaction_cmd                          0x000039dc   Data          48  st7565lcd.o(.constdata)
    .constdata                               0x00003a0c   Section       32  st7565lcd.o(.constdata)
    transfer_cmd                             0x00003a0c   Data          32  st7565lcd.o(.constdata)
    .constdata                               0x00003a2c   Section        8  boards.o(.constdata)
    m_board_led_list                         0x00003a2c   Data           4  boards.o(.constdata)
    m_board_btn_list                         0x00003a30   Data           4  boards.o(.constdata)
    .constdata                               0x00003a34   Section       44  bsp.o(.constdata)
    m_leds_timer_id                          0x00003a34   Data           4  bsp.o(.constdata)
    m_alert_timer_id                         0x00003a38   Data           4  bsp.o(.constdata)
    m_button_timer_id                        0x00003a3c   Data           4  bsp.o(.constdata)
    app_buttons                              0x00003a40   Data          32  bsp.o(.constdata)
    .constdata                               0x00003a60   Section        8  nrf_drv_gpiote.o(.constdata)
    .constdata                               0x00003a68   Section     1648  orkney8pts.o(.constdata)
    .constdata                               0x000040d8   Section      376  orkney8pts.o(.constdata)
    .constdata                               0x00004250   Section       12  orkney8pts.o(.constdata)
    .constdata                               0x0000425c   Section       16  nrf_fprintf_format.o(.constdata)
    _aV2C                                    0x0000425c   Data          16  nrf_fprintf_format.o(.constdata)
    .constdata                               0x0000426c   Section       24  nrf_pwr_mgmt.o(.constdata)
    pwr_mgmt_data_array                      0x0000426c   Data          24  nrf_pwr_mgmt.o(.constdata)
    .constdata                               0x00004284   Section       12  nrf_pwr_mgmt.o(.constdata)
    pwr_mgmt_data                            0x00004284   Data          12  nrf_pwr_mgmt.o(.constdata)
    .constdata                               0x00004290   Section       24  nrf_spi_mngr.o(.constdata)
    .constdata                               0x000042a8   Section       12  nrf_log_backend_rtt.o(.constdata)
    .constdata                               0x000042b4   Section       20  nrf_log_frontend.o(.constdata)
    mempool                                  0x000042b4   Data          20  nrf_log_frontend.o(.constdata)
    .constdata                               0x000042c8   Section      129  ctype_o.o(.constdata)
    .constdata                               0x0000434c   Section        4  ctype_o.o(.constdata)
    table                                    0x0000434c   Data           4  ctype_o.o(.constdata)
    .conststring                             0x00004350   Section      102  nrf_log_str_formatter.o(.conststring)
    .conststrlit                             0x000043b8   Section        6  nrf_drv_clock.o(.conststrlit)
    .conststrlit                             0x000043c0   Section        7  nrf_drv_gpiote.o(.conststrlit)
    .conststrlit                             0x000043c8   Section        4  nrf_drv_spi.o(.conststrlit)
    .conststrlit                             0x000043cc   Section        5  nrf_drv_uart.o(.conststrlit)
    .conststrlit                             0x000043d4   Section        7  nrf_balloc.o(.conststrlit)
    .conststrlit                             0x000043dc   Section        4  nrf_gfx.o(.conststrlit)
    .conststrlit                             0x000043e0   Section        9  nrf_pwr_mgmt.o(.conststrlit)
    .conststrlit                             0x000043ec   Section        4  nrf_log_frontend.o(.conststrlit)
    log_const_data                           0x00004410   Section        8  nrf_drv_clock.o(log_const_data)
    __tagsym$$used                           0x00004410   Number         0  nrf_drv_clock.o(log_const_data)
    log_const_data                           0x00004418   Section        8  nrf_drv_gpiote.o(log_const_data)
    __tagsym$$used                           0x00004418   Number         0  nrf_drv_gpiote.o(log_const_data)
    log_const_data                           0x00004420   Section        8  nrf_drv_spi.o(log_const_data)
    __tagsym$$used                           0x00004420   Number         0  nrf_drv_spi.o(log_const_data)
    log_const_data                           0x00004428   Section        8  nrf_drv_uart.o(log_const_data)
    __tagsym$$used                           0x00004428   Number         0  nrf_drv_uart.o(log_const_data)
    log_const_data                           0x00004430   Section        8  nrf_balloc.o(log_const_data)
    __tagsym$$used                           0x00004430   Number         0  nrf_balloc.o(log_const_data)
    log_const_data                           0x00004438   Section        8  nrf_gfx.o(log_const_data)
    __tagsym$$used                           0x00004438   Number         0  nrf_gfx.o(log_const_data)
    log_const_data                           0x00004440   Section        8  nrf_pwr_mgmt.o(log_const_data)
    __tagsym$$used                           0x00004440   Number         0  nrf_pwr_mgmt.o(log_const_data)
    log_const_data                           0x00004448   Section        8  nrf_log_frontend.o(log_const_data)
    __tagsym$$used                           0x00004448   Number         0  nrf_log_frontend.o(log_const_data)
    .data                                    0x20000000   Section        8  main.o(.data)
    m_lcd_cb                                 0x20000000   Data           8  main.o(.data)
    .data                                    0x20000008   Section        1  main.o(.data)
    modifier                                 0x20000008   Data           1  main.o(.data)
    .data                                    0x20000009   Section       20  st7565lcd.o(.data)
    m_command_buffer                         0x20000009   Data          20  st7565lcd.o(.data)
    .data                                    0x2000001d   Section       12  st7565lcd.o(.data)
    m_initialization                         0x2000001d   Data          12  st7565lcd.o(.data)
    .data                                    0x2000002c   Section       64  st7565lcd.o(.data)
    transfer_cmd                             0x2000002c   Data          64  st7565lcd.o(.data)
    .data                                    0x2000006c   Section       64  st7565lcd.o(.data)
    transfer_data                            0x2000006c   Data          64  st7565lcd.o(.data)
    .data                                    0x200000ac   Section        2  st7565lcd.o(.data)
    command                                  0x200000ac   Data           2  st7565lcd.o(.data)
    .data                                    0x200000b0   Section       16  bsp.o(.data)
    current_long_push_pin_no                 0x200000b0   Data           1  bsp.o(.data)
    m_indication_type                        0x200000b4   Data           4  bsp.o(.data)
    m_registered_callback                    0x200000b8   Data           4  bsp.o(.data)
    release_event_at_push                    0x200000bc   Data           4  bsp.o(.data)
    .data                                    0x200000c0   Section       20  app_timer.o(.data)
    m_ticks_elapsed_q_read_ind               0x200000c0   Data           1  app_timer.o(.data)
    m_ticks_elapsed_q_write_ind              0x200000c1   Data           1  app_timer.o(.data)
    m_rtc1_running                           0x200000c2   Data           1  app_timer.o(.data)
    m_rtc1_reset                             0x200000c3   Data           1  app_timer.o(.data)
    mp_timer_id_head                         0x200000c4   Data           4  app_timer.o(.data)
    m_ticks_latest                           0x200000c8   Data           4  app_timer.o(.data)
    m_ticks_elapsed                          0x200000cc   Data           8  app_timer.o(.data)
    .data                                    0x200000d4   Section        4  app_util_platform.o(.data)
    m_in_critical_region                     0x200000d4   Data           4  app_util_platform.o(.data)
    .data                                    0x200000d8   Section        8  nrf_pwr_mgmt.o(.data)
    m_pwr_mgmt_evt                           0x200000d8   Data           1  nrf_pwr_mgmt.o(.data)
    m_shutdown_started                       0x200000d9   Data           1  nrf_pwr_mgmt.o(.data)
    m_sysoff_mtx                             0x200000dc   Data           4  nrf_pwr_mgmt.o(.data)
    .data                                    0x200000e0   Section       12  nrf_log_default_backends.o(.data)
    rtt_log_backend                          0x200000e0   Data          12  nrf_log_default_backends.o(.data)
    .data                                    0x200000ec   Section        8  nrf_log_frontend.o(.data)
    mempool_nrf_balloc_pool_stack            0x200000ec   Data           8  nrf_log_frontend.o(.data)
    .data                                    0x200000f4   Section        8  nrf_log_frontend.o(.data)
    mempool_nrf_balloc_cb                    0x200000f4   Data           8  nrf_log_frontend.o(.data)
    .data                                    0x200000fc   Section       56  nrf_log_str_formatter.o(.data)
    severity_names                           0x200000fc   Data          20  nrf_log_str_formatter.o(.data)
    m_colors                                 0x20000110   Data          36  nrf_log_str_formatter.o(.data)
    .data                                    0x20000134   Section        4  system_nrf52840.o(.data)
    __tagsym$$used                           0x20000134   Number         0  system_nrf52840.o(.data)
    log_dynamic_data                         0x20000138   Section       12  nrf_drv_clock.o(log_dynamic_data)
    __tagsym$$used                           0x20000138   Number         0  nrf_drv_clock.o(log_dynamic_data)
    log_dynamic_data                         0x20000144   Section       12  nrf_drv_gpiote.o(log_dynamic_data)
    __tagsym$$used                           0x20000144   Number         0  nrf_drv_gpiote.o(log_dynamic_data)
    log_dynamic_data                         0x20000150   Section       12  nrf_drv_spi.o(log_dynamic_data)
    __tagsym$$used                           0x20000150   Number         0  nrf_drv_spi.o(log_dynamic_data)
    log_dynamic_data                         0x2000015c   Section       12  nrf_drv_uart.o(log_dynamic_data)
    __tagsym$$used                           0x2000015c   Number         0  nrf_drv_uart.o(log_dynamic_data)
    log_dynamic_data                         0x20000168   Section       12  nrf_balloc.o(log_dynamic_data)
    __tagsym$$used                           0x20000168   Number         0  nrf_balloc.o(log_dynamic_data)
    log_dynamic_data                         0x20000174   Section       12  nrf_gfx.o(log_dynamic_data)
    __tagsym$$used                           0x20000174   Number         0  nrf_gfx.o(log_dynamic_data)
    log_dynamic_data                         0x20000180   Section       12  nrf_pwr_mgmt.o(log_dynamic_data)
    __tagsym$$used                           0x20000180   Number         0  nrf_pwr_mgmt.o(log_dynamic_data)
    log_dynamic_data                         0x2000018c   Section       12  nrf_log_frontend.o(log_dynamic_data)
    __tagsym$$used                           0x2000018c   Number         0  nrf_log_frontend.o(log_dynamic_data)
    .bss                                     0x20000198   Section       32  main.o(.bss)
    m_timer_data                             0x20000198   Data          32  main.o(.bss)
    .bss                                     0x200001b8   Section       64  st7565lcd.o(.bss)
    m_nrf_spi_mngr_queue_nrf_queue_buffer    0x200001b8   Data          64  st7565lcd.o(.bss)
    .bss                                     0x200001f8   Section       12  st7565lcd.o(.bss)
    m_nrf_spi_mngr_queue_nrf_queue_cb        0x200001f8   Data          12  st7565lcd.o(.bss)
    .bss                                     0x20000204   Section       28  st7565lcd.o(.bss)
    m_nrf_spi_mngr_cb                        0x20000204   Data          28  st7565lcd.o(.bss)
    .bss                                     0x20000220   Section      512  st7565lcd.o(.bss)
    m_display_buffer                         0x20000220   Data         512  st7565lcd.o(.bss)
    .bss                                     0x20000420   Section       32  bsp.o(.bss)
    m_leds_timer_id_data                     0x20000420   Data          32  bsp.o(.bss)
    .bss                                     0x20000440   Section       32  bsp.o(.bss)
    m_alert_timer_id_data                    0x20000440   Data          32  bsp.o(.bss)
    .bss                                     0x20000460   Section       12  bsp.o(.bss)
    m_events_list                            0x20000460   Data          12  bsp.o(.bss)
    .bss                                     0x2000046c   Section       32  bsp.o(.bss)
    m_button_timer_id_data                   0x2000046c   Data          32  bsp.o(.bss)
    .bss                                     0x2000048c   Section       20  nrf_drv_clock.o(.bss)
    m_clock_cb                               0x2000048c   Data          20  nrf_drv_clock.o(.bss)
    .bss                                     0x200004a0   Section      104  nrf_drv_gpiote.o(.bss)
    m_cb                                     0x200004a0   Data         104  nrf_drv_gpiote.o(.bss)
    .bss                                     0x20000508   Section       36  nrf_drv_spi.o(.bss)
    m_cb                                     0x20000508   Data          36  nrf_drv_spi.o(.bss)
    .bss                                     0x2000052c   Section       32  nrf_drv_uart.o(.bss)
    m_cb                                     0x2000052c   Data          32  nrf_drv_uart.o(.bss)
    .bss                                     0x2000054c   Section      268  app_timer.o(.bss)
    m_op_queue                               0x2000054c   Data         268  app_timer.o(.bss)
    .bss                                     0x20000658   Section       12  nrf_pwr_mgmt.o(.bss)
    m_handlers_iter                          0x20000658   Data          12  nrf_pwr_mgmt.o(.bss)
    .bss                                     0x20000664   Section       64  nrf_log_backend_rtt.o(.bss)
    m_string_buff                            0x20000664   Data          64  nrf_log_backend_rtt.o(.bss)
    .bss                                     0x200006a4   Section      192  nrf_log_frontend.o(.bss)
    mempool_nrf_balloc_pool_mem              0x200006a4   Data         192  nrf_log_frontend.o(.bss)
    .bss                                     0x20000764   Section     1056  nrf_log_frontend.o(.bss)
    m_log_data                               0x20000764   Data        1056  nrf_log_frontend.o(.bss)
    .bss                                     0x20000b84   Section      648  segger_rtt.o(.bss)
    _acUpBuffer                              0x20000bfc   Data         512  segger_rtt.o(.bss)
    _acDownBuffer                            0x20000dfc   Data          16  segger_rtt.o(.bss)
    STACK                                    0x20000e10   Section     8192  arm_startup_nrf52840.o(STACK)

    Global Symbols

    Symbol Name                              Value     Ov Type        Size  Object(Section)

    BuildAttributes$$THM_ISAv4$E$P$D$K$B$S$7EM$VFPi3$EXTD16$VFPS$VFMA$PE$A:L22UL41UL21$X:L11$S22US41US21$IEEE1$IW$USESV6$~STKCKD$USESV7$~SHL$OSPACE$EBA8$MICROLIB$REQ8$PRES8$EABIv2 0x00000000   Number         0  anon$$obj.o ABSOLUTE
    __ARM_use_no_argv                        0x00000000   Number         0  main.o ABSOLUTE
    __Vectors                                0x00000000   Data           4  arm_startup_nrf52840.o(RESET)
    __use_no_errno                           0x00000000   Number         0  useno.o ABSOLUTE
    __use_no_exception_handling              0x00000000   Number         0  useno.o ABSOLUTE
    __use_no_fp                              0x00000000   Number         0  useno.o ABSOLUTE
    __use_no_heap                            0x00000000   Number         0  useno.o ABSOLUTE
    __use_no_heap_region                     0x00000000   Number         0  useno.o ABSOLUTE
    __use_no_semihosting                     0x00000000   Number         0  useno.o ABSOLUTE
    __use_no_semihosting_swi                 0x00000000   Number         0  useno.o ABSOLUTE
    __use_no_signal_handling                 0x00000000   Number         0  useno.o ABSOLUTE
    __cpp_initialize__aeabi_                  - Undefined Weak Reference
    __cxa_finalize                            - Undefined Weak Reference
    _clock_init                               - Undefined Weak Reference
    _microlib_exit                            - Undefined Weak Reference
    pwr_mgmt_data0$$Base                      - Undefined Reference
    pwr_mgmt_data0$$Limit                     - Undefined Reference
    pwr_mgmt_data1$$Base                      - Undefined Reference
    pwr_mgmt_data1$$Limit                     - Undefined Reference
    pwr_mgmt_data2$$Base                      - Undefined Reference
    pwr_mgmt_data2$$Limit                     - Undefined Reference
    __Vectors_End                            0x00000200   Data           0  arm_startup_nrf52840.o(RESET)
    __Vectors_Size                           0x00000200   Number         0  arm_startup_nrf52840.o ABSOLUTE
    __main                                   0x00000201   Thumb Code     0  entry.o(.ARM.Collect$$$$00000000)
    _main_stk                                0x00000201   Thumb Code     0  entry2.o(.ARM.Collect$$$$00000001)
    _main_scatterload                        0x00000205   Thumb Code     0  entry5.o(.ARM.Collect$$$$00000004)
    __main_after_scatterload                 0x00000209   Thumb Code     0  entry5.o(.ARM.Collect$$$$00000004)
    _main_clock                              0x00000209   Thumb Code     0  entry7b.o(.ARM.Collect$$$$00000008)
    _main_cpp_init                           0x00000209   Thumb Code     0  entry8b.o(.ARM.Collect$$$$0000000A)
    _main_init                               0x00000209   Thumb Code     0  entry9a.o(.ARM.Collect$$$$0000000B)
    __rt_final_cpp                           0x00000211   Thumb Code     0  entry10a.o(.ARM.Collect$$$$0000000D)
    __rt_final_exit                          0x00000211   Thumb Code     0  entry11a.o(.ARM.Collect$$$$0000000F)
    __asm___12_nrf_memobj_c_9bb9f865__nrf_atomic_internal_mov 0x00000215   Thumb Code    24  nrf_memobj.o(.emb_text)
    __asm___12_nrf_memobj_c_9bb9f865__nrf_atomic_internal_orr 0x0000022d   Thumb Code    26  nrf_memobj.o(.emb_text)
    __asm___12_nrf_memobj_c_9bb9f865__nrf_atomic_internal_and 0x00000247   Thumb Code    26  nrf_memobj.o(.emb_text)
    __asm___12_nrf_memobj_c_9bb9f865__nrf_atomic_internal_eor 0x00000261   Thumb Code    26  nrf_memobj.o(.emb_text)
    __asm___12_nrf_memobj_c_9bb9f865__nrf_atomic_internal_add 0x0000027b   Thumb Code    26  nrf_memobj.o(.emb_text)
    __asm___12_nrf_memobj_c_9bb9f865__nrf_atomic_internal_sub 0x00000295   Thumb Code    26  nrf_memobj.o(.emb_text)
    __asm___18_nrf_log_frontend_c_bc460776__nrf_atomic_internal_mov 0x000002b1   Thumb Code    24  nrf_log_frontend.o(.emb_text)
    __asm___18_nrf_log_frontend_c_bc460776__nrf_atomic_internal_orr 0x000002c9   Thumb Code    26  nrf_log_frontend.o(.emb_text)
    __asm___18_nrf_log_frontend_c_bc460776__nrf_atomic_internal_and 0x000002e3   Thumb Code    26  nrf_log_frontend.o(.emb_text)
    __asm___18_nrf_log_frontend_c_bc460776__nrf_atomic_internal_eor 0x000002fd   Thumb Code    26  nrf_log_frontend.o(.emb_text)
    __asm___18_nrf_log_frontend_c_bc460776__nrf_atomic_internal_add 0x00000317   Thumb Code    26  nrf_log_frontend.o(.emb_text)
    __asm___18_nrf_log_frontend_c_bc460776__nrf_atomic_internal_sub 0x00000331   Thumb Code    26  nrf_log_frontend.o(.emb_text)
    Reset_Handler                            0x0000034d   Thumb Code     8  arm_startup_nrf52840.o(.text)
    NMI_Handler                              0x00000355   Thumb Code     2  arm_startup_nrf52840.o(.text)
    HardFault_Handler                        0x00000357   Thumb Code     2  arm_startup_nrf52840.o(.text)
    MemoryManagement_Handler                 0x00000359   Thumb Code     2  arm_startup_nrf52840.o(.text)
    BusFault_Handler                         0x0000035b   Thumb Code     2  arm_startup_nrf52840.o(.text)
    UsageFault_Handler                       0x0000035d   Thumb Code     2  arm_startup_nrf52840.o(.text)
    SVC_Handler                              0x0000035f   Thumb Code     2  arm_startup_nrf52840.o(.text)
    DebugMon_Handler                         0x00000361   Thumb Code     2  arm_startup_nrf52840.o(.text)
    PendSV_Handler                           0x00000363   Thumb Code     2  arm_startup_nrf52840.o(.text)
    SysTick_Handler                          0x00000365   Thumb Code     2  arm_startup_nrf52840.o(.text)
    CCM_AAR_IRQHandler                       0x00000367   Thumb Code     0  arm_startup_nrf52840.o(.text)
    COMP_LPCOMP_IRQHandler                   0x00000367   Thumb Code     0  arm_startup_nrf52840.o(.text)
    CRYPTOCELL_IRQHandler                    0x00000367   Thumb Code     0  arm_startup_nrf52840.o(.text)
    ECB_IRQHandler                           0x00000367   Thumb Code     0  arm_startup_nrf52840.o(.text)
    FPU_IRQHandler                           0x00000367   Thumb Code     0  arm_startup_nrf52840.o(.text)
    I2S_IRQHandler                           0x00000367   Thumb Code     0  arm_startup_nrf52840.o(.text)
    MWU_IRQHandler                           0x00000367   Thumb Code     0  arm_startup_nrf52840.o(.text)
    NFCT_IRQHandler                          0x00000367   Thumb Code     0  arm_startup_nrf52840.o(.text)
    PDM_IRQHandler                           0x00000367   Thumb Code     0  arm_startup_nrf52840.o(.text)
    PWM0_IRQHandler                          0x00000367   Thumb Code     0  arm_startup_nrf52840.o(.text)
    PWM1_IRQHandler                          0x00000367   Thumb Code     0  arm_startup_nrf52840.o(.text)
    PWM2_IRQHandler                          0x00000367   Thumb Code     0  arm_startup_nrf52840.o(.text)
    PWM3_IRQHandler                          0x00000367   Thumb Code     0  arm_startup_nrf52840.o(.text)
    QDEC_IRQHandler                          0x00000367   Thumb Code     0  arm_startup_nrf52840.o(.text)
    QSPI_IRQHandler                          0x00000367   Thumb Code     0  arm_startup_nrf52840.o(.text)
    RADIO_IRQHandler                         0x00000367   Thumb Code     0  arm_startup_nrf52840.o(.text)
    RNG_IRQHandler                           0x00000367   Thumb Code     0  arm_startup_nrf52840.o(.text)
    RTC0_IRQHandler                          0x00000367   Thumb Code     0  arm_startup_nrf52840.o(.text)
    RTC2_IRQHandler                          0x00000367   Thumb Code     0  arm_startup_nrf52840.o(.text)
    SAADC_IRQHandler                         0x00000367   Thumb Code     0  arm_startup_nrf52840.o(.text)
    SPIM1_SPIS1_TWIM1_TWIS1_SPI1_TWI1_IRQHandler 0x00000367   Thumb Code     0  arm_startup_nrf52840.o(.text)
    SPIM2_SPIS2_SPI2_IRQHandler              0x00000367   Thumb Code     0  arm_startup_nrf52840.o(.text)
    SPIM3_IRQHandler                         0x00000367   Thumb Code     0  arm_startup_nrf52840.o(.text)
    SWI1_EGU1_IRQHandler                     0x00000367   Thumb Code     0  arm_startup_nrf52840.o(.text)
    SWI2_EGU2_IRQHandler                     0x00000367   Thumb Code     0  arm_startup_nrf52840.o(.text)
    SWI3_EGU3_IRQHandler                     0x00000367   Thumb Code     0  arm_startup_nrf52840.o(.text)
    SWI4_EGU4_IRQHandler                     0x00000367   Thumb Code     0  arm_startup_nrf52840.o(.text)
    SWI5_EGU5_IRQHandler                     0x00000367   Thumb Code     0  arm_startup_nrf52840.o(.text)
    TEMP_IRQHandler                          0x00000367   Thumb Code     0  arm_startup_nrf52840.o(.text)
    TIMER0_IRQHandler                        0x00000367   Thumb Code     0  arm_startup_nrf52840.o(.text)
    TIMER1_IRQHandler                        0x00000367   Thumb Code     0  arm_startup_nrf52840.o(.text)
    TIMER2_IRQHandler                        0x00000367   Thumb Code     0  arm_startup_nrf52840.o(.text)
    TIMER3_IRQHandler                        0x00000367   Thumb Code     0  arm_startup_nrf52840.o(.text)
    TIMER4_IRQHandler                        0x00000367   Thumb Code     0  arm_startup_nrf52840.o(.text)
    UARTE1_IRQHandler                        0x00000367   Thumb Code     0  arm_startup_nrf52840.o(.text)
    USBD_IRQHandler                          0x00000367   Thumb Code     0  arm_startup_nrf52840.o(.text)
    WDT_IRQHandler                           0x00000367   Thumb Code     0  arm_startup_nrf52840.o(.text)
    __rt_ctype_table                         0x00000371   Thumb Code     4  ctype_o.o(.text)
    __aeabi_memcpy                           0x00000379   Thumb Code    36  memcpya.o(.text)
    __aeabi_memcpy4                          0x00000379   Thumb Code     0  memcpya.o(.text)
    __aeabi_memcpy8                          0x00000379   Thumb Code     0  memcpya.o(.text)
    __aeabi_memset                           0x0000039d   Thumb Code    14  memseta.o(.text)
    __aeabi_memset4                          0x0000039d   Thumb Code     0  memseta.o(.text)
    __aeabi_memset8                          0x0000039d   Thumb Code     0  memseta.o(.text)
    __aeabi_memclr                           0x000003ab   Thumb Code     4  memseta.o(.text)
    __aeabi_memclr4                          0x000003ab   Thumb Code     0  memseta.o(.text)
    __aeabi_memclr8                          0x000003ab   Thumb Code     0  memseta.o(.text)
    _memset$wrapper                          0x000003af   Thumb Code    18  memseta.o(.text)
    strlen                                   0x000003c1   Thumb Code    14  strlen.o(.text)
    memcmp                                   0x000003cf   Thumb Code    26  memcmp.o(.text)
    strcpy                                   0x000003e9   Thumb Code    18  strcpy.o(.text)
    __scatterload                            0x000003fd   Thumb Code    28  init.o(.text)
    __scatterload_rt2                        0x000003fd   Thumb Code     0  init.o(.text)
    __decompress                             0x00000421   Thumb Code     0  __dczerorl2.o(.text)
    __decompress1                            0x00000421   Thumb Code    86  __dczerorl2.o(.text)
    GPIOTE_IRQHandler                        0x00000479   Thumb Code   444  nrf_drv_gpiote.o(i.GPIOTE_IRQHandler)
    POWER_CLOCK_IRQHandler                   0x000006a1   Thumb Code    84  nrf_drv_clock.o(i.POWER_CLOCK_IRQHandler)
    RTC1_IRQHandler                          0x000006f9   Thumb Code    32  app_timer.o(i.RTC1_IRQHandler)
    SEGGER_RTT_Init                          0x0000071d   Thumb Code     4  segger_rtt.o(i.SEGGER_RTT_Init)
    SEGGER_RTT_WriteNoLock                   0x00000721   Thumb Code    86  segger_rtt.o(i.SEGGER_RTT_WriteNoLock)
    SPIM0_SPIS0_TWIM0_TWIS0_SPI0_TWI0_IRQHandler 0x0000077d   Thumb Code    60  nrf_drv_spi.o(i.SPIM0_SPIS0_TWIM0_TWIS0_SPI0_TWI0_IRQHandler)
    SWI0_EGU0_IRQHandler                     0x000007c1   Thumb Code     4  app_timer.o(i.SWI0_EGU0_IRQHandler)
    SystemInit                               0x000007c5   Thumb Code   460  system_nrf52840.o(i.SystemInit)
    UARTE0_UART0_IRQHandler                  0x000009cd   Thumb Code    20  nrf_drv_uart.o(i.UARTE0_UART0_IRQHandler)
    __scatterload_copy                       0x00000b03   Thumb Code    14  handlers.o(i.__scatterload_copy)
    __scatterload_null                       0x00000b11   Thumb Code     2  handlers.o(i.__scatterload_null)
    __scatterload_zeroinit                   0x00000b13   Thumb Code    14  handlers.o(i.__scatterload_zeroinit)
    app_error_fault_handler                  0x00000b29   Thumb Code    80  app_error_weak.o(i.app_error_fault_handler)
    app_error_handler_bare                   0x00000ba1   Thumb Code    22  app_error.o(i.app_error_handler_bare)
    app_timer_create                         0x00000bb9   Thumb Code    32  app_timer.o(i.app_timer_create)
    app_timer_init                           0x00000bdd   Thumb Code    70  app_timer.o(i.app_timer_init)
    app_timer_start                          0x00000c31   Thumb Code   120  app_timer.o(i.app_timer_start)
    app_timer_stop                           0x00000cb1   Thumb Code    26  app_timer.o(i.app_timer_stop)
    app_util_critical_region_enter           0x00000cd1   Thumb Code     4  app_util_platform.o(i.app_util_critical_region_enter)
    app_util_critical_region_exit            0x00000cd5   Thumb Code     4  app_util_platform.o(i.app_util_critical_region_exit)
    app_util_disable_irq                     0x00000cd9   Thumb Code    12  app_util_platform.o(i.app_util_disable_irq)
    app_util_enable_irq                      0x00000ce9   Thumb Code    14  app_util_platform.o(i.app_util_enable_irq)
    bsp_board_led_invert                     0x00000cfd   Thumb Code    40  boards.o(i.bsp_board_led_invert)
    bsp_board_pin_to_button_idx              0x00000d29   Thumb Code    30  boards.o(i.bsp_board_pin_to_button_idx)
    bsp_init                                 0x00000df9   Thumb Code    40  bsp.o(i.bsp_init)
    buffer_is_empty                          0x00000ea5   Thumb Code    16  nrf_log_frontend.o(i.buffer_is_empty)
    main                                     0x00001411   Thumb Code   182  main.o(i.main)
    nrf_balloc_alloc                         0x000015cb   Thumb Code    62  nrf_balloc.o(i.nrf_balloc_alloc)
    nrf_balloc_free                          0x00001609   Thumb Code    42  nrf_balloc.o(i.nrf_balloc_free)
    nrf_balloc_init                          0x00001633   Thumb Code    48  nrf_balloc.o(i.nrf_balloc_init)
    nrf_drv_clock_init                       0x000017a9   Thumb Code    58  nrf_drv_clock.o(i.nrf_drv_clock_init)
    nrf_drv_clock_lfclk_request              0x000017ed   Thumb Code    86  nrf_drv_clock.o(i.nrf_drv_clock_lfclk_request)
    nrf_drv_common_irq_enable                0x0000184d   Thumb Code    56  nrf_drv_common.o(i.nrf_drv_common_irq_enable)
    nrf_drv_spi_init                         0x00001885   Thumb Code   278  nrf_drv_spi.o(i.nrf_drv_spi_init)
    nrf_drv_spi_transfer                     0x000019a1   Thumb Code    28  nrf_drv_spi.o(i.nrf_drv_spi_transfer)
    nrf_drv_spi_uninit                       0x000019bd   Thumb Code    66  nrf_drv_spi.o(i.nrf_drv_spi_uninit)
    nrf_drv_spi_xfer                         0x00001a05   Thumb Code   110  nrf_drv_spi.o(i.nrf_drv_spi_xfer)
    nrf_fprintf                              0x00001a79   Thumb Code    26  nrf_fprintf.o(i.nrf_fprintf)
    nrf_fprintf_buffer_flush                 0x00001a93   Thumb Code    24  nrf_fprintf.o(i.nrf_fprintf_buffer_flush)
    nrf_fprintf_fmt                          0x00001aab   Thumb Code   474  nrf_fprintf_format.o(i.nrf_fprintf_fmt)
    nrf_gfx_circle_draw                      0x00001c85   Thumb Code   496  nrf_gfx.o(i.nrf_gfx_circle_draw)
    nrf_gfx_display                          0x00001e75   Thumb Code     4  nrf_gfx.o(i.nrf_gfx_display)
    nrf_gfx_init                             0x00001e79   Thumb Code    20  nrf_gfx.o(i.nrf_gfx_init)
    nrf_gfx_invert                           0x00001e8d   Thumb Code     6  nrf_gfx.o(i.nrf_gfx_invert)
    nrf_gfx_line_draw                        0x00001e93   Thumb Code   244  nrf_gfx.o(i.nrf_gfx_line_draw)
    nrf_gfx_print                            0x00001f89   Thumb Code   176  nrf_gfx.o(i.nrf_gfx_print)
    nrf_gfx_rect_draw                        0x00002039   Thumb Code   264  nrf_gfx.o(i.nrf_gfx_rect_draw)
    nrf_log_backend_add                      0x000022f9   Thumb Code    74  nrf_log_frontend.o(i.nrf_log_backend_add)
    nrf_log_backend_rtt_init                 0x0000234b   Thumb Code     4  nrf_log_backend_rtt.o(i.nrf_log_backend_rtt_init)
    nrf_log_backend_serial_put               0x00002369   Thumb Code   210  nrf_log_backend_serial.o(i.nrf_log_backend_serial_put)
    nrf_log_color_id_get                     0x0000243d   Thumb Code    34  nrf_log_frontend.o(i.nrf_log_color_id_get)
    nrf_log_default_backends_init            0x00002465   Thumb Code    22  nrf_log_default_backends.o(i.nrf_log_default_backends_init)
    nrf_log_frontend_dequeue                 0x00002481   Thumb Code   454  nrf_log_frontend.o(i.nrf_log_frontend_dequeue)
    nrf_log_frontend_std_0                   0x00002651   Thumb Code     8  nrf_log_frontend.o(i.nrf_log_frontend_std_0)
    nrf_log_hexdump_entry_process            0x00002659   Thumb Code   146  nrf_log_str_formatter.o(i.nrf_log_hexdump_entry_process)
    nrf_log_init                             0x00002705   Thumb Code    70  nrf_log_frontend.o(i.nrf_log_init)
    nrf_log_module_cnt_get                   0x00002761   Thumb Code    10  nrf_log_frontend.o(i.nrf_log_module_cnt_get)
    nrf_log_module_name_get                  0x00002775   Thumb Code    24  nrf_log_frontend.o(i.nrf_log_module_name_get)
    nrf_log_panic                            0x00002791   Thumb Code    34  nrf_log_frontend.o(i.nrf_log_panic)
    nrf_log_std_entry_process                0x000027b9   Thumb Code   182  nrf_log_str_formatter.o(i.nrf_log_std_entry_process)
    nrf_memobj_alloc                         0x0000286f   Thumb Code    96  nrf_memobj.o(i.nrf_memobj_alloc)
    nrf_memobj_free                          0x000028cf   Thumb Code    50  nrf_memobj.o(i.nrf_memobj_free)
    nrf_memobj_get                           0x00002901   Thumb Code    14  nrf_memobj.o(i.nrf_memobj_get)
    nrf_memobj_pool_init                     0x0000290f   Thumb Code     4  nrf_memobj.o(i.nrf_memobj_pool_init)
    nrf_memobj_put                           0x00002913   Thumb Code    34  nrf_memobj.o(i.nrf_memobj_put)
    nrf_memobj_read                          0x00002935   Thumb Code    12  nrf_memobj.o(i.nrf_memobj_read)
    nrf_memobj_write                         0x00002941   Thumb Code    12  nrf_memobj.o(i.nrf_memobj_write)
    nrf_pwr_mgmt_init                        0x0000294d   Thumb Code    28  nrf_pwr_mgmt.o(i.nrf_pwr_mgmt_init)
    nrf_pwr_mgmt_run                         0x00002975   Thumb Code    46  nrf_pwr_mgmt.o(i.nrf_pwr_mgmt_run)
    nrf_queue_generic_pop                    0x000029a9   Thumb Code   136  nrf_queue.o(i.nrf_queue_generic_pop)
    nrf_queue_is_empty                       0x00002a31   Thumb Code    18  nrf_queue.o(i.nrf_queue_is_empty)
    nrf_queue_is_full                        0x00002a43   Thumb Code    30  nrf_queue.o(i.nrf_queue_is_full)
    nrf_queue_push                           0x00002a6f   Thumb Code   172  nrf_queue.o(i.nrf_queue_push)
    nrf_section_iter_init                    0x00002b1b   Thumb Code    10  nrf_section_iter.o(i.nrf_section_iter_init)
    nrf_spi_mngr_init                        0x00002b49   Thumb Code    42  nrf_spi_mngr.o(i.nrf_spi_mngr_init)
    nrf_spi_mngr_perform                     0x00002b79   Thumb Code    98  nrf_spi_mngr.o(i.nrf_spi_mngr_perform)
    nrf_spi_mngr_schedule                    0x00002be1   Thumb Code    28  nrf_spi_mngr.o(i.nrf_spi_mngr_schedule)
    nrf_spi_mngr_uninit                      0x00002bfd   Thumb Code    18  nrf_spi_mngr.o(i.nrf_spi_mngr_uninit)
    st7565_display_invert                    0x00002ecd   Thumb Code    34  st7565lcd.o(i.st7565_display_invert)
    st7565_display_screen                    0x00002ef5   Thumb Code    62  st7565lcd.o(i.st7565_display_screen)
    st7565_init                              0x00002f39   Thumb Code   110  st7565lcd.o(i.st7565_init)
    st7565_pixel_draw                        0x00002fb1   Thumb Code    58  st7565lcd.o(i.st7565_pixel_draw)
    st7565_rect_draw                         0x00002ff5   Thumb Code    64  st7565lcd.o(i.st7565_rect_draw)
    st7565_uninit                            0x00003041   Thumb Code     6  st7565lcd.o(i.st7565_uninit)
    orkney_8ptBitmaps                        0x00003a68   Data        1648  orkney8pts.o(.constdata)
    orkney_8ptDescriptors                    0x000040d8   Data         376  orkney8pts.o(.constdata)
    orkney_8ptFontInfo                       0x00004250   Data          12  orkney8pts.o(.constdata)
    nrf_log_backend_rtt_api                  0x000042a8   Data          12  nrf_log_backend_rtt.o(.constdata)
    __ctype_table                            0x000042c8   Data         129  ctype_o.o(.constdata)
    Region$$Table$$Base                      0x000043f0   Number         0  anon$$obj.o(Region$$Table)
    Region$$Table$$Limit                     0x00004410   Number         0  anon$$obj.o(Region$$Table)
    log_const_data$$Base                     0x00004410   Number         0  nrf_drv_clock.o(log_const_data)
    m_nrf_log_clock_logs_data_const          0x00004410   Data           8  nrf_drv_clock.o(log_const_data)
    m_nrf_log_gpiote_logs_data_const         0x00004418   Data           8  nrf_drv_gpiote.o(log_const_data)
    m_nrf_log_spi_logs_data_const            0x00004420   Data           8  nrf_drv_spi.o(log_const_data)
    m_nrf_log_uart_logs_data_const           0x00004428   Data           8  nrf_drv_uart.o(log_const_data)
    m_nrf_log_balloc_logs_data_const         0x00004430   Data           8  nrf_balloc.o(log_const_data)
    m_nrf_log_gfx_logs_data_const            0x00004438   Data           8  nrf_gfx.o(log_const_data)
    m_nrf_log_pwr_mgmt_logs_data_const       0x00004440   Data           8  nrf_pwr_mgmt.o(log_const_data)
    m_nrf_log_app_logs_data_const            0x00004448   Data           8  nrf_log_frontend.o(log_const_data)
    log_const_data$$Limit                    0x00004450   Number         0  nrf_log_frontend.o(log_const_data)
    SystemCoreClock                          0x20000134   Data           4  system_nrf52840.o(.data)
    log_dynamic_data$$Base                   0x20000138   Number         0  nrf_drv_clock.o(log_dynamic_data)
    m_nrf_log_clock_logs_data_dynamic        0x20000138   Data          12  nrf_drv_clock.o(log_dynamic_data)
    m_nrf_log_gpiote_logs_data_dynamic       0x20000144   Data          12  nrf_drv_gpiote.o(log_dynamic_data)
    m_nrf_log_spi_logs_data_dynamic          0x20000150   Data          12  nrf_drv_spi.o(log_dynamic_data)
    m_nrf_log_uart_logs_data_dynamic         0x2000015c   Data          12  nrf_drv_uart.o(log_dynamic_data)
    m_nrf_log_balloc_logs_data_dynamic       0x20000168   Data          12  nrf_balloc.o(log_dynamic_data)
    m_nrf_log_gfx_logs_data_dynamic          0x20000174   Data          12  nrf_gfx.o(log_dynamic_data)
    m_nrf_log_pwr_mgmt_logs_data_dynamic     0x20000180   Data          12  nrf_pwr_mgmt.o(log_dynamic_data)
    m_nrf_log_app_logs_data_dynamic          0x2000018c   Data          12  nrf_log_frontend.o(log_dynamic_data)
    _SEGGER_RTT                              0x20000b84   Data         120  segger_rtt.o(.bss)
    __initial_sp                             0x20002e10   Data           0  arm_startup_nrf52840.o(STACK)



==============================================================================

Memory Map of the image

  Image Entry point : 0x00000201

  Load Region LR_IROM1 (Base: 0x00000000, Size: 0x000045e8, Max: 0x00100000, ABSOLUTE, COMPRESSED[0x000044c4])

    Execution Region ER_IROM1 (Exec base: 0x00000000, Load base: 0x00000000, Size: 0x00004450, Max: 0x00100000, ABSOLUTE)

    Exec Addr    Load Addr    Size         Type   Attr      Idx    E Section Name        Object

    0x00000000   0x00000000   0x00000200   Data   RO         3502    RESET               arm_startup_nrf52840.o
    0x00000200   0x00000200   0x00000000   Code   RO         3543  * .ARM.Collect$$$$00000000  mc_w.l(entry.o)
    0x00000200   0x00000200   0x00000004   Code   RO         3593    .ARM.Collect$$$$00000001  mc_w.l(entry2.o)
    0x00000204   0x00000204   0x00000004   Code   RO         3596    .ARM.Collect$$$$00000004  mc_w.l(entry5.o)
    0x00000208   0x00000208   0x00000000   Code   RO         3598    .ARM.Collect$$$$00000008  mc_w.l(entry7b.o)
    0x00000208   0x00000208   0x00000000   Code   RO         3600    .ARM.Collect$$$$0000000A  mc_w.l(entry8b.o)
    0x00000208   0x00000208   0x00000008   Code   RO         3601    .ARM.Collect$$$$0000000B  mc_w.l(entry9a.o)
    0x00000210   0x00000210   0x00000000   Code   RO         3603    .ARM.Collect$$$$0000000D  mc_w.l(entry10a.o)
    0x00000210   0x00000210   0x00000000   Code   RO         3605    .ARM.Collect$$$$0000000F  mc_w.l(entry11a.o)
    0x00000210   0x00000210   0x00000004   Code   RO         3594    .ARM.Collect$$$$00002712  mc_w.l(entry2.o)
    0x00000214   0x00000214   0x0000009a   Code   RO         2342    .emb_text           nrf_memobj.o
    0x000002ae   0x000002ae   0x00000002   PAD
    0x000002b0   0x000002b0   0x0000009a   Code   RO         2911    .emb_text           nrf_log_frontend.o
    0x0000034a   0x0000034a   0x00000002   PAD
    0x0000034c   0x0000034c   0x00000024   Code   RO         3503    .text               arm_startup_nrf52840.o
    0x00000370   0x00000370   0x00000008   Code   RO         3551    .text               mc_w.l(ctype_o.o)
    0x00000378   0x00000378   0x00000024   Code   RO         3579    .text               mc_w.l(memcpya.o)
    0x0000039c   0x0000039c   0x00000024   Code   RO         3581    .text               mc_w.l(memseta.o)
    0x000003c0   0x000003c0   0x0000000e   Code   RO         3583    .text               mc_w.l(strlen.o)
    0x000003ce   0x000003ce   0x0000001a   Code   RO         3587    .text               mc_w.l(memcmp.o)
    0x000003e8   0x000003e8   0x00000012   Code   RO         3589    .text               mc_w.l(strcpy.o)
    0x000003fa   0x000003fa   0x00000002   PAD
    0x000003fc   0x000003fc   0x00000024   Code   RO         3609    .text               mc_w.l(init.o)
    0x00000420   0x00000420   0x00000056   Code   RO         3619    .text               mc_w.l(__dczerorl2.o)
    0x00000476   0x00000476   0x00000002   PAD
    0x00000478   0x00000478   0x000001c4   Code   RO          890    i.GPIOTE_IRQHandler  nrf_drv_gpiote.o
    0x0000063c   0x0000063c   0x00000016   Code   RO         1825    i.NVIC_ClearPendingIRQ  app_timer.o
    0x00000652   0x00000652   0x00000016   Code   RO         1826    i.NVIC_EnableIRQ    app_timer.o
    0x00000668   0x00000668   0x00000016   Code   RO         1827    i.NVIC_SetPendingIRQ  app_timer.o
    0x0000067e   0x0000067e   0x00000020   Code   RO         1828    i.NVIC_SetPriority  app_timer.o
    0x0000069e   0x0000069e   0x00000002   PAD
    0x000006a0   0x000006a0   0x00000058   Code   RO          684    i.POWER_CLOCK_IRQHandler  nrf_drv_clock.o
    0x000006f8   0x000006f8   0x00000024   Code   RO         1829    i.RTC1_IRQHandler   app_timer.o
    0x0000071c   0x0000071c   0x00000004   Code   RO         3156    i.SEGGER_RTT_Init   segger_rtt.o
    0x00000720   0x00000720   0x0000005c   Code   RO         3170    i.SEGGER_RTT_WriteNoLock  segger_rtt.o
    0x0000077c   0x0000077c   0x00000044   Code   RO         1154    i.SPIM0_SPIS0_TWIM0_TWIS0_SPI0_TWI0_IRQHandler  nrf_drv_spi.o
    0x000007c0   0x000007c0   0x00000004   Code   RO         1830    i.SWI0_EGU0_IRQHandler  app_timer.o
    0x000007c4   0x000007c4   0x00000208   Code   RO         3511    i.SystemInit        system_nrf52840.o
    0x000009cc   0x000009cc   0x0000001c   Code   RO         1261    i.UARTE0_UART0_IRQHandler  nrf_drv_uart.o
    0x000009e8   0x000009e8   0x00000068   Code   RO         3174    i._DoInit           segger_rtt.o
    0x00000a50   0x00000a50   0x00000016   Code   RO         3175    i._GetAvailWriteSpace  segger_rtt.o
    0x00000a66   0x00000a66   0x0000005a   Code   RO         3177    i._WriteBlocking    segger_rtt.o
    0x00000ac0   0x00000ac0   0x00000042   Code   RO         3178    i._WriteNoCheck     segger_rtt.o
    0x00000b02   0x00000b02   0x0000000e   Code   RO         3613    i.__scatterload_copy  mc_w.l(handlers.o)
    0x00000b10   0x00000b10   0x00000002   Code   RO         3614    i.__scatterload_null  mc_w.l(handlers.o)
    0x00000b12   0x00000b12   0x0000000e   Code   RO         3615    i.__scatterload_zeroinit  mc_w.l(handlers.o)
    0x00000b20   0x00000b20   0x00000006   Code   RO          526    i.alert_timer_handler  bsp.o
    0x00000b26   0x00000b26   0x00000002   PAD
    0x00000b28   0x00000b28   0x00000078   Code   RO         1740    i.app_error_fault_handler  app_error_weak.o
    0x00000ba0   0x00000ba0   0x00000016   Code   RO         1701    i.app_error_handler_bare  app_error.o
    0x00000bb6   0x00000bb6   0x00000002   PAD
    0x00000bb8   0x00000bb8   0x00000024   Code   RO         1833    i.app_timer_create  app_timer.o
    0x00000bdc   0x00000bdc   0x00000054   Code   RO         1834    i.app_timer_init    app_timer.o
    0x00000c30   0x00000c30   0x00000080   Code   RO         1837    i.app_timer_start   app_timer.o
    0x00000cb0   0x00000cb0   0x00000020   Code   RO         1838    i.app_timer_stop    app_timer.o
    0x00000cd0   0x00000cd0   0x00000004   Code   RO         1994    i.app_util_critical_region_enter  app_util_platform.o
    0x00000cd4   0x00000cd4   0x00000004   Code   RO         1995    i.app_util_critical_region_exit  app_util_platform.o
    0x00000cd8   0x00000cd8   0x00000010   Code   RO         1996    i.app_util_disable_irq  app_util_platform.o
    0x00000ce8   0x00000ce8   0x00000014   Code   RO         1997    i.app_util_enable_irq  app_util_platform.o
    0x00000cfc   0x00000cfc   0x0000002c   Code   RO          416    i.bsp_board_led_invert  boards.o
    0x00000d28   0x00000d28   0x00000024   Code   RO          423    i.bsp_board_pin_to_button_idx  boards.o
    0x00000d4c   0x00000d4c   0x00000090   Code   RO          527    i.bsp_button_event_handler  bsp.o
    0x00000ddc   0x00000ddc   0x0000001c   Code   RO            4    i.bsp_event_handler  main.o
    0x00000df8   0x00000df8   0x00000038   Code   RO          533    i.bsp_init          bsp.o
    0x00000e30   0x00000e30   0x00000054   Code   RO         2912    i.buf_prealloc      nrf_log_frontend.o
    0x00000e84   0x00000e84   0x0000001e   Code   RO         2167    i.buffer_add        nrf_fprintf_format.o
    0x00000ea2   0x00000ea2   0x00000002   PAD
    0x00000ea4   0x00000ea4   0x00000014   Code   RO         2913    i.buffer_is_empty   nrf_log_frontend.o
    0x00000eb8   0x00000eb8   0x00000010   Code   RO          893    i.channel_port_get  nrf_drv_gpiote.o
    0x00000ec8   0x00000ec8   0x00000028   Code   RO          685    i.clock_clk_started_notify  nrf_drv_clock.o
    0x00000ef0   0x00000ef0   0x000000ac   Code   RO         1840    i.compare_reg_update  app_timer.o
    0x00000f9c   0x00000f9c   0x00000002   Code   RO            5    i.dummy_lcd_rotation_set  main.o
    0x00000f9e   0x00000f9e   0x00000002   PAD
    0x00000fa0   0x00000fa0   0x00000040   Code   RO         1841    i.elapsed_ticks_acquire  app_timer.o
    0x00000fe0   0x00000fe0   0x0000012c   Code   RO            6    i.happy_face_draw   main.o
    0x0000110c   0x0000110c   0x000000a6   Code   RO         2168    i.int_print         nrf_fprintf_format.o
    0x000011b2   0x000011b2   0x00000016   Code   RO          687    i.item_enqueue      nrf_drv_clock.o
    0x000011c8   0x000011c8   0x00000002   Code   RO          537    i.leds_timer_handler  bsp.o
    0x000011ca   0x000011ca   0x000000b8   Code   RO         2207    i.line_draw         nrf_gfx.o
    0x00001282   0x00001282   0x00000002   PAD
    0x00001284   0x00001284   0x000000f8   Code   RO         1842    i.list_insertions_handler  app_timer.o
    0x0000137c   0x0000137c   0x00000094   Code   RO         2915    i.log_skip          nrf_log_frontend.o
    0x00001410   0x00001410   0x00000100   Code   RO            7    i.main              main.o
    0x00001510   0x00001510   0x00000076   Code   RO         2343    i.memobj_op         nrf_memobj.o
    0x00001586   0x00001586   0x00000002   PAD
    0x00001588   0x00001588   0x00000034   Code   RO         2916    i.module_idx_get    nrf_log_frontend.o
    0x000015bc   0x000015bc   0x0000000e   Code   RO         2917    i.nrf_atomic_flag_set  nrf_log_frontend.o
    0x000015ca   0x000015ca   0x0000003e   Code   RO         2083    i.nrf_balloc_alloc  nrf_balloc.o
    0x00001608   0x00001608   0x0000002a   Code   RO         2084    i.nrf_balloc_free   nrf_balloc.o
    0x00001632   0x00001632   0x00000030   Code   RO         2085    i.nrf_balloc_init   nrf_balloc.o
    0x00001662   0x00001662   0x00000010   Code   RO          894    i.nrf_bitmask_bit_is_set  nrf_drv_gpiote.o
    0x00001672   0x00001672   0x0000000e   Code   RO          689    i.nrf_clock_event_check  nrf_drv_clock.o
    0x00001680   0x00001680   0x00000010   Code   RO          690    i.nrf_clock_event_clear  nrf_drv_clock.o
    0x00001690   0x00001690   0x0000008c   Code   RO          251    i.nrf_delay_us      st7565lcd.o
    0x0000171c   0x0000171c   0x0000008c   Code   RO         1843    i.nrf_delay_us      app_timer.o
    0x000017a8   0x000017a8   0x00000044   Code   RO          697    i.nrf_drv_clock_init  nrf_drv_clock.o
    0x000017ec   0x000017ec   0x00000060   Code   RO          702    i.nrf_drv_clock_lfclk_request  nrf_drv_clock.o
    0x0000184c   0x0000184c   0x00000038   Code   RO          844    i.nrf_drv_common_irq_enable  nrf_drv_common.o
    0x00001884   0x00001884   0x0000011c   Code   RO         1156    i.nrf_drv_spi_init  nrf_drv_spi.o
    0x000019a0   0x000019a0   0x0000001c   Code   RO         1157    i.nrf_drv_spi_transfer  nrf_drv_spi.o
    0x000019bc   0x000019bc   0x00000048   Code   RO         1158    i.nrf_drv_spi_uninit  nrf_drv_spi.o
    0x00001a04   0x00001a04   0x00000074   Code   RO         1159    i.nrf_drv_spi_xfer  nrf_drv_spi.o
    0x00001a78   0x00001a78   0x0000001a   Code   RO         2124    i.nrf_fprintf       nrf_fprintf.o
    0x00001a92   0x00001a92   0x00000018   Code   RO         2125    i.nrf_fprintf_buffer_flush  nrf_fprintf.o
    0x00001aaa   0x00001aaa   0x000001da   Code   RO         2169    i.nrf_fprintf_fmt   nrf_fprintf_format.o
    0x00001c84   0x00001c84   0x000001f0   Code   RO         2210    i.nrf_gfx_circle_draw  nrf_gfx.o
    0x00001e74   0x00001e74   0x00000004   Code   RO         2211    i.nrf_gfx_display   nrf_gfx.o
    0x00001e78   0x00001e78   0x00000014   Code   RO         2213    i.nrf_gfx_init      nrf_gfx.o
    0x00001e8c   0x00001e8c   0x00000006   Code   RO         2214    i.nrf_gfx_invert    nrf_gfx.o
    0x00001e92   0x00001e92   0x000000f4   Code   RO         2215    i.nrf_gfx_line_draw  nrf_gfx.o
    0x00001f86   0x00001f86   0x00000002   PAD
    0x00001f88   0x00001f88   0x000000b0   Code   RO         2217    i.nrf_gfx_print     nrf_gfx.o
    0x00002038   0x00002038   0x00000108   Code   RO         2218    i.nrf_gfx_rect_draw  nrf_gfx.o
    0x00002140   0x00002140   0x00000032   Code   RO         1160    i.nrf_gpio_cfg      nrf_drv_spi.o
    0x00002172   0x00002172   0x00000014   Code   RO         1161    i.nrf_gpio_cfg_output  nrf_drv_spi.o
    0x00002186   0x00002186   0x00000030   Code   RO          920    i.nrf_gpio_cfg_sense_set  nrf_drv_gpiote.o
    0x000021b6   0x000021b6   0x00000014   Code   RO          252    i.nrf_gpio_pin_clear  st7565lcd.o
    0x000021ca   0x000021ca   0x00000014   Code   RO         1162    i.nrf_gpio_pin_clear  nrf_drv_spi.o
    0x000021de   0x000021de   0x00000030   Code   RO          253    i.nrf_gpio_pin_dir_set  st7565lcd.o
    0x0000220e   0x0000220e   0x00000002   PAD
    0x00002210   0x00002210   0x0000001c   Code   RO          254    i.nrf_gpio_pin_port_decode  st7565lcd.o
    0x0000222c   0x0000222c   0x0000001c   Code   RO          426    i.nrf_gpio_pin_port_decode  boards.o
    0x00002248   0x00002248   0x0000001c   Code   RO          922    i.nrf_gpio_pin_port_decode  nrf_drv_gpiote.o
    0x00002264   0x00002264   0x0000001c   Code   RO         1163    i.nrf_gpio_pin_port_decode  nrf_drv_spi.o
    0x00002280   0x00002280   0x00000014   Code   RO          255    i.nrf_gpio_pin_set  st7565lcd.o
    0x00002294   0x00002294   0x00000014   Code   RO         1164    i.nrf_gpio_pin_set  nrf_drv_spi.o
    0x000022a8   0x000022a8   0x0000002c   Code   RO          925    i.nrf_gpio_ports_read  nrf_drv_gpiote.o
    0x000022d4   0x000022d4   0x00000014   Code   RO          926    i.nrf_gpiote_event_clear  nrf_drv_gpiote.o
    0x000022e8   0x000022e8   0x00000010   Code   RO          927    i.nrf_gpiote_event_is_set  nrf_drv_gpiote.o
    0x000022f8   0x000022f8   0x00000050   Code   RO         2918    i.nrf_log_backend_add  nrf_log_frontend.o
    0x00002348   0x00002348   0x00000002   Code   RO         2762    i.nrf_log_backend_rtt_flush  nrf_log_backend_rtt.o
    0x0000234a   0x0000234a   0x00000004   Code   RO         2763    i.nrf_log_backend_rtt_init  nrf_log_backend_rtt.o
    0x0000234e   0x0000234e   0x00000002   Code   RO         2764    i.nrf_log_backend_rtt_panic_set  nrf_log_backend_rtt.o
    0x00002350   0x00002350   0x00000018   Code   RO         2765    i.nrf_log_backend_rtt_put  nrf_log_backend_rtt.o
    0x00002368   0x00002368   0x000000d2   Code   RO         2826    i.nrf_log_backend_serial_put  nrf_log_backend_serial.o
    0x0000243a   0x0000243a   0x00000002   PAD
    0x0000243c   0x0000243c   0x00000028   Code   RO         2920    i.nrf_log_color_id_get  nrf_log_frontend.o
    0x00002464   0x00002464   0x0000001c   Code   RO         2878    i.nrf_log_default_backends_init  nrf_log_default_backends.o
    0x00002480   0x00002480   0x000001d0   Code   RO         2921    i.nrf_log_frontend_dequeue  nrf_log_frontend.o
    0x00002650   0x00002650   0x00000008   Code   RO         2923    i.nrf_log_frontend_std_0  nrf_log_frontend.o
    0x00002658   0x00002658   0x000000ac   Code   RO         3103    i.nrf_log_hexdump_entry_process  nrf_log_str_formatter.o
    0x00002704   0x00002704   0x0000005c   Code   RO         2930    i.nrf_log_init      nrf_log_frontend.o
    0x00002760   0x00002760   0x00000014   Code   RO         2931    i.nrf_log_module_cnt_get  nrf_log_frontend.o
    0x00002774   0x00002774   0x0000001c   Code   RO         2934    i.nrf_log_module_name_get  nrf_log_frontend.o
    0x00002790   0x00002790   0x00000028   Code   RO         2935    i.nrf_log_panic     nrf_log_frontend.o
    0x000027b8   0x000027b8   0x000000b6   Code   RO         3104    i.nrf_log_std_entry_process  nrf_log_str_formatter.o
    0x0000286e   0x0000286e   0x00000060   Code   RO         2344    i.nrf_memobj_alloc  nrf_memobj.o
    0x000028ce   0x000028ce   0x00000032   Code   RO         2345    i.nrf_memobj_free   nrf_memobj.o
    0x00002900   0x00002900   0x0000000e   Code   RO         2346    i.nrf_memobj_get    nrf_memobj.o
    0x0000290e   0x0000290e   0x00000004   Code   RO         2347    i.nrf_memobj_pool_init  nrf_memobj.o
    0x00002912   0x00002912   0x00000022   Code   RO         2348    i.nrf_memobj_put    nrf_memobj.o
    0x00002934   0x00002934   0x0000000c   Code   RO         2349    i.nrf_memobj_read   nrf_memobj.o
    0x00002940   0x00002940   0x0000000c   Code   RO         2350    i.nrf_memobj_write  nrf_memobj.o
    0x0000294c   0x0000294c   0x00000028   Code   RO         2429    i.nrf_pwr_mgmt_init  nrf_pwr_mgmt.o
    0x00002974   0x00002974   0x00000034   Code   RO         2430    i.nrf_pwr_mgmt_run  nrf_pwr_mgmt.o
    0x000029a8   0x000029a8   0x00000088   Code   RO         2511    i.nrf_queue_generic_pop  nrf_queue.o
    0x00002a30   0x00002a30   0x00000012   Code   RO         2513    i.nrf_queue_is_empty  nrf_queue.o
    0x00002a42   0x00002a42   0x0000001e   Code   RO         2514    i.nrf_queue_is_full  nrf_queue.o
    0x00002a60   0x00002a60   0x0000000e   Code   RO         2517    i.nrf_queue_next_idx  nrf_queue.o
    0x00002a6e   0x00002a6e   0x000000ac   Code   RO         2519    i.nrf_queue_push    nrf_queue.o
    0x00002b1a   0x00002b1a   0x0000000a   Code   RO         2623    i.nrf_section_iter_init  nrf_section_iter.o
    0x00002b24   0x00002b24   0x00000024   Code   RO         2624    i.nrf_section_iter_item_set  nrf_section_iter.o
    0x00002b48   0x00002b48   0x00000030   Code   RO         2658    i.nrf_spi_mngr_init  nrf_spi_mngr.o
    0x00002b78   0x00002b78   0x00000068   Code   RO         2659    i.nrf_spi_mngr_perform  nrf_spi_mngr.o
    0x00002be0   0x00002be0   0x0000001c   Code   RO         2660    i.nrf_spi_mngr_schedule  nrf_spi_mngr.o
    0x00002bfc   0x00002bfc   0x00000012   Code   RO         2661    i.nrf_spi_mngr_uninit  nrf_spi_mngr.o
    0x00002c0e   0x00002c0e   0x0000000a   Code   RO         1286    i.nrf_uart_event_check  nrf_drv_uart.o
    0x00002c18   0x00002c18   0x0000000c   Code   RO         1287    i.nrf_uart_event_clear  nrf_drv_uart.o
    0x00002c24   0x00002c24   0x0000000c   Code   RO         1288    i.nrf_uart_int_enable_check  nrf_drv_uart.o
    0x00002c30   0x00002c30   0x0000000a   Code   RO         1289    i.nrf_uarte_event_check  nrf_drv_uart.o
    0x00002c3a   0x00002c3a   0x0000000c   Code   RO         1290    i.nrf_uarte_event_clear  nrf_drv_uart.o
    0x00002c46   0x00002c46   0x00000026   Code   RO         2223    i.pixel_draw        nrf_gfx.o
    0x00002c6c   0x00002c6c   0x0000003c   Code   RO         3105    i.postfix_process   nrf_log_str_formatter.o
    0x00002ca8   0x00002ca8   0x0000005c   Code   RO         3106    i.prefix_process    nrf_log_str_formatter.o
    0x00002d04   0x00002d04   0x00000018   Code   RO         2525    i.queue_utilization_get  nrf_queue.o
    0x00002d1c   0x00002d1c   0x0000003a   Code   RO         2224    i.rect_draw         nrf_gfx.o
    0x00002d56   0x00002d56   0x00000002   PAD
    0x00002d58   0x00002d58   0x0000003c   Code   RO         1844    i.rtc1_stop         app_timer.o
    0x00002d94   0x00002d94   0x00000032   Code   RO         1292    i.rx_byte           nrf_drv_uart.o
    0x00002dc6   0x00002dc6   0x00000018   Code   RO         1293    i.rx_done_event     nrf_drv_uart.o
    0x00002dde   0x00002dde   0x0000002a   Code   RO         2766    i.serial_tx         nrf_log_backend_rtt.o
    0x00002e08   0x00002e08   0x0000003e   Code   RO         2662    i.spi_event_handler  nrf_spi_mngr.o
    0x00002e46   0x00002e46   0x0000000a   Code   RO         2663    i.spi_internal_transaction_cb  nrf_spi_mngr.o
    0x00002e50   0x00002e50   0x0000007c   Code   RO         1165    i.spi_xfer          nrf_drv_spi.o
    0x00002ecc   0x00002ecc   0x00000028   Code   RO          257    i.st7565_display_invert  st7565lcd.o
    0x00002ef4   0x00002ef4   0x00000044   Code   RO          258    i.st7565_display_screen  st7565lcd.o
    0x00002f38   0x00002f38   0x00000078   Code   RO          259    i.st7565_init       st7565lcd.o
    0x00002fb0   0x00002fb0   0x00000044   Code   RO          260    i.st7565_pixel_draw  st7565lcd.o
    0x00002ff4   0x00002ff4   0x00000040   Code   RO          261    i.st7565_rect_draw  st7565lcd.o
    0x00003034   0x00003034   0x00000006   Code   RO          262    i.st7565_set_command_cb  st7565lcd.o
    0x0000303a   0x0000303a   0x00000006   Code   RO          263    i.st7565_set_data_cb  st7565lcd.o
    0x00003040   0x00003040   0x0000000c   Code   RO          264    i.st7565_uninit     st7565lcd.o
    0x0000304c   0x0000304c   0x00000098   Code   RO         2664    i.start_pending_transaction  nrf_spi_mngr.o
    0x000030e4   0x000030e4   0x00000020   Code   RO         2665    i.start_transfer    nrf_spi_mngr.o
    0x00003104   0x00003104   0x00000094   Code   RO         2937    i.std_n             nrf_log_frontend.o
    0x00003198   0x00003198   0x00000094   Code   RO            8    i.timer_handler     main.o
    0x0000322c   0x0000322c   0x00000080   Code   RO         1845    i.timer_list_handler  app_timer.o
    0x000032ac   0x000032ac   0x0000003c   Code   RO         1846    i.timer_list_insert  app_timer.o
    0x000032e8   0x000032e8   0x00000060   Code   RO         1847    i.timer_list_remove  app_timer.o
    0x00003348   0x00003348   0x00000040   Code   RO         1848    i.timer_stop_op_schedule  app_timer.o
    0x00003388   0x00003388   0x00000074   Code   RO         1849    i.timer_timeouts_check  app_timer.o
    0x000033fc   0x000033fc   0x00000014   Code   RO         2666    i.transaction_end_signal  nrf_spi_mngr.o
    0x00003410   0x00003410   0x0000006c   Code   RO         1166    i.transfer_byte     nrf_drv_spi.o
    0x0000347c   0x0000347c   0x00000020   Code   RO         1295    i.tx_byte           nrf_drv_uart.o
    0x0000349c   0x0000349c   0x0000001c   Code   RO         1296    i.tx_done_event     nrf_drv_uart.o
    0x000034b8   0x000034b8   0x0000011e   Code   RO         1297    i.uart_irq_handler  nrf_drv_uart.o
    0x000035d6   0x000035d6   0x000000f0   Code   RO         1298    i.uarte_irq_handler  nrf_drv_uart.o
    0x000036c6   0x000036c6   0x00000002   PAD
    0x000036c8   0x000036c8   0x000000b4   Code   RO         2170    i.unsigned_print    nrf_fprintf_format.o
    0x0000377c   0x0000377c   0x00000030   Code   RO         1850    i.user_op_alloc     app_timer.o
    0x000037ac   0x000037ac   0x000000b2   Code   RO         2225    i.write_character   nrf_gfx.o
    0x0000385e   0x0000385e   0x00000002   PAD
    0x00003860   0x00003860   0x0000006e   Data   RO           10    .constdata          main.o
    0x000038ce   0x000038ce   0x00000002   PAD
    0x000038d0   0x000038d0   0x00000014   Data   RO          269    .constdata          st7565lcd.o
    0x000038e4   0x000038e4   0x00000128   Data   RO          270    .constdata          st7565lcd.o
    0x00003a0c   0x00003a0c   0x00000020   Data   RO          271    .constdata          st7565lcd.o
    0x00003a2c   0x00003a2c   0x00000008   Data   RO          428    .constdata          boards.o
    0x00003a34   0x00003a34   0x0000002c   Data   RO          543    .constdata          bsp.o
    0x00003a60   0x00003a60   0x00000008   Data   RO          931    .constdata          nrf_drv_gpiote.o
    0x00003a68   0x00003a68   0x00000670   Data   RO         1624    .constdata          orkney8pts.o
    0x000040d8   0x000040d8   0x00000178   Data   RO         1625    .constdata          orkney8pts.o
    0x00004250   0x00004250   0x0000000c   Data   RO         1626    .constdata          orkney8pts.o
    0x0000425c   0x0000425c   0x00000010   Data   RO         2171    .constdata          nrf_fprintf_format.o
    0x0000426c   0x0000426c   0x00000018   Data   RO         2434    .constdata          nrf_pwr_mgmt.o
    0x00004284   0x00004284   0x0000000c   Data   RO         2435    .constdata          nrf_pwr_mgmt.o
    0x00004290   0x00004290   0x00000018   Data   RO         2667    .constdata          nrf_spi_mngr.o
    0x000042a8   0x000042a8   0x0000000c   Data   RO         2768    .constdata          nrf_log_backend_rtt.o
    0x000042b4   0x000042b4   0x00000014   Data   RO         2940    .constdata          nrf_log_frontend.o
    0x000042c8   0x000042c8   0x00000081   Data   RO         3552    .constdata          mc_w.l(ctype_o.o)
    0x00004349   0x00004349   0x00000003   PAD
    0x0000434c   0x0000434c   0x00000004   Data   RO         3553    .constdata          mc_w.l(ctype_o.o)
    0x00004350   0x00004350   0x00000066   Data   RO         3107    .conststring        nrf_log_str_formatter.o
    0x000043b6   0x000043b6   0x00000002   PAD
    0x000043b8   0x000043b8   0x00000006   Data   RO          709    .conststrlit        nrf_drv_clock.o
    0x000043be   0x000043be   0x00000002   PAD
    0x000043c0   0x000043c0   0x00000007   Data   RO          935    .conststrlit        nrf_drv_gpiote.o
    0x000043c7   0x000043c7   0x00000001   PAD
    0x000043c8   0x000043c8   0x00000004   Data   RO         1170    .conststrlit        nrf_drv_spi.o
    0x000043cc   0x000043cc   0x00000005   Data   RO         1300    .conststrlit        nrf_drv_uart.o
    0x000043d1   0x000043d1   0x00000003   PAD
    0x000043d4   0x000043d4   0x00000007   Data   RO         2086    .conststrlit        nrf_balloc.o
    0x000043db   0x000043db   0x00000001   PAD
    0x000043dc   0x000043dc   0x00000004   Data   RO         2226    .conststrlit        nrf_gfx.o
    0x000043e0   0x000043e0   0x00000009   Data   RO         2436    .conststrlit        nrf_pwr_mgmt.o
    0x000043e9   0x000043e9   0x00000003   PAD
    0x000043ec   0x000043ec   0x00000004   Data   RO         2942    .conststrlit        nrf_log_frontend.o
    0x000043f0   0x000043f0   0x00000020   Data   RO         3611    Region$$Table       anon$$obj.o
    0x00004410   0x00004410   0x00000008   Data   RO          710    log_const_data      nrf_drv_clock.o
    0x00004418   0x00004418   0x00000008   Data   RO          936    log_const_data      nrf_drv_gpiote.o
    0x00004420   0x00004420   0x00000008   Data   RO         1171    log_const_data      nrf_drv_spi.o
    0x00004428   0x00004428   0x00000008   Data   RO         1301    log_const_data      nrf_drv_uart.o
    0x00004430   0x00004430   0x00000008   Data   RO         2087    log_const_data      nrf_balloc.o
    0x00004438   0x00004438   0x00000008   Data   RO         2227    log_const_data      nrf_gfx.o
    0x00004440   0x00004440   0x00000008   Data   RO         2438    log_const_data      nrf_pwr_mgmt.o
    0x00004448   0x00004448   0x00000008   Data   RO         2946    log_const_data      nrf_log_frontend.o


    Execution Region RW_IRAM1 (Exec base: 0x20000000, Load base: 0x00004450, Size: 0x00002e10, Max: 0x00040000, ABSOLUTE, COMPRESSED[0x00000074])

    Exec Addr    Load Addr    Size         Type   Attr      Idx    E Section Name        Object

    0x20000000   COMPRESSED   0x00000008   Data   RW           11    .data               main.o
    0x20000008   COMPRESSED   0x00000001   Data   RW           12    .data               main.o
    0x20000009   COMPRESSED   0x00000014   Data   RW          272    .data               st7565lcd.o
    0x2000001d   COMPRESSED   0x0000000c   Data   RW          273    .data               st7565lcd.o
    0x20000029   COMPRESSED   0x00000003   PAD
    0x2000002c   COMPRESSED   0x00000040   Data   RW          274    .data               st7565lcd.o
    0x2000006c   COMPRESSED   0x00000040   Data   RW          275    .data               st7565lcd.o
    0x200000ac   COMPRESSED   0x00000002   Data   RW          276    .data               st7565lcd.o
    0x200000ae   COMPRESSED   0x00000002   PAD
    0x200000b0   COMPRESSED   0x00000010   Data   RW          546    .data               bsp.o
    0x200000c0   COMPRESSED   0x00000014   Data   RW         1852    .data               app_timer.o
    0x200000d4   COMPRESSED   0x00000004   Data   RW         2000    .data               app_util_platform.o
    0x200000d8   COMPRESSED   0x00000008   Data   RW         2437    .data               nrf_pwr_mgmt.o
    0x200000e0   COMPRESSED   0x0000000c   Data   RW         2879    .data               nrf_log_default_backends.o
    0x200000ec   COMPRESSED   0x00000008   Data   RW         2944    .data               nrf_log_frontend.o
    0x200000f4   COMPRESSED   0x00000008   Data   RW         2945    .data               nrf_log_frontend.o
    0x200000fc   COMPRESSED   0x00000038   Data   RW         3108    .data               nrf_log_str_formatter.o
    0x20000134   COMPRESSED   0x00000004   Data   RW         3512    .data               system_nrf52840.o
    0x20000138   COMPRESSED   0x0000000c   Data   RW          711    log_dynamic_data    nrf_drv_clock.o
    0x20000144   COMPRESSED   0x0000000c   Data   RW          937    log_dynamic_data    nrf_drv_gpiote.o
    0x20000150   COMPRESSED   0x0000000c   Data   RW         1172    log_dynamic_data    nrf_drv_spi.o
    0x2000015c   COMPRESSED   0x0000000c   Data   RW         1302    log_dynamic_data    nrf_drv_uart.o
    0x20000168   COMPRESSED   0x0000000c   Data   RW         2088    log_dynamic_data    nrf_balloc.o
    0x20000174   COMPRESSED   0x0000000c   Data   RW         2228    log_dynamic_data    nrf_gfx.o
    0x20000180   COMPRESSED   0x0000000c   Data   RW         2439    log_dynamic_data    nrf_pwr_mgmt.o
    0x2000018c   COMPRESSED   0x0000000c   Data   RW         2947    log_dynamic_data    nrf_log_frontend.o
    0x20000198        -       0x00000020   Zero   RW            9    .bss                main.o
    0x200001b8        -       0x00000040   Zero   RW          265    .bss                st7565lcd.o
    0x200001f8        -       0x0000000c   Zero   RW          266    .bss                st7565lcd.o
    0x20000204        -       0x0000001c   Zero   RW          267    .bss                st7565lcd.o
    0x20000220        -       0x00000200   Zero   RW          268    .bss                st7565lcd.o
    0x20000420        -       0x00000020   Zero   RW          539    .bss                bsp.o
    0x20000440        -       0x00000020   Zero   RW          540    .bss                bsp.o
    0x20000460        -       0x0000000c   Zero   RW          541    .bss                bsp.o
    0x2000046c        -       0x00000020   Zero   RW          542    .bss                bsp.o
    0x2000048c        -       0x00000014   Zero   RW          704    .bss                nrf_drv_clock.o
    0x200004a0        -       0x00000068   Zero   RW          930    .bss                nrf_drv_gpiote.o
    0x20000508        -       0x00000024   Zero   RW         1167    .bss                nrf_drv_spi.o
    0x2000052c        -       0x00000020   Zero   RW         1299    .bss                nrf_drv_uart.o
    0x2000054c        -       0x0000010c   Zero   RW         1851    .bss                app_timer.o
    0x20000658        -       0x0000000c   Zero   RW         2433    .bss                nrf_pwr_mgmt.o
    0x20000664        -       0x00000040   Zero   RW         2767    .bss                nrf_log_backend_rtt.o
    0x200006a4        -       0x000000c0   Zero   RW         2938    .bss                nrf_log_frontend.o
    0x20000764        -       0x00000420   Zero   RW         2939    .bss                nrf_log_frontend.o
    0x20000b84        -       0x00000288   Zero   RW         3179    .bss                segger_rtt.o
    0x20000e0c   COMPRESSED   0x00000004   PAD
    0x20000e10        -       0x00002000   Zero   RW         3500    STACK               arm_startup_nrf52840.o


==============================================================================

Image component sizes


      Code (inc. data)   RO Data    RW Data    ZI Data      Debug   Object Name

        22          0          0          0          0       2125   app_error.o
       120         40          0          0          0      27393   app_error_weak.o
      1614        122          0         20        268      47687   app_timer.o
        44         10          0          4          0       3364   app_util_platform.o
        36          8        512          0       8192        936   arm_startup_nrf52840.o
       108         16          8          0          0       6849   boards.o
       208         28         44         16        108      10871   bsp.o
       734         94        110          9         32      63392   main.o
       152          0         15         12          0       3877   nrf_balloc.o
       344         30         14         12         20      20016   nrf_drv_clock.o
        56          0          0          0          0      29251   nrf_drv_common.o
       640         34         23         12        104      20154   nrf_drv_gpiote.o
       938         32         12         12         36      46456   nrf_drv_spi.o
       744          8         13         12         32      24570   nrf_drv_uart.o
        50          0          0          0          0       3541   nrf_fprintf.o
       850          4         16          0          0       5498   nrf_fprintf_format.o
      1668          0         12         12          0      15167   nrf_gfx.o
        74          8         12          0         64       5513   nrf_log_backend_rtt.o
       210          0          0          0          0      10263   nrf_log_backend_serial.o
        28          6          0         12          0       3202   nrf_log_default_backends.o
      1392         92         32         28       1248      29245   nrf_log_frontend.o
       506         66        102         56          0       5624   nrf_log_str_formatter.o
       494          0          0          0          0      11699   nrf_memobj.o
         0          0          0          0          0       1472   nrf_nvic.o
        92         18         53         20         12      41447   nrf_pwr_mgmt.o
       394          0          0          0          0       6062   nrf_queue.o
        46          0          0          0          0       2060   nrf_section_iter.o
       474         18         24          0          0      11085   nrf_spi_mngr.o
         0          0       2036          0          0        933   orkney8pts.o
       378         34          0          0        648       9122   segger_rtt.o
       640         52        348        162        616      32353   st7565lcd.o
       520         60          0          4          0       2579   system_nrf52840.o

    ----------------------------------------------------------------------
     13606        780       3432        408      11384     503806   Object Totals
         0          0         32          0          0          0   (incl. Generated)
        30          0         14          5          4          0   (incl. Padding)

    ----------------------------------------------------------------------

      Code (inc. data)   RO Data    RW Data    ZI Data      Debug   Library Member Name

        86          0          0          0          0          0   __dczerorl2.o
         8          4        133          0          0         68   ctype_o.o
         0          0          0          0          0          0   entry.o
         0          0          0          0          0          0   entry10a.o
         0          0          0          0          0          0   entry11a.o
         8          4          0          0          0          0   entry2.o
         4          0          0          0          0          0   entry5.o
         0          0          0          0          0          0   entry7b.o
         0          0          0          0          0          0   entry8b.o
         8          4          0          0          0          0   entry9a.o
        30          0          0          0          0          0   handlers.o
        36          8          0          0          0         68   init.o
        26          0          0          0          0         80   memcmp.o
        36          0          0          0          0         68   memcpya.o
        36          0          0          0          0        108   memseta.o
        18          0          0          0          0         68   strcpy.o
        14          0          0          0          0         68   strlen.o

    ----------------------------------------------------------------------
       314         20        136          0          0        528   Library Totals
         4          0          3          0          0          0   (incl. Padding)

    ----------------------------------------------------------------------

      Code (inc. data)   RO Data    RW Data    ZI Data      Debug   Library Name

       310         20        133          0          0        528   mc_w.l

    ----------------------------------------------------------------------
       314         20        136          0          0        528   Library Totals

    ----------------------------------------------------------------------

==============================================================================


      Code (inc. data)   RO Data    RW Data    ZI Data      Debug   

     13920        800       3568        408      11384     487762   Grand Totals
     13920        800       3568        116      11384     487762   ELF Image Totals (compressed)
     13920        800       3568        116          0          0   ROM Totals

==============================================================================

    Total RO  Size (Code + RO Data)                17488 (  17.08kB)
    Total RW  Size (RW Data + ZI Data)             11792 (  11.52kB)
    Total ROM Size (Code + RO Data + RW Data)      17604 (  17.19kB)

==============================================================================

